EVA2_3_DELETE_UPDATE

MySQL Shell 8.0.41

Copyright (c) 2016, 2025, Oracle and/or its affiliates.
Oracle is a registered trademark of Oracle Corporation and/or its affiliates.
Other names may be trademarks of their respective owners.

Type '\help' or '\?' for help; '\quit' to exit.
 MySQL  JS > \sql
Switching to SQL mode... Commands end with ;
 MySQL  SQL > \c --mc root@localhost
Creating a Classic session to 'root@localhost'
Fetching global names for auto-completion... Press ^C to stop.
Your MySQL connection id is 10
Server version: 8.0.41 MySQL Community Server - GPL
No default schema selected; type \use <schema> to set one.
 MySQL  localhost:3306 ssl  SQL > use tbe_eva2
MySQL Error 1049: Unknown database 'tbe_eva2'
 MySQL  localhost:3306 ssl  SQL > use tbe_eva2;
MySQL Error 1049: Unknown database 'tbe_eva2'
 MySQL  localhost:3306 ssl  SQL > use tbd_eva2;
Default schema set to `tbd_eva2`.
Fetching global names, object names from `tbd_eva2` for auto-completion... Press ^C to stop.
 MySQL  localhost:3306 ssl  tbd_eva2  SQL > show tables;
+--------------------+
| Tables_in_tbd_eva2 |
+--------------------+
| banco              |
| cliente            |
| direccioncliente   |
| tarjeta            |
| tarjetacliente     |
+--------------------+
5 rows in set (0.0075 sec)
 MySQL  localhost:3306 ssl  tbd_eva2  SQL > create table producto(
                                         -> productoid int not null auto_increment,
                                         -> nombre varchar (50) not null,
                                         -> precio decimal (7,2) not null,
                                         -> unidad varchar (20));
ERROR: 1075 (42000): Incorrect table definition; there can be only one auto column and it must be defined as a key
 MySQL  localhost:3306 ssl  tbd_eva2  SQL > create table producto( productoid int not null auto_increment key, nombre varchar (50) not null, precio decimal (7,2) not null, unidad varchar (20));
Query OK, 0 rows affected (0.0567 sec)
 MySQL  localhost:3306 ssl  tbd_eva2  SQL > desc cliente;
+-----------+-------------+------+-----+---------+----------------+
| Field     | Type        | Null | Key | Default | Extra          |
+-----------+-------------+------+-----+---------+----------------+
| ClienteID | int         | NO   | PRI | NULL    | auto_increment |
| Nombre    | varchar(50) | NO   |     | NULL    |                |
| Apellidos | varchar(50) | NO   |     | NULL    |                |
+-----------+-------------+------+-----+---------+----------------+
3 rows in set (0.0030 sec)
 MySQL  localhost:3306 ssl  tbd_eva2  SQL > create table venta(
                                         -> ventaid int not null key auto_increment,
                                         -> fecha_venta date,
                                         -> clienteid int not null,
                                         -> foreign key (clienteid)
                                         -> references cliente(clienteid)
                                         -> on delete cascade
                                         -> on update cascade);
Query OK, 0 rows affected (0.0434 sec)
 MySQL  localhost:3306 ssl  tbd_eva2  SQL > create table venta_detalle(
                                         -> ventadetalleid int not null key auto_incrementr,
                                         -> ventaid int not null,
                                         -> productoid int not null,
                                         -> cantidad int not null,
                                         -> foreign key (ventaid)
                                         -> references venta(ventaid)
                                         -> on delete cascade
                                         -> on update cascade,
                                         -> foreign ket (productoid)
                                         -> references producto(productoid)
                                         -> on delete cascade
                                         -> on update cascade);
ERROR: 1064 (42000): You have an error in your SQL syntax; check the manual that corresponds to your MySQL server version for the right syntax to use near 'auto_incrementr,
ventaid int not null,
productoid int not null,
cantidad int n' at line 2
 MySQL  localhost:3306 ssl  tbd_eva2  SQL > create table venta_detalle( ventadetalleid int not null key auto_incrementr,  ventaid int not null,  productoid int not null, cantidad int not null,  foreign key (ventaid) references venta(ventaid) on delete cascade on update cascade, foreign key (productoid) references producto(productoid) on delete cascade on update cascade);
ERROR: 1064 (42000): You have an error in your SQL syntax; check the manual that corresponds to your MySQL server version for the right syntax to use near 'auto_incrementr,  ventaid int not null,  productoid int not null, cantidad int n' at line 1
 MySQL  localhost:3306 ssl  tbd_eva2  SQL > create table venta_detalle( ventadetalleid int not null key auto_increment,  ventaid int not null,  productoid int not null, cantidad int not null,  foreign key (ventaid) references venta(ventaid) on delete cascade on update cascade, foreign key (productoid) references producto(productoid) on delete cascade on update cascade);
Query OK, 0 rows affected (0.0488 sec)
 MySQL  localhost:3306 ssl  tbd_eva2  SQL > show tavles;
ERROR: 1064 (42000): You have an error in your SQL syntax; check the manual that corresponds to your MySQL server version for the right syntax to use near 'tavles' at line 1
 MySQL  localhost:3306 ssl  tbd_eva2  SQL > show tables;
+--------------------+
| Tables_in_tbd_eva2 |
+--------------------+
| banco              |
| cliente            |
| direccioncliente   |
| producto           |
| tarjeta            |
| tarjetacliente     |
| venta              |
| venta_detalle      |
+--------------------+
8 rows in set (0.0024 sec)
 MySQL  localhost:3306 ssl  tbd_eva2  SQL > show create table venta_detalle;
+---------------+---------------------------------------------------------------------------------------------------------------------------------------------------------------------------------------------------------------------------------------------------------------------------------------------------------------------------------------------------------------------------------------------------------------------------------------------------------------------------------------------------------------------------------------------------------------------------------------------------------------+
| Table         | Create Table




                                                                                                  |
+---------------+---------------------------------------------------------------------------------------------------------------------------------------------------------------------------------------------------------------------------------------------------------------------------------------------------------------------------------------------------------------------------------------------------------------------------------------------------------------------------------------------------------------------------------------------------------------------------------------------------------------+
| venta_detalle | CREATE TABLE `venta_detalle` (
  `ventadetalleid` int NOT NULL AUTO_INCREMENT,
  `ventaid` int NOT NULL,
  `productoid` int NOT NULL,
  `cantidad` int NOT NULL,
  PRIMARY KEY (`ventadetalleid`),
  KEY `ventaid` (`ventaid`),
  KEY `productoid` (`productoid`),
  CONSTRAINT `venta_detalle_ibfk_1` FOREIGN KEY (`ventaid`) REFERENCES `venta` (`ventaid`) ON DELETE CASCADE ON UPDATE CASCADE,
  CONSTRAINT `venta_detalle_ibfk_2` FOREIGN KEY (`productoid`) REFERENCES `producto` (`productoid`) ON DELETE CASCADE ON UPDATE CASCADE
) ENGINE=InnoDB DEFAULT CHARSET=utf8mb4 COLLATE=utf8mb4_0900_ai_ci |
+---------------+---------------------------------------------------------------------------------------------------------------------------------------------------------------------------------------------------------------------------------------------------------------------------------------------------------------------------------------------------------------------------------------------------------------------------------------------------------------------------------------------------------------------------------------------------------------------------------------------------------------+
1 row in set (0.0052 sec)
 MySQL  localhost:3306 ssl  tbd_eva2  SQL > select * from cliente;
+-----------+--------+-----------+
| ClienteID | Nombre | Apellidos |
+-----------+--------+-----------+
|         1 | Juan   | Perez     |
|         2 | Pedro  | Paramo    |
|         3 | Arturo | Rubio     |
|         4 | Otro   | Cliente   |
+-----------+--------+-----------+
4 rows in set (0.0032 sec)
 MySQL  localhost:3306 ssl  tbd_eva2  SQL > desc producto;
+------------+--------------+------+-----+---------+----------------+
| Field      | Type         | Null | Key | Default | Extra          |
+------------+--------------+------+-----+---------+----------------+
| productoid | int          | NO   | PRI | NULL    | auto_increment |
| nombre     | varchar(50)  | NO   |     | NULL    |                |
| precio     | decimal(7,2) | NO   |     | NULL    |                |
| unidad     | varchar(20)  | YES  |     | NULL    |                |
+------------+--------------+------+-----+---------+----------------+
4 rows in set (0.0040 sec)
 MySQL  localhost:3306 ssl  tbd_eva2  SQL > insert into producto(nombre, precio, unidad)
                                         -> values('Laptop',32000.5,'Pieza'),
                                         -> ('Tablet',5000.45,'Pieza'),
                                         -> ('Escritorio', 40000.99, 'Pieza');
Query OK, 3 rows affected (0.0092 sec)

Records: 3  Duplicates: 0  Warnings: 0
 MySQL  localhost:3306 ssl  tbd_eva2  SQL > select * from producto;
+------------+------------+----------+--------+
| productoid | nombre     | precio   | unidad |
+------------+------------+----------+--------+
|          1 | Laptop     | 32000.50 | Pieza  |
|          2 | Tablet     |  5000.45 | Pieza  |
|          3 | Escritorio | 40000.99 | Pieza  |
+------------+------------+----------+--------+
3 rows in set (0.0014 sec)
 MySQL  localhost:3306 ssl  tbd_eva2  SQL > desc venta;
+-------------+------+------+-----+---------+----------------+
| Field       | Type | Null | Key | Default | Extra          |
+-------------+------+------+-----+---------+----------------+
| ventaid     | int  | NO   | PRI | NULL    | auto_increment |
| fecha_venta | date | YES  |     | NULL    |                |
| clienteid   | int  | NO   | MUL | NULL    |                |
+----------^C-+------+------+-----+--------- ('2025-03-06,1),('2025-11-04',2),('2023-05-07',1),('2024-12-25',3));
 MySQL  localhost:3306 ssl  tbd_eva2  SQL >  ('2025-03-06,1),('2025-11-04',2),('2023-05-07',1),('2024-12-25',3));
 MySQL  localhost:3306 ssl  tbd_eva2  SQL >  ('2025-03-06,1),('2025-11-04',2),('2023-05-07',1),('2024-12-25',3))
                                         ->  ('2025-03-06,1),('2025-11-04',2),('2023-05-07',1),('2024-12-25',3)
                                         ->  ('2025-03-06,1),('2025-11-04',2),('2023-05-07',1),('2024-12-25',3
                                         '>  ('2025-03-06,1),('2025-11-04',2),('2023-05-07',1),('2024-12-25',
                                         '>  ('2025-03-06,1),('2025-11-04',2),('2023-05-07',1),('2024-12-25'
 MySQL  localhost:3306 ssl  tbd_eva2  SQL >  ('2025-03-06,1),('2025-11-04',2),('2023-05-07',1),('2024-12-25
                                         ->  ('2025-03-06,1),('2025-11-04',2),('2023-05-07',1),('2024-12-2',3));
                                         '>  ('2025-03-06,1),('2025-11-04',2),('2023-05-07',1),('2024-12-
 MySQL  localhost:3306 ssl  tbd_eva2  SQL >  ('2025-03-06,1),('2025-11-04',2),('2023-05-07',1),('2024-12
                                         ->  ('2025-03-06,1),('2025-11-04',2),('2023-05-07',1),('2024-1


------------------------------

 MySQL  localhost:3306 ssl  tbd_eva2  SQL > show tables;
+--------------------+
| Tables_in_tbd_eva2 |
+--------------------+
| banco              |
| cliente            |
| direccioncliente   |
| producto           |
| tarjeta            |
| tarjetacliente     |
| venta              |
| venta_detalle      |
+--------------------+
8 rows in set (0.0025 sec)
 MySQL  localhost:3306 ssl  tbd_eva2  SQL > select * from producto;
+------------+------------+----------+--------+
| productoid | nombre     | precio   | unidad |
+------------+------------+----------+--------+
|          1 | Laptop     | 32000.50 | Pieza  |
|          2 | Tablet     |  5000.45 | Pieza  |
|          3 | Escritorio | 40000.99 | Pieza  |
+------------+------------+----------+--------+
3 rows in set (0.0015 sec)
 MySQL  localhost:3306 ssl  tbd_eva2  SQL > desc cliente;
+-----------+-------------+------+-----+---------+----------------+
| Field     | Type        | Null | Key | Default | Extra          |
+-----------+-------------+------+-----+---------+----------------+
| ClienteID | int         | NO   | PRI | NULL    | auto_increment |
| Nombre    | varchar(50) | NO   |     | NULL    |                |
| Apellidos | varchar(50) | NO   |     | NULL    |                |
+-----------+-------------+------+-----+---------+----------------+
3 rows in set (0.0023 sec)
 MySQL  localhost:3306 ssl  tbd_eva2  SQL > select * from venta;
Empty set (0.0045 sec)
 MySQL  localhost:3306 ssl  tbd_eva2  SQL > desc venta;
+-------------+------+------+-----+---------+----------------+
| Field       | Type | Null | Key | Default | Extra          |
+-------------+------+------+-----+---------+----------------+
| ventaid     | int  | NO   | PRI | NULL    | auto_increment |
| fecha_venta | date | YES  |     | NULL    |                |
| clienteid   | int  | NO   | MUL | NULL    |                |
+-------------+------+------+-----+---------+----------------+
3 rows in set (0.0033 sec)
 MySQL  localhost:3306 ssl  tbd_eva2  SQL > desc venta_detalle;
+----------------+------+------+-----+---------+----------------+
| Field          | Type | Null | Key | Default | Extra          |
+----------------+------+------+-----+---------+----------------+
| ventadetalleid | int  | NO   | PRI | NULL    | auto_increment |
| ventaid        | int  | NO   | MUL | NULL    |                |
| productoid     | int  | NO   | MUL | NULL    |                |
| cantidad       | int  | NO   |     | NULL    |                |
+----------------+------+------+-----+---------+----------------+
4 rows in set (0.0030 sec)
 MySQL  localhost:3306 ssl  tbd_eva2  SQL > show create table venta_detalle;
+---------------+---------------------------------------------------------------------------------------------------------------------------------------------------------------------------------------------------------------------------------------------------------------------------------------------------------------------------------------------------------------------------------------------------------------------------------------------------------------------------------------------------------------------------------------------------------------------------------------------------------------+
| Table         | Create Table



                                                                                                        |
+---------------+---------------------------------------------------------------------------------------------------------------------------------------------------------------------------------------------------------------------------------------------------------------------------------------------------------------------------------------------------------------------------------------------------------------------------------------------------------------------------------------------------------------------------------------------------------------------------------------------------------------+
| venta_detalle | CREATE TABLE `venta_detalle` (
  `ventadetalleid` int NOT NULL AUTO_INCREMENT,
  `ventaid` int NOT NULL,
  `productoid` int NOT NULL,
  `cantidad` int NOT NULL,
  PRIMARY KEY (`ventadetalleid`),
  KEY `ventaid` (`ventaid`),
  KEY `productoid` (`productoid`),
  CONSTRAINT `venta_detalle_ibfk_1` FOREIGN KEY (`ventaid`) REFERENCES `venta` (`ventaid`) ON DELETE CASCADE ON UPDATE CASCADE,
  CONSTRAINT `venta_detalle_ibfk_2` FOREIGN KEY (`productoid`) REFERENCES `producto` (`productoid`) ON DELETE CASCADE ON UPDATE CASCADE
) ENGINE=InnoDB DEFAULT CHARSET=utf8mb4 COLLATE=utf8mb4_0900_ai_ci |
+---------------+---------------------------------------------------------------------------------------------------------------------------------------------------------------------------------------------------------------------------------------------------------------------------------------------------------------------------------------------------------------------------------------------------------------------------------------------------------------------------------------------------------------------------------------------------------------------------------------------------------------+
1 row in set (0.0016 sec)
 MySQL  localhost:3306 ssl  tbd_eva2  SQL > show create table venta;
+-------+--------------------------------------------------------------------------------------------------------------------------------------------------------------------------------------------------------------------------------------------------------------------------------------------------------------------------------------------------------------------------------------------+
| Table | Create Table


           |
+-------+--------------------------------------------------------------------------------------------------------------------------------------------------------------------------------------------------------------------------------------------------------------------------------------------------------------------------------------------------------------------------------------------+
| venta | CREATE TABLE `venta` (
  `ventaid` int NOT NULL AUTO_INCREMENT,
  `fecha_venta` date DEFAULT NULL,
  `clienteid` int NOT NULL,
  PRIMARY KEY (`ventaid`),
  KEY `clienteid` (`clienteid`),
  CONSTRAINT `venta_ibfk_1` FOREIGN KEY (`clienteid`) REFERENCES `cliente` (`ClienteID`) ON DELETE CASCADE ON UPDATE CASCADE
) ENGINE=InnoDB DEFAULT CHARSET=utf8mb4 COLLATE=utf8mb4_0900_ai_ci |
+-------+--------------------------------------------------------------------------------------------------------------------------------------------------------------------------------------------------------------------------------------------------------------------------------------------------------------------------------------------------------------------------------------------+
1 row in set (0.0017 sec)
 MySQL  localhost:3306 ssl  tbd_eva2  SQL > select * from cliente;
+-----------+--------+-----------+
| ClienteID | Nombre | Apellidos |
+-----------+--------+-----------+
|         1 | Juan   | Perez     |
|         2 | Pedro  | Paramo    |
|         3 | Arturo | Rubio     |
|         4 | Otro   | Cliente   |
+-----------+--------+-----------+
4 rows in set (0.0016 sec)
 MySQL  localhost:3306 ssl  tbd_eva2  SQL > desc producto;
+------------+--------------+------+-----+---------+----------------+
| Field      | Type         | Null | Key | Default | Extra          |
+------------+--------------+------+-----+---------+----------------+
| productoid | int          | NO   | PRI | NULL    | auto_increment |
| nombre     | varchar(50)  | NO   |     | NULL    |                |
| precio     | decimal(7,2) | NO   |     | NULL    |                |
| unidad     | varchar(20)  | YES  |     | NULL    |                |
+------------+--------------+------+-----+---------+----------------+
4 rows in set (0.0028 sec)
 MySQL  localhost:3306 ssl  tbd_eva2  SQL > select * from producto;
+------------+------------+----------+--------+
| productoid | nombre     | precio   | unidad |
+------------+------------+----------+--------+
|          1 | Laptop     | 32000.50 | Pieza  |
|          2 | Tablet     |  5000.45 | Pieza  |
|          3 | Escritorio | 40000.99 | Pieza  |
+------------+------------+----------+--------+
3 rows in set (0.0011 sec)
 MySQL  localhost:3306 ssl  tbd_eva2  SQL > desc venta;
+-------------+------+------+-----+---------+----------------+
| Field       | Type | Null | Key | Default | Extra          |
+-------------+------+------+-----+---------+----------------+
| ventaid     | int  | NO   | PRI | NULL    | auto_increment |
| fecha_venta | date | YES  |     | NULL    |                |
| clienteid   | int  | NO   | MUL | NULL    |                |
+-------------+------+------+-----+---------+----------------+
3 rows in set (0.0026 sec)
 MySQL  localhost:3306 ssl  tbd_eva2  SQL > insert into venta(
  ^C                                     -> ('2025-03-06',1),('2025-11-04',2),('2024-10-12',1),('2025-05-12',3),('2025-06-22',11
 MySQL  localhost:3306 ssl  tbd_eva2  SQL > in^C25-03-06',1),('2025-11-04',2),('2024-10-12',1),('2025-05-12',3),('2025-06-22',11
 MySQL  localhost:3306 ssl  tbd_eva2  SQL > ^C2025-03-06',1),('2025-11-04',2),('2024-10-12',1),('2025-05-12',3),('2025-06-22',1
 MySQL  localhost:3306 ssl  tbd_eva2  SQL > ^C
 MySQL  localhost:3306 ssl  tbd_eva2  SQL > insert into venta(fecha_venta,clienteid) values
                                         -> ("2025-03-06",1),("2025-11-04",2),("2024-10-12",1),("2025-05-12",3),("2025-06-22",1);

Query OK, 5 rows affected (0.0069 sec)

Records: 5  Duplicates: 0  Warnings: 0
 MySQL  localhost:3306 ssl  tbd_eva2  SQL > insert into venta(fecha_venta,clienteid) values ("2025-03-06",6);
ERROR: 1452 (23000): Cannot add or update a child row: a foreign key constraint fails (`tbd_eva2`.`venta`, CONSTRAINT `venta_ibfk_1` FOREIGN KEY (`clienteid`) REFERENCES `cliente` (`ClienteID`) ON DELETE CASCADE ON UPDATE CASCADE)
 MySQL  localhost:3306 ssl  tbd_eva2  SQL > select * from venta;
+---------+-------------+-----------+
| ventaid | fecha_venta | clienteid |
+---------+-------------+-----------+
|       1 | 2025-03-06  |         1 |
|       2 | 2025-11-04  |         2 |
|       3 | 2024-10-12  |         1 |
|       4 | 2025-05-12  |         3 |
|       5 | 2025-06-22  |         1 |
+---------+-------------+-----------+
5 rows in set (0.0018 sec)
 MySQL  localhost:3306 ssl  tbd_eva2  SQL > desc venta_detalle;
+----------------+------+------+-----+---------+----------------+
| Field          | Type | Null | Key | Default | Extra          |
+----------------+------+------+-----+---------+----------------+
| ventadetalleid | int  | NO   | PRI | NULL    | auto_increment |
| ventaid        | int  | NO   | MUL | NULL    |                |
| productoid     | int  | NO   | MUL | NULL    |                |
| cantidad       | int  | NO   |     | NULL    |                |
+----------------+------+------+-----+---------+----------------+
4 rows in set (0.0037 sec)
 MySQL  localhost:3306 ssl  tbd_eva2  SQL > insert into venta_detalle(ventaid,productoid,cantidad) values (1,1,10),(1,2,3),(1,3,5),(2,1,8),(2,2,7),(3,3,1),(4,2,5),(1,2,2);
Query OK, 8 rows affected (0.0088 sec)

Records: 8  Duplicates: 0  Warnings: 0
 MySQL  localhost:3306 ssl  tbd_eva2  SQL > select * from venta_detalle;
+----------------+---------+------------+----------+
| ventadetalleid | ventaid | productoid | cantidad |
+----------------+---------+------------+----------+
|              1 |       1 |          1 |       10 |
|              2 |       1 |          2 |        3 |
|              3 |       1 |          3 |        5 |
|              4 |       2 |          1 |        8 |
|              5 |       2 |          2 |        7 |
|              6 |       3 |          3 |        1 |
|              7 |       4 |          2 |        5 |
|              8 |       1 |          2 |        2 |
+----------------+---------+------------+----------+
8 rows in set (0.0016 sec)
 MySQL  localhost:3306 ssl  tbd_eva2  SQL >

