EVA2_11_LEFT_JOIN

MySQL Shell 9.2.0

Copyright (c) 2016, 2025, Oracle and/or its affiliates.
Oracle is a registered trademark of Oracle Corporation and/or its affiliates.
Other names may be trademarks of their respective owners.

Type '\help' or '\?' for help; '\quit' to exit.
 MySQL  SQL > use sakila;
ERROR: Not connected.
 MySQL  SQL > \c mc-- root@localhost
Creating a session to 'root@localhost'
Fetching global names for auto-completion... Press ^C to stop.
Your MySQL connection id is 8
Server version: 9.1.0 MySQL Community Server - GPL
No default schema selected; type \use <schema> to set one.
 MySQL  localhost:3306 ssl  SQL > use sakila;
Default schema set to `sakila`.
Fetching global names, object names from `sakila` for auto-completion... Press ^C to stop.
 MySQL  localhost:3306 ssl  sakila  SQL > desc customer;
+-------------+-------------------+------+-----+-------------------+-----------------------------------------------+
| Field       | Type              | Null | Key | Default           | Extra                                         |
+-------------+-------------------+------+-----+-------------------+-----------------------------------------------+
| customer_id | smallint unsigned | NO   | PRI | NULL              | auto_increment                                |
| store_id    | tinyint unsigned  | NO   | MUL | NULL              |                                               |
| first_name  | varchar(45)       | NO   |     | NULL              |                                               |
| last_name   | varchar(45)       | NO   | MUL | NULL              |                                               |
| email       | varchar(50)       | YES  |     | NULL              |                                               |
| address_id  | smallint unsigned | NO   | MUL | NULL              |                                               |
| active      | tinyint(1)        | NO   |     | 1                 |                                               |
| create_date | datetime          | NO   |     | NULL              |                                               |
| last_update | timestamp         | YES  |     | CURRENT_TIMESTAMP | DEFAULT_GENERATED on update CURRENT_TIMESTAMP |
+-------------+-------------------+------+-----+-------------------+-----------------------------------------------+
9 rows in set (0.0037 sec)
 MySQL  localhost:3306 ssl  sakila  SQL > desc payment;
+--------------+-------------------+------+-----+-------------------+-----------------------------------------------+
| Field        | Type              | Null | Key | Default           | Extra                                         |
+--------------+-------------------+------+-----+-------------------+-----------------------------------------------+
| payment_id   | smallint unsigned | NO   | PRI | NULL              | auto_increment                                |
| customer_id  | smallint unsigned | NO   | MUL | NULL              |                                               |
| staff_id     | tinyint unsigned  | NO   | MUL | NULL              |                                               |
| rental_id    | int               | YES  | MUL | NULL              |                                               |
| amount       | decimal(5,2)      | NO   |     | NULL              |                                               |
| payment_date | datetime          | NO   |     | NULL              |                                               |
| last_update  | timestamp         | YES  |     | CURRENT_TIMESTAMP | DEFAULT_GENERATED on update CURRENT_TIMESTAMP |
+--------------+-------------------+------+-----+-------------------+-----------------------------------------------+
7 rows in set (0.0037 sec)
 MySQL  localhost:3306 ssl  sakila  SQL > select b.last_name b.first_name, a.amount
                                       -> from payment a
                                       -> inner join customer b
                                       -> on a.customer_id = b.customer_id
                                       -> limit 200;
ERROR: 1064 (42000): You have an error in your SQL syntax; check the manual that corresponds to your MySQL server version for the right syntax to use near '.first_name, a.amount
from payment a
inner join customer b
on a.customer_id = b.' at line 1
 MySQL  localhost:3306 ssl  sakila  SQL > select b.last_name, b.first_name, a.amount from payment a inner join customer b on a.customer_id = b.customer_id limit 200;
+-----------+------------+--------+
| last_name | first_name | amount |
+-----------+------------+--------+
| SMITH     | MARY       |   2.99 |
| SMITH     | MARY       |   0.99 |
| SMITH     | MARY       |   5.99 |
| SMITH     | MARY       |   0.99 |
| SMITH     | MARY       |   9.99 |
| SMITH     | MARY       |   4.99 |
| SMITH     | MARY       |   4.99 |
| SMITH     | MARY       |   0.99 |
| SMITH     | MARY       |   3.99 |
| SMITH     | MARY       |   5.99 |
| SMITH     | MARY       |   5.99 |
| SMITH     | MARY       |   4.99 |
| SMITH     | MARY       |   4.99 |
| SMITH     | MARY       |   7.99 |
| SMITH     | MARY       |   2.99 |
| SMITH     | MARY       |   4.99 |
| SMITH     | MARY       |   4.99 |
| SMITH     | MARY       |   0.99 |
| SMITH     | MARY       |   0.99 |
| SMITH     | MARY       |   2.99 |
| SMITH     | MARY       |   2.99 |
| SMITH     | MARY       |   4.99 |
| SMITH     | MARY       |   3.99 |
| SMITH     | MARY       |   0.99 |
| SMITH     | MARY       |   4.99 |
| SMITH     | MARY       |   0.99 |
| SMITH     | MARY       |   0.99 |
| SMITH     | MARY       |   2.99 |
| SMITH     | MARY       |   0.99 |
| SMITH     | MARY       |   1.99 |
| SMITH     | MARY       |   2.99 |
| SMITH     | MARY       |   5.99 |
| JOHNSON   | PATRICIA   |   4.99 |
| JOHNSON   | PATRICIA   |   2.99 |
| JOHNSON   | PATRICIA   |   2.99 |
| JOHNSON   | PATRICIA   |   6.99 |
| JOHNSON   | PATRICIA   |   4.99 |
| JOHNSON   | PATRICIA   |   5.99 |
| JOHNSON   | PATRICIA   |   5.99 |
| JOHNSON   | PATRICIA   |   5.99 |
| JOHNSON   | PATRICIA   |   2.99 |
| JOHNSON   | PATRICIA   |   5.99 |
| JOHNSON   | PATRICIA   |   4.99 |
| JOHNSON   | PATRICIA   |  10.99 |
| JOHNSON   | PATRICIA   |   0.99 |
| JOHNSON   | PATRICIA   |   6.99 |
| JOHNSON   | PATRICIA   |   6.99 |
| JOHNSON   | PATRICIA   |   2.99 |
| JOHNSON   | PATRICIA   |   0.99 |
| JOHNSON   | PATRICIA   |   0.99 |
| JOHNSON   | PATRICIA   |   5.99 |
| JOHNSON   | PATRICIA   |   6.99 |
| JOHNSON   | PATRICIA   |   2.99 |
| JOHNSON   | PATRICIA   |   2.99 |
| JOHNSON   | PATRICIA   |   2.99 |
| JOHNSON   | PATRICIA   |   4.99 |
| JOHNSON   | PATRICIA   |   5.99 |
| JOHNSON   | PATRICIA   |   4.99 |
| JOHNSON   | PATRICIA   |   4.99 |
| WILLIAMS  | LINDA      |   1.99 |
| WILLIAMS  | LINDA      |   2.99 |
| WILLIAMS  | LINDA      |   8.99 |
| WILLIAMS  | LINDA      |   6.99 |
| WILLIAMS  | LINDA      |   6.99 |
| WILLIAMS  | LINDA      |   2.99 |
| WILLIAMS  | LINDA      |   4.99 |
| WILLIAMS  | LINDA      |   4.99 |
| WILLIAMS  | LINDA      |   5.99 |
| WILLIAMS  | LINDA      |  10.99 |
| WILLIAMS  | LINDA      |   7.99 |
| WILLIAMS  | LINDA      |   6.99 |
| WILLIAMS  | LINDA      |   4.99 |
| WILLIAMS  | LINDA      |   4.99 |
| WILLIAMS  | LINDA      |   2.99 |
| WILLIAMS  | LINDA      |   1.99 |
| WILLIAMS  | LINDA      |   3.99 |
| WILLIAMS  | LINDA      |   2.99 |
| WILLIAMS  | LINDA      |   4.99 |
| WILLIAMS  | LINDA      |   5.99 |
| WILLIAMS  | LINDA      |   4.99 |
| WILLIAMS  | LINDA      |   8.99 |
| WILLIAMS  | LINDA      |   2.99 |
| WILLIAMS  | LINDA      |   8.99 |
| WILLIAMS  | LINDA      |   0.99 |
| WILLIAMS  | LINDA      |   2.99 |
| JONES     | BARBARA    |   4.99 |
| JONES     | BARBARA    |   0.99 |
| JONES     | BARBARA    |   2.99 |
| JONES     | BARBARA    |   0.99 |
| JONES     | BARBARA    |   0.99 |
| JONES     | BARBARA    |   5.99 |
| JONES     | BARBARA    |   2.99 |
| JONES     | BARBARA    |   2.99 |
| JONES     | BARBARA    |   3.99 |
| JONES     | BARBARA    |   5.99 |
| JONES     | BARBARA    |   5.99 |
| JONES     | BARBARA    |   0.99 |
| JONES     | BARBARA    |   2.99 |
| JONES     | BARBARA    |   4.99 |
| JONES     | BARBARA    |   2.99 |
| JONES     | BARBARA    |   8.99 |
| JONES     | BARBARA    |   1.99 |
| JONES     | BARBARA    |   2.99 |
| JONES     | BARBARA    |   6.99 |
| JONES     | BARBARA    |   4.99 |
| JONES     | BARBARA    |   2.99 |
| JONES     | BARBARA    |   1.99 |
| BROWN     | ELIZABETH  |   0.99 |
| BROWN     | ELIZABETH  |   6.99 |
| BROWN     | ELIZABETH  |   1.99 |
| BROWN     | ELIZABETH  |   3.99 |
| BROWN     | ELIZABETH  |   2.99 |
| BROWN     | ELIZABETH  |   4.99 |
| BROWN     | ELIZABETH  |   2.99 |
| BROWN     | ELIZABETH  |   4.99 |
| BROWN     | ELIZABETH  |   4.99 |
| BROWN     | ELIZABETH  |   2.99 |
| BROWN     | ELIZABETH  |   4.99 |
| BROWN     | ELIZABETH  |   5.99 |
| BROWN     | ELIZABETH  |   1.99 |
| BROWN     | ELIZABETH  |   0.99 |
| BROWN     | ELIZABETH  |   8.99 |
| BROWN     | ELIZABETH  |   3.99 |
| BROWN     | ELIZABETH  |   4.99 |
| BROWN     | ELIZABETH  |   0.99 |
| BROWN     | ELIZABETH  |   0.99 |
| BROWN     | ELIZABETH  |   3.99 |
| BROWN     | ELIZABETH  |   2.99 |
| BROWN     | ELIZABETH  |   1.99 |
| BROWN     | ELIZABETH  |   4.99 |
| BROWN     | ELIZABETH  |   3.99 |
| BROWN     | ELIZABETH  |   4.99 |
| BROWN     | ELIZABETH  |   0.99 |
| BROWN     | ELIZABETH  |   4.99 |
| BROWN     | ELIZABETH  |   4.99 |
| BROWN     | ELIZABETH  |   3.99 |
| BROWN     | ELIZABETH  |   9.99 |
| BROWN     | ELIZABETH  |   2.99 |
| BROWN     | ELIZABETH  |   1.99 |
| BROWN     | ELIZABETH  |   0.99 |
| BROWN     | ELIZABETH  |   6.99 |
| BROWN     | ELIZABETH  |   6.99 |
| BROWN     | ELIZABETH  |   2.99 |
| BROWN     | ELIZABETH  |   0.99 |
| BROWN     | ELIZABETH  |   0.99 |
| DAVIS     | JENNIFER   |   4.99 |
| DAVIS     | JENNIFER   |   2.99 |
| DAVIS     | JENNIFER   |   0.99 |
| DAVIS     | JENNIFER   |   3.99 |
| DAVIS     | JENNIFER   |   2.99 |
| DAVIS     | JENNIFER   |   0.99 |
| DAVIS     | JENNIFER   |   0.99 |
| DAVIS     | JENNIFER   |   0.99 |
| DAVIS     | JENNIFER   |   2.99 |
| DAVIS     | JENNIFER   |   0.99 |
| DAVIS     | JENNIFER   |   5.99 |
| DAVIS     | JENNIFER   |   7.99 |
| DAVIS     | JENNIFER   |   0.99 |
| DAVIS     | JENNIFER   |   2.99 |
| DAVIS     | JENNIFER   |   2.99 |
| DAVIS     | JENNIFER   |   0.99 |
| DAVIS     | JENNIFER   |   2.99 |
| DAVIS     | JENNIFER   |   2.99 |
| DAVIS     | JENNIFER   |   3.99 |
| DAVIS     | JENNIFER   |   6.99 |
| DAVIS     | JENNIFER   |   0.99 |
| DAVIS     | JENNIFER   |   0.99 |
| DAVIS     | JENNIFER   |   2.99 |
| DAVIS     | JENNIFER   |   6.99 |
| DAVIS     | JENNIFER   |   7.99 |
| DAVIS     | JENNIFER   |   4.99 |
| DAVIS     | JENNIFER   |   5.99 |
| DAVIS     | JENNIFER   |   0.99 |
| MILLER    | MARIA      |   5.99 |
| MILLER    | MARIA      |   0.99 |
| MILLER    | MARIA      |   2.99 |
| MILLER    | MARIA      |   4.99 |
| MILLER    | MARIA      |   5.99 |
| MILLER    | MARIA      |   0.99 |
| MILLER    | MARIA      |   2.99 |
| MILLER    | MARIA      |   0.99 |
| MILLER    | MARIA      |   4.99 |
| MILLER    | MARIA      |   0.99 |
| MILLER    | MARIA      |   5.99 |
| MILLER    | MARIA      |   2.99 |
| MILLER    | MARIA      |   5.99 |
| MILLER    | MARIA      |   4.99 |
| MILLER    | MARIA      |   8.99 |
| MILLER    | MARIA      |   7.99 |
| MILLER    | MARIA      |   1.99 |
| MILLER    | MARIA      |   2.99 |
| MILLER    | MARIA      |   3.99 |
| MILLER    | MARIA      |   5.99 |
| MILLER    | MARIA      |   7.99 |
| MILLER    | MARIA      |   6.99 |
| MILLER    | MARIA      |   5.99 |
| MILLER    | MARIA      |   4.99 |
| MILLER    | MARIA      |   4.99 |
| MILLER    | MARIA      |   3.99 |
| MILLER    | MARIA      |   7.99 |
+-----------+------------+--------+
200 rows in set (0.0406 sec)
 MySQL  localhost:3306 ssl  sakila  SQL > select b.last_name, b.first_name, a.amount from payment a inner join customer b on a.customer_id = b.customer_id order by b.last_name, b.first_name limit 200;
+-----------+------------+--------+
| last_name | first_name | amount |
+-----------+------------+--------+
| ABNEY     | RAFAEL     |   2.99 |
| ABNEY     | RAFAEL     |   2.99 |
| ABNEY     | RAFAEL     |   5.99 |
| ABNEY     | RAFAEL     |   4.99 |
| ABNEY     | RAFAEL     |   7.99 |
| ABNEY     | RAFAEL     |   5.99 |
| ABNEY     | RAFAEL     |   5.99 |
| ABNEY     | RAFAEL     |   6.99 |
| ABNEY     | RAFAEL     |   9.99 |
| ABNEY     | RAFAEL     |   4.99 |
| ABNEY     | RAFAEL     |   0.99 |
| ABNEY     | RAFAEL     |   4.99 |
| ABNEY     | RAFAEL     |   5.99 |
| ABNEY     | RAFAEL     |   2.99 |
| ABNEY     | RAFAEL     |   0.99 |
| ABNEY     | RAFAEL     |   2.99 |
| ABNEY     | RAFAEL     |   3.99 |
| ABNEY     | RAFAEL     |   2.99 |
| ABNEY     | RAFAEL     |   2.99 |
| ABNEY     | RAFAEL     |   4.99 |
| ABNEY     | RAFAEL     |   4.99 |
| ADAM      | NATHANIEL  |   5.99 |
| ADAM      | NATHANIEL  |   4.99 |
| ADAM      | NATHANIEL  |   4.99 |
| ADAM      | NATHANIEL  |   1.99 |
| ADAM      | NATHANIEL  |   6.99 |
| ADAM      | NATHANIEL  |   9.99 |
| ADAM      | NATHANIEL  |   6.99 |
| ADAM      | NATHANIEL  |   5.99 |
| ADAM      | NATHANIEL  |   0.99 |
| ADAM      | NATHANIEL  |   6.99 |
| ADAM      | NATHANIEL  |   3.99 |
| ADAM      | NATHANIEL  |   2.99 |
| ADAM      | NATHANIEL  |   2.99 |
| ADAM      | NATHANIEL  |   1.99 |
| ADAM      | NATHANIEL  |   4.99 |
| ADAM      | NATHANIEL  |   9.99 |
| ADAM      | NATHANIEL  |   0.99 |
| ADAM      | NATHANIEL  |   3.99 |
| ADAM      | NATHANIEL  |   2.99 |
| ADAM      | NATHANIEL  |   1.99 |
| ADAM      | NATHANIEL  |   2.99 |
| ADAM      | NATHANIEL  |   2.99 |
| ADAM      | NATHANIEL  |   2.99 |
| ADAM      | NATHANIEL  |   5.99 |
| ADAM      | NATHANIEL  |   4.99 |
| ADAM      | NATHANIEL  |   6.99 |
| ADAM      | NATHANIEL  |   8.99 |
| ADAM      | NATHANIEL  |   4.99 |
| ADAMS     | KATHLEEN   |   0.99 |
| ADAMS     | KATHLEEN   |   0.99 |
| ADAMS     | KATHLEEN   |   0.99 |
| ADAMS     | KATHLEEN   |   0.99 |
| ADAMS     | KATHLEEN   |   4.99 |
| ADAMS     | KATHLEEN   |   4.99 |
| ADAMS     | KATHLEEN   |   0.99 |
| ADAMS     | KATHLEEN   |   0.99 |
| ADAMS     | KATHLEEN   |   6.99 |
| ADAMS     | KATHLEEN   |   0.99 |
| ADAMS     | KATHLEEN   |   6.99 |
| ADAMS     | KATHLEEN   |   0.99 |
| ADAMS     | KATHLEEN   |   2.99 |
| ADAMS     | KATHLEEN   |   4.99 |
| ADAMS     | KATHLEEN   |   2.99 |
| ADAMS     | KATHLEEN   |   0.99 |
| ADAMS     | KATHLEEN   |   2.99 |
| ADAMS     | KATHLEEN   |   2.99 |
| ADAMS     | KATHLEEN   |   0.99 |
| ADAMS     | KATHLEEN   |   6.99 |
| ADAMS     | KATHLEEN   |   4.99 |
| ADAMS     | KATHLEEN   |   4.99 |
| ADAMS     | KATHLEEN   |   2.99 |
| ADAMS     | KATHLEEN   |   1.99 |
| ADAMS     | KATHLEEN   |   4.99 |
| ADAMS     | KATHLEEN   |   9.99 |
| ADAMS     | KATHLEEN   |   4.99 |
| ALEXANDER | DIANA      |   3.99 |
| ALEXANDER | DIANA      |   7.99 |
| ALEXANDER | DIANA      |   0.99 |
| ALEXANDER | DIANA      |   0.99 |
| ALEXANDER | DIANA      |   5.99 |
| ALEXANDER | DIANA      |   0.99 |
| ALEXANDER | DIANA      |   0.99 |
| ALEXANDER | DIANA      |   2.99 |
| ALEXANDER | DIANA      |   2.99 |
| ALEXANDER | DIANA      |   4.99 |
| ALEXANDER | DIANA      |   0.99 |
| ALEXANDER | DIANA      |   4.99 |
| ALEXANDER | DIANA      |   2.99 |
| ALEXANDER | DIANA      |   4.99 |
| ALEXANDER | DIANA      |   6.99 |
| ALEXANDER | DIANA      |   3.99 |
| ALEXANDER | DIANA      |   4.99 |
| ALEXANDER | DIANA      |   3.99 |
| ALEXANDER | DIANA      |   4.99 |
| ALEXANDER | DIANA      |   4.99 |
| ALEXANDER | DIANA      |   3.99 |
| ALEXANDER | DIANA      |   4.99 |
| ALEXANDER | DIANA      |   4.99 |
| ALEXANDER | DIANA      |   0.99 |
| ALEXANDER | DIANA      |   4.99 |
| ALEXANDER | DIANA      |   3.99 |
| ALEXANDER | DIANA      |   4.99 |
| ALLARD    | GORDON     |   2.99 |
| ALLARD    | GORDON     |   0.99 |
| ALLARD    | GORDON     |   0.99 |
| ALLARD    | GORDON     |   7.99 |
| ALLARD    | GORDON     |   5.99 |
| ALLARD    | GORDON     |   4.99 |
| ALLARD    | GORDON     |   4.99 |
| ALLARD    | GORDON     |   4.99 |
| ALLARD    | GORDON     |   6.99 |
| ALLARD    | GORDON     |   4.99 |
| ALLARD    | GORDON     |   3.99 |
| ALLARD    | GORDON     |   2.99 |
| ALLARD    | GORDON     |   4.99 |
| ALLARD    | GORDON     |  10.99 |
| ALLARD    | GORDON     |   5.99 |
| ALLARD    | GORDON     |   4.99 |
| ALLARD    | GORDON     |   8.99 |
| ALLARD    | GORDON     |   6.99 |
| ALLARD    | GORDON     |   5.99 |
| ALLARD    | GORDON     |   2.99 |
| ALLARD    | GORDON     |   4.99 |
| ALLARD    | GORDON     |   0.99 |
| ALLARD    | GORDON     |   4.99 |
| ALLARD    | GORDON     |   1.99 |
| ALLARD    | GORDON     |   2.99 |
| ALLARD    | GORDON     |   0.99 |
| ALLARD    | GORDON     |   3.99 |
| ALLARD    | GORDON     |   8.99 |
| ALLARD    | GORDON     |  10.99 |
| ALLARD    | GORDON     |   4.99 |
| ALLARD    | GORDON     |   4.99 |
| ALLARD    | GORDON     |   4.99 |
| ALLEN     | SHIRLEY    |   2.99 |
| ALLEN     | SHIRLEY    |   4.99 |
| ALLEN     | SHIRLEY    |   4.99 |
| ALLEN     | SHIRLEY    |   2.99 |
| ALLEN     | SHIRLEY    |   3.99 |
| ALLEN     | SHIRLEY    |   2.99 |
| ALLEN     | SHIRLEY    |   4.99 |
| ALLEN     | SHIRLEY    |   1.99 |
| ALLEN     | SHIRLEY    |   3.99 |
| ALLEN     | SHIRLEY    |   0.99 |
| ALLEN     | SHIRLEY    |   5.99 |
| ALLEN     | SHIRLEY    |   0.99 |
| ALLEN     | SHIRLEY    |   4.99 |
| ALLEN     | SHIRLEY    |   0.99 |
| ALLEN     | SHIRLEY    |   5.99 |
| ALLEN     | SHIRLEY    |   4.99 |
| ALLEN     | SHIRLEY    |   1.99 |
| ALLEN     | SHIRLEY    |   0.99 |
| ALLEN     | SHIRLEY    |   5.99 |
| ALLEN     | SHIRLEY    |   7.99 |
| ALLEN     | SHIRLEY    |   4.99 |
| ALLEN     | SHIRLEY    |   7.99 |
| ALLEN     | SHIRLEY    |   4.99 |
| ALLEN     | SHIRLEY    |   0.99 |
| ALLEN     | SHIRLEY    |   8.99 |
| ALLEN     | SHIRLEY    |   6.99 |
| ALLEN     | SHIRLEY    |   5.99 |
| ALLEN     | SHIRLEY    |   0.99 |
| ALLEN     | SHIRLEY    |   2.99 |
| ALLEN     | SHIRLEY    |   4.99 |
| ALLEN     | SHIRLEY    |   0.99 |
| ALVAREZ   | CHARLENE   |   0.99 |
| ALVAREZ   | CHARLENE   |   3.99 |
| ALVAREZ   | CHARLENE   |   0.99 |
| ALVAREZ   | CHARLENE   |   2.99 |
| ALVAREZ   | CHARLENE   |   2.99 |
| ALVAREZ   | CHARLENE   |   2.99 |
| ALVAREZ   | CHARLENE   |   0.99 |
| ALVAREZ   | CHARLENE   |   0.99 |
| ALVAREZ   | CHARLENE   |   8.99 |
| ALVAREZ   | CHARLENE   |   9.99 |
| ALVAREZ   | CHARLENE   |   2.99 |
| ALVAREZ   | CHARLENE   |   4.99 |
| ALVAREZ   | CHARLENE   |   7.99 |
| ALVAREZ   | CHARLENE   |  10.99 |
| ALVAREZ   | CHARLENE   |   2.99 |
| ALVAREZ   | CHARLENE   |   4.99 |
| ALVAREZ   | CHARLENE   |   4.99 |
| ALVAREZ   | CHARLENE   |   0.99 |
| ALVAREZ   | CHARLENE   |   3.99 |
| ALVAREZ   | CHARLENE   |   4.99 |
| ALVAREZ   | CHARLENE   |   2.99 |
| ALVAREZ   | CHARLENE   |   4.99 |
| ALVAREZ   | CHARLENE   |   4.99 |
| ALVAREZ   | CHARLENE   |   2.99 |
| ALVAREZ   | CHARLENE   |   2.99 |
| ALVAREZ   | CHARLENE   |   4.99 |
| ALVAREZ   | CHARLENE   |   4.99 |
| ANDERSON  | LISA       |   6.99 |
| ANDERSON  | LISA       |   6.99 |
| ANDERSON  | LISA       |   7.99 |
| ANDERSON  | LISA       |   0.99 |
| ANDERSON  | LISA       |   2.99 |
| ANDERSON  | LISA       |   4.99 |
| ANDERSON  | LISA       |   5.99 |
+-----------+------------+--------+
200 rows in set (0.0069 sec)
 MySQL  localhost:3306 ssl  sakila  SQL > show create payment;
ERROR: 1064 (42000): You have an error in your SQL syntax; check the manual that corresponds to your MySQL server version for the right syntax to use near 'payment' at line 1
 MySQL  localhost:3306 ssl  sakila  SQL > desc address;
+-------------+-------------------+------+-----+-------------------+-----------------------------------------------+
| Field       | Type              | Null | Key | Default           | Extra                                         |
+-------------+-------------------+------+-----+-------------------+-----------------------------------------------+
| address_id  | smallint unsigned | NO   | PRI | NULL              | auto_increment                                |
| address     | varchar(50)       | NO   |     | NULL              |                                               |
| address2    | varchar(50)       | YES  |     | NULL              |                                               |
| district    | varchar(20)       | NO   |     | NULL              |                                               |
| city_id     | smallint unsigned | NO   | MUL | NULL              |                                               |
| postal_code | varchar(10)       | YES  |     | NULL              |                                               |
| phone       | varchar(20)       | NO   |     | NULL              |                                               |
| location    | geometry          | NO   | MUL | NULL              |                                               |
| last_update | timestamp         | NO   |     | CURRENT_TIMESTAMP | DEFAULT_GENERATED on update CURRENT_TIMESTAMP |
+-------------+-------------------+------+-----+-------------------+-----------------------------------------------+
9 rows in set (0.0158 sec)
 MySQL  localhost:3306 ssl  sakila  SQL > desc address;
+-------------+-------------------+------+-----+-------------------+-----------------------------------------------+
| Field       | Type              | Null | Key | Default           | Extra                                         |
+-------------+-------------------+------+-----+-------------------+-----------------------------------------------+
| address_id  | smallint unsigned | NO   | PRI | NULL              | auto_increment                                |
| address     | varchar(50)       | NO   |     | NULL              |                                               |
| address2    | varchar(50)       | YES  |     | NULL              |                                               |
| district    | varchar(20)       | NO   |     | NULL              |                                               |
| city_id     | smallint unsigned | NO   | MUL | NULL              |                                               |
| postal_code | varchar(10)       | YES  |     | NULL              |                                               |
| phone       | varchar(20)       | NO   |     | NULL              |                                               |
| location    | geometry          | NO   | MUL | NULL              |                                               |
| last_update | timestamp         | NO   |     | CURRENT_TIMESTAMP | DEFAULT_GENERATED on update CURRENT_TIMESTAMP |
+-------------+-------------------+------+-----+-------------------+-----------------------------------------------+
9 rows in set (0.0032 sec)
 MySQL  localhost:3306 ssl  sakila  SQL > desc store;
+------------------+-------------------+------+-----+-------------------+-----------------------------------------------+
| Field            | Type              | Null | Key | Default           | Extra                                         |
+------------------+-------------------+------+-----+-------------------+-----------------------------------------------+
| store_id         | tinyint unsigned  | NO   | PRI | NULL              | auto_increment                                |
| manager_staff_id | tinyint unsigned  | NO   | UNI | NULL              |                                               |
| address_id       | smallint unsigned | NO   | MUL | NULL              |                                               |
| last_update      | timestamp         | NO   |     | CURRENT_TIMESTAMP | DEFAULT_GENERATED on update CURRENT_TIMESTAMP |
+------------------+-------------------+------+-----+-------------------+-----------------------------------------------+
4 rows in set (0.0047 sec)
 MySQL  localhost:3306 ssl  sakila  SQL > select a.store_id, b.address, b.address2,
                                       -> b.postal_code, b.phone
                                       -> from store a
                                       -> inner join addres b
                                       -> on a.address_id = b.address_id
                                       -> limit 50;
ERROR: 1146 (42S02): Table 'sakila.addres' doesn't exist
 MySQL  localhost:3306 ssl  sakila  SQL > select a.store_id, b.address, b.address2, b.postal_code, b.phone from store a inner join address b on a.address_id = b.address_id limit 50;
+----------+--------------------+----------+-------------+-------+
| store_id | address            | address2 | postal_code | phone |
+----------+--------------------+----------+-------------+-------+
|        1 | 47 MySakila Drive  | NULL     |             |       |
|        2 | 28 MySQL Boulevard | NULL     |             |       |
+----------+--------------------+----------+-------------+-------+
2 rows in set (0.0086 sec)
 MySQL  localhost:3306 ssl  sakila  SQL > desc customer;
+-------------+-------------------+------+-----+-------------------+-----------------------------------------------+
| Field       | Type              | Null | Key | Default           | Extra                                         |
+-------------+-------------------+------+-----+-------------------+-----------------------------------------------+
| customer_id | smallint unsigned | NO   | PRI | NULL              | auto_increment                                |
| store_id    | tinyint unsigned  | NO   | MUL | NULL              |                                               |
| first_name  | varchar(45)       | NO   |     | NULL              |                                               |
| last_name   | varchar(45)       | NO   | MUL | NULL              |                                               |
| email       | varchar(50)       | YES  |     | NULL              |                                               |
| address_id  | smallint unsigned | NO   | MUL | NULL              |                                               |
| active      | tinyint(1)        | NO   |     | 1                 |                                               |
| create_date | datetime          | NO   |     | NULL              |                                               |
| last_update | timestamp         | YES  |     | CURRENT_TIMESTAMP | DEFAULT_GENERATED on update CURRENT_TIMESTAMP |
+-------------+-------------------+------+-----+-------------------+-----------------------------------------------+
9 rows in set (0.0035 sec)
 MySQL  localhost:3306 ssl  sakila  SQL > select a.first_name, a.last_name, b.address, b.address2, b.postal_code, b.phone from customer a inner join address b on a.address_id = b.address_id limit 50;
+------------+-----------+---------------------------------------+----------+-------------+--------------+
| first_name | last_name | address                               | address2 | postal_code | phone        |
+------------+-----------+---------------------------------------+----------+-------------+--------------+
| MARY       | SMITH     | 1913 Hanoi Way                        |          | 35200       | 28303384290  |
| PATRICIA   | JOHNSON   | 1121 Loja Avenue                      |          | 17886       | 838635286649 |
| LINDA      | WILLIAMS  | 692 Joliet Street                     |          | 83579       | 448477190408 |
| BARBARA    | JONES     | 1566 Inegöl Manor                     |          | 53561       | 705814003527 |
| ELIZABETH  | BROWN     | 53 Idfu Parkway                       |          | 42399       | 10655648674  |
| JENNIFER   | DAVIS     | 1795 Santiago de Compostela Way       |          | 18743       | 860452626434 |
| MARIA      | MILLER    | 900 Santiago de Compostela Parkway    |          | 93896       | 716571220373 |
| SUSAN      | WILSON    | 478 Joliet Way                        |          | 77948       | 657282285970 |
| MARGARET   | MOORE     | 613 Korolev Drive                     |          | 45844       | 380657522649 |
| DOROTHY    | TAYLOR    | 1531 Salé Drive                       |          | 53628       | 648856936185 |
| LISA       | ANDERSON  | 1542 Tarlac Parkway                   |          | 1027        | 635297277345 |
| NANCY      | THOMAS    | 808 Bhopal Manor                      |          | 10672       | 465887807014 |
| KAREN      | JACKSON   | 270 Amroha Parkway                    |          | 29610       | 695479687538 |
| BETTY      | WHITE     | 770 Bydgoszcz Avenue                  |          | 16266       | 517338314235 |
| HELEN      | HARRIS    | 419 Iligan Lane                       |          | 72878       | 990911107354 |
| SANDRA     | MARTIN    | 360 Toulouse Parkway                  |          | 54308       | 949312333307 |
| DONNA      | THOMPSON  | 270 Toulon Boulevard                  |          | 81766       | 407752414682 |
| CAROL      | GARCIA    | 320 Brest Avenue                      |          | 43331       | 747791594069 |
| RUTH       | MARTINEZ  | 1417 Lancaster Avenue                 |          | 72192       | 272572357893 |
| SHARON     | ROBINSON  | 1688 Okara Way                        |          | 21954       | 144453869132 |
| MICHELLE   | CLARK     | 262 A Coruña (La Coruña) Parkway      |          | 34418       | 892775750063 |
| LAURA      | RODRIGUEZ | 28 Charlotte Amalie Street            |          | 37551       | 161968374323 |
| SARAH      | LEWIS     | 1780 Hino Boulevard                   |          | 7716        | 902731229323 |
| KIMBERLY   | LEE       | 96 Tafuna Way                         |          | 99865       | 934730187245 |
| DEBORAH    | WALKER    | 934 San Felipe de Puerto Plata Street |          | 99780       | 196495945706 |
| JESSICA    | HALL      | 18 Duisburg Boulevard                 |          | 58327       | 998009777982 |
| SHIRLEY    | ALLEN     | 217 Botshabelo Place                  |          | 49521       | 665356572025 |
| CYNTHIA    | YOUNG     | 1425 Shikarpur Manor                  |          | 65599       | 678220867005 |
| ANGELA     | HERNANDEZ | 786 Aurora Avenue                     |          | 65750       | 18461860151  |
| MELISSA    | KING      | 1668 Anápolis Street                  |          | 50199       | 525255540978 |
| BRENDA     | WRIGHT    | 33 Gorontalo Way                      |          | 30348       | 745994947458 |
| AMY        | LOPEZ     | 176 Mandaluyong Place                 |          | 65213       | 627705991774 |
| ANNA       | HILL      | 127 Purnea (Purnia) Manor             |          | 79388       | 911872220378 |
| REBECCA    | SCOTT     | 61 Tama Street                        |          | 94065       | 708403338270 |
| VIRGINIA   | GREEN     | 391 Callao Drive                      |          | 34021       | 440512153169 |
| KATHLEEN   | ADAMS     | 334 Munger (Monghyr) Lane             |          | 38145       | 481183273622 |
| PAMELA     | BAKER     | 1440 Fukuyama Loop                    |          | 47929       | 912257250465 |
| MARTHA     | GONZALEZ  | 269 Cam Ranh Parkway                  |          | 34689       | 489783829737 |
| DEBRA      | NELSON    | 306 Antofagasta Place                 |          | 3989        | 378318851631 |
| AMANDA     | CARTER    | 671 Graz Street                       |          | 94399       | 680768868518 |
| STEPHANIE  | MITCHELL  | 42 Brindisi Place                     |          | 16744       | 42384721397  |
| CAROLYN    | PEREZ     | 1632 Bislig Avenue                    |          | 61117       | 471675840679 |
| CHRISTINE  | ROBERTS   | 1447 Imus Way                         |          | 48942       | 539758313890 |
| MARIE      | TURNER    | 1998 Halifax Drive                    |          | 76022       | 177727722820 |
| JANET      | PHILLIPS  | 1718 Valencia Street                  |          | 37359       | 675292816413 |
| CATHERINE  | CAMPBELL  | 46 Pjatigorsk Lane                    |          | 23616       | 262076994845 |
| FRANCES    | PARKER    | 686 Garland Manor                     |          | 52535       | 69493378813  |
| ANN        | EVANS     | 909 Garland Manor                     |          | 69367       | 705800322606 |
| JOYCE      | EDWARDS   | 725 Isesaki Place                     |          | 74428       | 876295323994 |
| DIANE      | COLLINS   | 115 Hidalgo Parkway                   |          | 80168       | 307703950263 |
+------------+-----------+---------------------------------------+----------+-------------+--------------+
50 rows in set (0.0026 sec)
 MySQL  localhost:3306 ssl  sakila  SQL > select a.first_name, a.last_name, b.address, b.address2, b.postal_code, b.phone from customer a inner join address b on a.address_id = b.address_id limit 50;
+------------+-----------+---------------------------------------+----------+-------------+--------------+
| first_name | last_name | address                               | address2 | postal_code | phone        |
+------------+-----------+---------------------------------------+----------+-------------+--------------+
| MARY       | SMITH     | 1913 Hanoi Way                        |          | 35200       | 28303384290  |
| PATRICIA   | JOHNSON   | 1121 Loja Avenue                      |          | 17886       | 838635286649 |
| LINDA      | WILLIAMS  | 692 Joliet Street                     |          | 83579       | 448477190408 |
| BARBARA    | JONES     | 1566 Inegöl Manor                     |          | 53561       | 705814003527 |
| ELIZABETH  | BROWN     | 53 Idfu Parkway                       |          | 42399       | 10655648674  |
| JENNIFER   | DAVIS     | 1795 Santiago de Compostela Way       |          | 18743       | 860452626434 |
| MARIA      | MILLER    | 900 Santiago de Compostela Parkway    |          | 93896       | 716571220373 |
| SUSAN      | WILSON    | 478 Joliet Way                        |          | 77948       | 657282285970 |
| MARGARET   | MOORE     | 613 Korolev Drive                     |          | 45844       | 380657522649 |
| DOROTHY    | TAYLOR    | 1531 Salé Drive                       |          | 53628       | 648856936185 |
| LISA       | ANDERSON  | 1542 Tarlac Parkway                   |          | 1027        | 635297277345 |
| NANCY      | THOMAS    | 808 Bhopal Manor                      |          | 10672       | 465887807014 |
| KAREN      | JACKSON   | 270 Amroha Parkway                    |          | 29610       | 695479687538 |
| BETTY      | WHITE     | 770 Bydgoszcz Avenue                  |          | 16266       | 517338314235 |
| HELEN      | HARRIS    | 419 Iligan Lane                       |          | 72878       | 990911107354 |
| SANDRA     | MARTIN    | 360 Toulouse Parkway                  |          | 54308       | 949312333307 |
| DONNA      | THOMPSON  | 270 Toulon Boulevard                  |          | 81766       | 407752414682 |
| CAROL      | GARCIA    | 320 Brest Avenue                      |          | 43331       | 747791594069 |
| RUTH       | MARTINEZ  | 1417 Lancaster Avenue                 |          | 72192       | 272572357893 |
| SHARON     | ROBINSON  | 1688 Okara Way                        |          | 21954       | 144453869132 |
| MICHELLE   | CLARK     | 262 A Coruña (La Coruña) Parkway      |          | 34418       | 892775750063 |
| LAURA      | RODRIGUEZ | 28 Charlotte Amalie Street            |          | 37551       | 161968374323 |
| SARAH      | LEWIS     | 1780 Hino Boulevard                   |          | 7716        | 902731229323 |
| KIMBERLY   | LEE       | 96 Tafuna Way                         |          | 99865       | 934730187245 |
| DEBORAH    | WALKER    | 934 San Felipe de Puerto Plata Street |          | 99780       | 196495945706 |
| JESSICA    | HALL      | 18 Duisburg Boulevard                 |          | 58327       | 998009777982 |
| SHIRLEY    | ALLEN     | 217 Botshabelo Place                  |          | 49521       | 665356572025 |
| CYNTHIA    | YOUNG     | 1425 Shikarpur Manor                  |          | 65599       | 678220867005 |
| ANGELA     | HERNANDEZ | 786 Aurora Avenue                     |          | 65750       | 18461860151  |
| MELISSA    | KING      | 1668 Anápolis Street                  |          | 50199       | 525255540978 |
| BRENDA     | WRIGHT    | 33 Gorontalo Way                      |          | 30348       | 745994947458 |
| AMY        | LOPEZ     | 176 Mandaluyong Place                 |          | 65213       | 627705991774 |
| ANNA       | HILL      | 127 Purnea (Purnia) Manor             |          | 79388       | 911872220378 |
| REBECCA    | SCOTT     | 61 Tama Street                        |          | 94065       | 708403338270 |
| VIRGINIA   | GREEN     | 391 Callao Drive                      |          | 34021       | 440512153169 |
| KATHLEEN   | ADAMS     | 334 Munger (Monghyr) Lane             |          | 38145       | 481183273622 |
| PAMELA     | BAKER     | 1440 Fukuyama Loop                    |          | 47929       | 912257250465 |
| MARTHA     | GONZALEZ  | 269 Cam Ranh Parkway                  |          | 34689       | 489783829737 |
| DEBRA      | NELSON    | 306 Antofagasta Place                 |          | 3989        | 378318851631 |
| AMANDA     | CARTER    | 671 Graz Street                       |          | 94399       | 680768868518 |
| STEPHANIE  | MITCHELL  | 42 Brindisi Place                     |          | 16744       | 42384721397  |
| CAROLYN    | PEREZ     | 1632 Bislig Avenue                    |          | 61117       | 471675840679 |
| CHRISTINE  | ROBERTS   | 1447 Imus Way                         |          | 48942       | 539758313890 |
| MARIE      | TURNER    | 1998 Halifax Drive                    |          | 76022       | 177727722820 |
| JANET      | PHILLIPS  | 1718 Valencia Street                  |          | 37359       | 675292816413 |
| CATHERINE  | CAMPBELL  | 46 Pjatigorsk Lane                    |          | 23616       | 262076994845 |
| FRANCES    | PARKER    | 686 Garland Manor                     |          | 52535       | 69493378813  |
| ANN        | EVANS     | 909 Garland Manor                     |          | 69367       | 705800322606 |
| JOYCE      | EDWARDS   | 725 Isesaki Place                     |          | 74428       | 876295323994 |
| DIANE      | COLLINS   | 115 Hidalgo Parkway                   |          | 80168       | 307703950263 |
+------------+-----------+---------------------------------------+----------+-------------+--------------+
50 rows in set (0.0462 sec)
 MySQL  localhost:3306 ssl  sakila  SQL > select a.first_name, a.last_name, b.address, b.address2, b.postal_code, b.phone from customer a inner join address b on a.address_id = b.address_id;
+-------------+--------------+----------------------------------------+----------+-------------+--------------+
| first_name  | last_name    | address                                | address2 | postal_code | phone        |
+-------------+--------------+----------------------------------------+----------+-------------+--------------+
| MARY        | SMITH        | 1913 Hanoi Way                         |          | 35200       | 28303384290  |
| PATRICIA    | JOHNSON      | 1121 Loja Avenue                       |          | 17886       | 838635286649 |
| LINDA       | WILLIAMS     | 692 Joliet Street                      |          | 83579       | 448477190408 |
| BARBARA     | JONES        | 1566 Inegöl Manor                      |          | 53561       | 705814003527 |
| ELIZABETH   | BROWN        | 53 Idfu Parkway                        |          | 42399       | 10655648674  |
| JENNIFER    | DAVIS        | 1795 Santiago de Compostela Way        |          | 18743       | 860452626434 |
| MARIA       | MILLER       | 900 Santiago de Compostela Parkway     |          | 93896       | 716571220373 |
| SUSAN       | WILSON       | 478 Joliet Way                         |          | 77948       | 657282285970 |
| MARGARET    | MOORE        | 613 Korolev Drive                      |          | 45844       | 380657522649 |
| DOROTHY     | TAYLOR       | 1531 Salé Drive                        |          | 53628       | 648856936185 |
| LISA        | ANDERSON     | 1542 Tarlac Parkway                    |          | 1027        | 635297277345 |
| NANCY       | THOMAS       | 808 Bhopal Manor                       |          | 10672       | 465887807014 |
| KAREN       | JACKSON      | 270 Amroha Parkway                     |          | 29610       | 695479687538 |
| BETTY       | WHITE        | 770 Bydgoszcz Avenue                   |          | 16266       | 517338314235 |
| HELEN       | HARRIS       | 419 Iligan Lane                        |          | 72878       | 990911107354 |
| SANDRA      | MARTIN       | 360 Toulouse Parkway                   |          | 54308       | 949312333307 |
| DONNA       | THOMPSON     | 270 Toulon Boulevard                   |          | 81766       | 407752414682 |
| CAROL       | GARCIA       | 320 Brest Avenue                       |          | 43331       | 747791594069 |
| RUTH        | MARTINEZ     | 1417 Lancaster Avenue                  |          | 72192       | 272572357893 |
| SHARON      | ROBINSON     | 1688 Okara Way                         |          | 21954       | 144453869132 |
| MICHELLE    | CLARK        | 262 A Coruña (La Coruña) Parkway       |          | 34418       | 892775750063 |
| LAURA       | RODRIGUEZ    | 28 Charlotte Amalie Street             |          | 37551       | 161968374323 |
| SARAH       | LEWIS        | 1780 Hino Boulevard                    |          | 7716        | 902731229323 |
| KIMBERLY    | LEE          | 96 Tafuna Way                          |          | 99865       | 934730187245 |
| DEBORAH     | WALKER       | 934 San Felipe de Puerto Plata Street  |          | 99780       | 196495945706 |
| JESSICA     | HALL         | 18 Duisburg Boulevard                  |          | 58327       | 998009777982 |
| SHIRLEY     | ALLEN        | 217 Botshabelo Place                   |          | 49521       | 665356572025 |
| CYNTHIA     | YOUNG        | 1425 Shikarpur Manor                   |          | 65599       | 678220867005 |
| ANGELA      | HERNANDEZ    | 786 Aurora Avenue                      |          | 65750       | 18461860151  |
| MELISSA     | KING         | 1668 Anápolis Street                   |          | 50199       | 525255540978 |
| BRENDA      | WRIGHT       | 33 Gorontalo Way                       |          | 30348       | 745994947458 |
| AMY         | LOPEZ        | 176 Mandaluyong Place                  |          | 65213       | 627705991774 |
| ANNA        | HILL         | 127 Purnea (Purnia) Manor              |          | 79388       | 911872220378 |
| REBECCA     | SCOTT        | 61 Tama Street                         |          | 94065       | 708403338270 |
| VIRGINIA    | GREEN        | 391 Callao Drive                       |          | 34021       | 440512153169 |
| KATHLEEN    | ADAMS        | 334 Munger (Monghyr) Lane              |          | 38145       | 481183273622 |
| PAMELA      | BAKER        | 1440 Fukuyama Loop                     |          | 47929       | 912257250465 |
| MARTHA      | GONZALEZ     | 269 Cam Ranh Parkway                   |          | 34689       | 489783829737 |
| DEBRA       | NELSON       | 306 Antofagasta Place                  |          | 3989        | 378318851631 |
| AMANDA      | CARTER       | 671 Graz Street                        |          | 94399       | 680768868518 |
| STEPHANIE   | MITCHELL     | 42 Brindisi Place                      |          | 16744       | 42384721397  |
| CAROLYN     | PEREZ        | 1632 Bislig Avenue                     |          | 61117       | 471675840679 |
| CHRISTINE   | ROBERTS      | 1447 Imus Way                          |          | 48942       | 539758313890 |
| MARIE       | TURNER       | 1998 Halifax Drive                     |          | 76022       | 177727722820 |
| JANET       | PHILLIPS     | 1718 Valencia Street                   |          | 37359       | 675292816413 |
| CATHERINE   | CAMPBELL     | 46 Pjatigorsk Lane                     |          | 23616       | 262076994845 |
| FRANCES     | PARKER       | 686 Garland Manor                      |          | 52535       | 69493378813  |
| ANN         | EVANS        | 909 Garland Manor                      |          | 69367       | 705800322606 |
| JOYCE       | EDWARDS      | 725 Isesaki Place                      |          | 74428       | 876295323994 |
| DIANE       | COLLINS      | 115 Hidalgo Parkway                    |          | 80168       | 307703950263 |
| ALICE       | STEWART      | 1135 Izumisano Parkway                 |          | 48150       | 171822533480 |
| JULIE       | SANCHEZ      | 939 Probolinggo Loop                   |          | 4166        | 680428310138 |
| HEATHER     | MORRIS       | 17 Kabul Boulevard                     |          | 38594       | 697760867968 |
| TERESA      | ROGERS       | 1964 Allappuzha (Alleppey) Street      |          | 48980       | 920811325222 |
| DORIS       | REED         | 1697 Kowloon and New Kowloon Loop      |          | 57807       | 499352017190 |
| GLORIA      | COOK         | 1668 Saint Louis Place                 |          | 39072       | 347487831378 |
| EVELYN      | MORGAN       | 943 Tokat Street                       |          | 45428       | 889318963672 |
| JEAN        | BELL         | 1114 Liepaja Street                    |          | 69226       | 212869228936 |
| CHERYL      | MURPHY       | 1213 Ranchi Parkway                    |          | 94352       | 800024380485 |
| MILDRED     | BAILEY       | 81 Hodeida Way                         |          | 55561       | 250767749542 |
| KATHERINE   | RIVERA       | 915 Ponce Place                        |          | 83980       | 1395251317   |
| JOAN        | COOPER       | 1717 Guadalajara Lane                  |          | 85505       | 914090181665 |
| ASHLEY      | RICHARDSON   | 1214 Hanoi Way                         |          | 67055       | 491001136577 |
| JUDITH      | COX          | 1966 Amroha Avenue                     |          | 70385       | 333489324603 |
| ROSE        | HOWARD       | 698 Otsu Street                        |          | 71110       | 409983924481 |
| JANICE      | WARD         | 1150 Kimchon Manor                     |          | 96109       | 663449333709 |
| KELLY       | TORRES       | 1586 Guarujá Place                     |          | 5135        | 947233365992 |
| NICOLE      | PETERSON     | 57 Arlington Manor                     |          | 48960       | 990214419142 |
| JUDY        | GRAY         | 1031 Daugavpils Parkway                |          | 59025       | 107137400143 |
| CHRISTINA   | RAMIREZ      | 1124 Buenaventura Drive                |          | 6856        | 407733804223 |
| KATHY       | JAMES        | 492 Cam Ranh Street                    |          | 50805       | 565018274456 |
| THERESA     | WATSON       | 89 Allappuzha (Alleppey) Manor         |          | 75444       | 255800440636 |
| BEVERLY     | BROOKS       | 1947 Poços de Caldas Boulevard         |          | 60951       | 427454485876 |
| DENISE      | KELLY        | 1206 Dos Quebradas Place               |          | 20207       | 241832790687 |
| TAMMY       | SANDERS      | 1551 Rampur Lane                       |          | 72394       | 251164340471 |
| IRENE       | PRICE        | 602 Paarl Street                       |          | 98889       | 896314772871 |
| JANE        | BENNETT      | 1692 Ede Loop                          |          | 9223        | 918711376618 |
| LORI        | WOOD         | 936 Salzburg Lane                      |          | 96709       | 875756771675 |
| RACHEL      | BARNES       | 586 Tete Way                           |          | 1079        | 18581624103  |
| MARILYN     | ROSS         | 1888 Kabul Drive                       |          | 20936       | 701457319790 |
| ANDREA      | HENDERSON    | 320 Baiyin Parkway                     |          | 37307       | 223664661973 |
| KATHRYN     | COLEMAN      | 927 Bahía Blanca Parkway               |          | 9495        | 821972242086 |
| LOUISE      | JENKINS      | 929 Tallahassee Loop                   |          | 74671       | 800716535041 |
| SARA        | PERRY        | 125 Città del Vaticano Boulevard       |          | 67912       | 48417642933  |
| ANNE        | POWELL       | 1557 Kütahya Boulevard                 |          | 88002       | 720998247660 |
| JACQUELINE  | LONG         | 870 Ashqelon Loop                      |          | 84931       | 135117278909 |
| WANDA       | PATTERSON    | 1740 Portoviejo Avenue                 |          | 29932       | 198123170793 |
| BONNIE      | HUGHES       | 1942 Ciparay Parkway                   |          | 82624       | 978987363654 |
| JULIA       | FLORES       | 1926 El Alto Avenue                    |          | 75543       | 846225459260 |
| RUBY        | WASHINGTON   | 1952 Chatsworth Drive                  |          | 25958       | 991562402283 |
| LOIS        | BUTLER       | 1370 Le Mans Avenue                    |          | 52163       | 345679835036 |
| TINA        | SIMMONS      | 984 Effon-Alaiye Avenue                |          | 17119       | 132986892228 |
| PHYLLIS     | FOSTER       | 832 Nakhon Sawan Manor                 |          | 49021       | 275595571388 |
| NORMA       | GONZALES     | 152 Kitwe Parkway                      |          | 53182       | 835433605312 |
| PAULA       | BRYANT       | 1697 Tanauan Lane                      |          | 22870       | 4764773857   |
| DIANA       | ALEXANDER    | 1308 Arecibo Way                       |          | 30695       | 6171054059   |
| ANNIE       | RUSSELL      | 1599 Plock Drive                       |          | 71986       | 817248913162 |
| LILLIAN     | GRIFFIN      | 669 Firozabad Loop                     |          | 92265       | 412903167998 |
| EMILY       | DIAZ         | 588 Vila Velha Manor                   |          | 51540       | 333339908719 |
| ROBIN       | HAYES        | 1913 Kamakura Place                    |          | 97287       | 942570536750 |
| PEGGY       | MYERS        | 733 Mandaluyong Place                  |          | 77459       | 196568435814 |
| CRYSTAL     | FORD         | 659 Vaduz Drive                        |          | 49708       | 709935135487 |
| GLADYS      | HAMILTON     | 1177 Jelets Way                        |          | 3305        | 484292626944 |
| RITA        | GRAHAM       | 1386 Yangor Avenue                     |          | 80720       | 449216226468 |
| DAWN        | SULLIVAN     | 454 Nakhon Sawan Boulevard             |          | 76383       | 963887147572 |
| CONNIE      | WALLACE      | 1867 San Juan Bautista Tuxtepec Avenue |          | 78311       | 547003310357 |
| FLORENCE    | WOODS        | 1532 Dzerzinsk Way                     |          | 9599        | 330838016880 |
| TRACY       | COLE         | 1002 Ahmadnagar Manor                  |          | 93026       | 371490777743 |
| EDNA        | WEST         | 682 Junan Way                          |          | 30418       | 622255216127 |
| TIFFANY     | JORDAN       | 804 Elista Drive                       |          | 61069       | 379804592943 |
| CARMEN      | OWENS        | 1378 Alvorada Avenue                   |          | 75834       | 272234298332 |
| ROSA        | REYNOLDS     | 793 Cam Ranh Avenue                    |          | 87057       | 824370924746 |
| CINDY       | FISHER       | 1079 Tel Aviv-Jaffa Boulevard          |          | 10885       | 358178933857 |
| GRACE       | ELLIS        | 442 Rae Bareli Place                   |          | 24321       | 886636413768 |
| WENDY       | HARRISON     | 1107 Nakhon Sawan Avenue               |          | 75149       | 867546627903 |
| VICTORIA    | GIBSON       | 544 Malmö Parkway                      |          | 63502       | 386759646229 |
| EDITH       | MCDONALD     | 1967 Sincelejo Place                   |          | 73644       | 577812616052 |
| KIM         | CRUZ         | 333 Goiânia Way                        |          | 78625       | 909029256431 |
| SHERRY      | MARSHALL     | 1987 Coacalco de Berriozábal Loop      |          | 96065       | 787654415858 |
| SYLVIA      | ORTIZ        | 241 Mosul Lane                         |          | 76157       | 765345144779 |
| JOSEPHINE   | GOMEZ        | 211 Chiayi Drive                       |          | 58186       | 665993880048 |
| THELMA      | MURRAY       | 1175 Tanauan Way                       |          | 64615       | 937222955822 |
| SHANNON     | FREEMAN      | 117 Boa Vista Way                      |          | 6804        | 677976133614 |
| SHEILA      | WELLS        | 848 Tafuna Manor                       |          | 45142       | 614935229095 |
| ETHEL       | WEBB         | 569 Baicheng Lane                      |          | 60304       | 490211944645 |
| ELLEN       | SIMPSON      | 1666 Qomsheh Drive                     |          | 66255       | 582835362905 |
| ELAINE      | STEVENS      | 801 Hagonoy Drive                      |          | 8439        | 237426099212 |
| MARJORIE    | TUCKER       | 1050 Garden Grove Avenue               |          | 4999        | 973047364353 |
| CARRIE      | PORTER       | 1854 Tieli Street                      |          | 15819       | 509492324775 |
| CHARLOTTE   | HUNTER       | 758 Junan Lane                         |          | 82639       | 935448624185 |
| MONICA      | HICKS        | 1752 São Leopoldo Parkway              |          | 14014       | 252265130067 |
| ESTHER      | CRAWFORD     | 898 Belém Manor                        |          | 49757       | 707169393853 |
| PAULINE     | HENRY        | 261 Saint Louis Way                    |          | 83401       | 321944036800 |
| EMMA        | BOYD         | 765 Southampton Drive                  |          | 4285        | 23712411567  |
| JUANITA     | MASON        | 943 Johannesburg Avenue                |          | 5892        | 90921003005  |
| ANITA       | MORALES      | 788 Atšinsk Street                     |          | 81691       | 146497509724 |
| RHONDA      | KENNEDY      | 1749 Daxian Place                      |          | 11044       | 963369996279 |
| HAZEL       | WARREN       | 1587 Sullana Lane                      |          | 85769       | 468060467018 |
| AMBER       | DIXON        | 1029 Dzerzinsk Manor                   |          | 57519       | 33173584456  |
| EVA         | RAMOS        | 1666 Beni-Mellal Place                 |          | 13377       | 9099941466   |
| DEBBIE      | REYES        | 928 Jaffna Loop                        |          | 93762       | 581852137991 |
| APRIL       | BURNS        | 483 Ljubertsy Parkway                  |          | 60562       | 581174211853 |
| LESLIE      | GORDON       | 374 Bat Yam Boulevard                  |          | 97700       | 923261616249 |
| CLARA       | SHAW         | 1027 Songkhla Manor                    |          | 30861       | 563660187896 |
| LUCILLE     | HOLMES       | 999 Sanaa Loop                         |          | 3439        | 918032330119 |
| JAMIE       | RICE         | 879 Newcastle Way                      |          | 90732       | 206841104594 |
| JOANNE      | ROBERTSON    | 1337 Lincoln Parkway                   |          | 99457       | 597815221267 |
| ELEANOR     | HUNT         | 1952 Pune Lane                         |          | 92150       | 354615066969 |
| VALERIE     | BLACK        | 782 Mosul Street                       |          | 25545       | 885899703621 |
| DANIELLE    | DANIELS      | 781 Shimonoseki Drive                  |          | 95444       | 632316273199 |
| MEGAN       | PALMER       | 1560 Jelets Boulevard                  |          | 77777       | 189446090264 |
| ALICIA      | MILLS        | 1963 Moscow Place                      |          | 64863       | 761379480249 |
| SUZANNE     | NICHOLS      | 456 Escobar Way                        |          | 36061       | 719202533520 |
| MICHELE     | GRANT        | 798 Cianjur Avenue                     |          | 76990       | 499408708580 |
| GAIL        | KNIGHT       | 185 Novi Sad Place                     |          | 41778       | 904253967161 |
| BERTHA      | FERGUSON     | 1367 Yantai Manor                      |          | 21294       | 889538496300 |
| DARLENE     | ROSE         | 1386 Nakhon Sawan Boulevard            |          | 53502       | 368899174225 |
| VERONICA    | STONE        | 369 Papeete Way                        |          | 66639       | 170117068815 |
| JILL        | HAWKINS      | 1440 Compton Place                     |          | 81037       | 931059836497 |
| ERIN        | DUNN         | 1623 Bahía Blanca Manor                |          | 81511       | 149981248346 |
| GERALDINE   | PERKINS      | 97 Shimoga Avenue                      |          | 44660       | 177167004331 |
| LAUREN      | HUDSON       | 1740 Le Mans Loop                      |          | 22853       | 168476538960 |
| CATHY       | SPENCER      | 1287 Xi´angfan Boulevard               |          | 57844       | 819416131190 |
| JOANN       | GARDNER      | 842 Salzburg Lane                      |          | 3313        | 697151428760 |
| LORRAINE    | STEPHENS     | 154 Tallahassee Loop                   |          | 62250       | 935508855935 |
| LYNN        | PAYNE        | 710 San Felipe del Progreso Avenue     |          | 76901       | 843801144113 |
| SALLY       | PIERCE       | 1540 Wroclaw Drive                     |          | 62686       | 182363341674 |
| REGINA      | BERRY        | 475 Atšinsk Way                        |          | 59571       | 201705577290 |
| ERICA       | MATTHEWS     | 1294 Firozabad Drive                   |          | 70618       | 161801569569 |
| BEATRICE    | ARNOLD       | 1877 Ezhou Lane                        |          | 63337       | 264541743403 |
| DOLORES     | WAGNER       | 316 Uruapan Street                     |          | 58194       | 275788967899 |
| BERNICE     | WILLIS       | 29 Pyongyang Loop                      |          | 47753       | 734780743462 |
| AUDREY      | RAY          | 1010 Klerksdorp Way                    |          | 6802        | 493008546874 |
| YVONNE      | WATKINS      | 1848 Salala Boulevard                  |          | 25220       | 48265851133  |
| ANNETTE     | OLSON        | 431 Xi´angtan Avenue                   |          | 4854        | 230250973122 |
| JUNE        | CARROLL      | 757 Rustenburg Avenue                  |          | 89668       | 506134035434 |
| SAMANTHA    | DUNCAN       | 146 Johannesburg Way                   |          | 54132       | 953689007081 |
| MARION      | SNYDER       | 1891 Rizhao Boulevard                  |          | 47288       | 391065549876 |
| DANA        | HART         | 1089 Iwatsuki Avenue                   |          | 35109       | 866092335135 |
| STACY       | CUNNINGHAM   | 1410 Benin City Parkway                |          | 29747       | 104150372603 |
| ANA         | BRADLEY      | 682 Garden Grove Place                 |          | 67497       | 72136330362  |
| RENEE       | LANE         | 533 al-Ayn Boulevard                   |          | 8862        | 662227486184 |
| IDA         | ANDREWS      | 1839 Székesfehérvár Parkway            |          | 55709       | 947468818183 |
| VIVIAN      | RUIZ         | 741 Ambattur Manor                     |          | 43310       | 302590383819 |
| ROBERTA     | HARPER       | 927 Barcelona Street                   |          | 65121       | 951486492670 |
| HOLLY       | FOX          | 435 0 Way                              |          | 74750       | 760171523969 |
| BRITTANY    | RILEY        | 140 Chiayi Parkway                     |          | 38982       | 855863906434 |
| MELANIE     | ARMSTRONG    | 1166 Changhwa Street                   |          | 58852       | 650752094490 |
| LORETTA     | CARPENTER    | 891 Novi Sad Manor                     |          | 5379        | 247646995453 |
| YOLANDA     | WEAVER       | 605 Rio Claro Parkway                  |          | 49348       | 352469351088 |
| JEANETTE    | GREENE       | 1077 San Felipe de Puerto Plata Place  |          | 65387       | 812824036424 |
| LAURIE      | LAWRENCE     | 9 San Miguel de Tucumán Manor          |          | 90845       | 956188728558 |
| KATIE       | ELLIOTT      | 447 Surakarta Loop                     |          | 10428       | 940830176580 |
| KRISTEN     | CHAVEZ       | 345 Oshawa Boulevard                   |          | 32114       | 104491201771 |
| VANESSA     | SIMS         | 1792 Valle de la Pascua Place          |          | 15540       | 419419591240 |
| ALMA        | AUSTIN       | 1074 Binzhou Manor                     |          | 36490       | 331132568928 |
| SUE         | PETERS       | 817 Bradford Loop                      |          | 89459       | 264286442804 |
| ELSIE       | KELLEY       | 955 Bamenda Way                        |          | 1545        | 768481779568 |
| BETH        | FRANKLIN     | 1149 A Coruña (La Coruña) Boulevard    |          | 95824       | 470884141195 |
| JEANNE      | LAWSON       | 387 Mwene-Ditu Drive                   |          | 8073        | 764477681869 |
| VICKI       | FIELDS       | 68 Molodetšno Manor                    |          | 4662        | 146640639760 |
| CARLA       | GUTIERREZ    | 642 Nador Drive                        |          | 3924        | 369050085652 |
| TARA        | RYAN         | 1688 Nador Lane                        |          | 61613       | 652218196731 |
| ROSEMARY    | SCHMIDT      | 1215 Pyongyang Parkway                 |          | 25238       | 646237101779 |
| EILEEN      | CARR         | 1679 Antofagasta Street                |          | 86599       | 905903574913 |
| TERRI       | VASQUEZ      | 1304 ´s-Hertogenbosch Way              |          | 10925       | 90336226227  |
| GERTRUDE    | CASTILLO     | 850 Salala Loop                        |          | 10800       | 403404780639 |
| LUCY        | WHEELER      | 624 Oshawa Boulevard                   |          | 89959       | 49677664184  |
| TONYA       | CHAPMAN      | 43 Dadu Avenue                         |          | 4855        | 95666951770  |
| ELLA        | OLIVER       | 751 Lima Loop                          |          | 99405       | 756460337785 |
| STACEY      | MONTGOMERY   | 1333 Haldia Street                     |          | 82161       | 408304391718 |
| WILMA       | RICHARDS     | 660 Jedda Boulevard                    |          | 25053       | 168758068397 |
| GINA        | WILLIAMSON   | 1001 Miyakonojo Lane                   |          | 67924       | 584316724815 |
| KRISTIN     | JOHNSTON     | 226 Brest Manor                        |          | 2299        | 785881412500 |
| JESSIE      | BANKS        | 1229 Valencia Parkway                  |          | 99124       | 352679173732 |
| NATALIE     | MEYER        | 1201 Qomsheh Manor                     |          | 21464       | 873492228462 |
| AGNES       | BISHOP       | 866 Shivapuri Manor                    |          | 22474       | 778502731092 |
| VERA        | MCCOY        | 1168 Najafabad Parkway                 |          | 40301       | 886649065861 |
| WILLIE      | HOWELL       | 1244 Allappuzha (Alleppey) Place       |          | 20657       | 991802825778 |
| CHARLENE    | ALVAREZ      | 1842 Luziânia Boulevard                |          | 94420       | 706878974831 |
| BESSIE      | MORRISON     | 1926 Gingoog Street                    |          | 22824       | 469738825391 |
| DELORES     | HANSEN       | 810 Palghat (Palakkad) Boulevard       |          | 73431       | 516331171356 |
| MELINDA     | FERNANDEZ    | 1820 Maringá Parkway                   |          | 88307       | 99760893676  |
| PEARL       | GARZA        | 60 Poços de Caldas Street              |          | 82338       | 963063788669 |
| ARLENE      | HARVEY       | 1014 Loja Manor                        |          | 66851       | 460795526514 |
| MAUREEN     | LITTLE       | 201 Effon-Alaiye Way                   |          | 64344       | 684192903087 |
| COLLEEN     | BURTON       | 430 Alessandria Loop                   |          | 47446       | 669828224459 |
| ALLISON     | STANLEY      | 754 Valencia Place                     |          | 87911       | 594319417514 |
| TAMARA      | NGUYEN       | 356 Olomouc Manor                      |          | 93323       | 22326410776  |
| JOY         | GEORGE       | 1256 Bislig Boulevard                  |          | 50598       | 479007229460 |
| GEORGIA     | JACOBS       | 954 Kimchon Place                      |          | 42420       | 541327526474 |
| CONSTANCE   | REID         | 885 Yingkou Manor                      |          | 31390       | 588964509072 |
| LILLIE      | KIM          | 1736 Cavite Place                      |          | 98775       | 431770603551 |
| CLAUDIA     | FULLER       | 346 Skikda Parkway                     |          | 90628       | 630424482919 |
| JACKIE      | LYNCH        | 98 Stara Zagora Boulevard              |          | 76448       | 610173756082 |
| MARCIA      | DEAN         | 1479 Rustenburg Boulevard              |          | 18727       | 727785483194 |
| TANYA       | GILBERT      | 647 A Coruña (La Coruña) Street        |          | 36971       | 792557457753 |
| NELLIE      | GARRETT      | 1964 Gijón Manor                       |          | 14408       | 918119601885 |
| MINNIE      | ROMERO       | 47 Syktyvkar Lane                      |          | 22236       | 63937119031  |
| MARLENE     | WELCH        | 1148 Saarbrücken Parkway               |          | 1921        | 137773001988 |
| HEIDI       | LARSON       | 1103 Bilbays Parkway                   |          | 87660       | 279979529227 |
| GLENDA      | FRAZIER      | 1246 Boksburg Parkway                  |          | 28349       | 890283544295 |
| LYDIA       | BURKE        | 1483 Pathankot Street                  |          | 37288       | 686015532180 |
| VIOLA       | HANSON       | 582 Papeete Loop                       |          | 27722       | 569868543137 |
| COURTNEY    | DAY          | 300 Junan Street                       |          | 81314       | 890289150158 |
| MARIAN      | MENDOZA      | 829 Grand Prairie Way                  |          | 6461        | 741070712873 |
| STELLA      | MORENO       | 1473 Changhwa Parkway                  |          | 75933       | 266798132374 |
| CAROLINE    | BOWMAN       | 1309 Weifang Street                    |          | 57338       | 435785045362 |
| DORA        | MEDINA       | 1760 Oshawa Manor                      |          | 38140       | 56257502250  |
| JO          | FOWLER       | 786 Stara Zagora Way                   |          | 98332       | 716256596301 |
| VICKIE      | BREWER       | 1966 Tonghae Street                    |          | 36481       | 567359279425 |
| MATTIE      | HOFFMAN      | 1497 Yuzhou Drive                      |          | 3433        | 246810237916 |
| TERRY       | CARLSON      | 752 Ondo Loop                          |          | 32474       | 134673576619 |
| MAXINE      | SILVA        | 1338 Zalantun Lane                     |          | 45403       | 840522972766 |
| IRMA        | PEARSON      | 127 Iwakuni Boulevard                  |          | 20777       | 987442542471 |
| MABEL       | HOLLAND      | 51 Laredo Avenue                       |          | 68146       | 884536620568 |
| MARSHA      | DOUGLAS      | 771 Yaoundé Manor                      |          | 86768       | 245477603573 |
| MYRTLE      | FLEMING      | 532 Toulon Street                      |          | 69517       | 46871694740  |
| LENA        | JENSEN       | 1027 Banjul Place                      |          | 50390       | 538241037443 |
| CHRISTY     | VARGAS       | 1158 Mandi Bahauddin Parkway           |          | 98484       | 276555730211 |
| DEANNA      | BYRD         | 862 Xintai Lane                        |          | 30065       | 265153400632 |
| PATSY       | DAVIDSON     | 816 Cayenne Parkway                    |          | 93629       | 282874611748 |
| HILDA       | HOPKINS      | 1831 Nam Dinh Loop                     |          | 51990       | 322888976727 |
| GWENDOLYN   | MAY          | 446 Kirovo-Tšepetsk Lane               |          | 19428       | 303967439816 |
| JENNIE      | TERRY        | 682 Halisahar Place                    |          | 20536       | 475553436330 |
| NORA        | HERRERA      | 1587 Loja Manor                        |          | 5410        | 621625204422 |
| MARGIE      | WADE         | 1762 Paarl Parkway                     |          | 53928       | 192459639410 |
| NINA        | SOTO         | 1519 Ilorin Place                      |          | 49298       | 357445645426 |
| CASSANDRA   | WALTERS      | 920 Kumbakonam Loop                    |          | 75090       | 685010736240 |
| LEAH        | CURTIS       | 906 Goiânia Way                        |          | 83565       | 701767622697 |
| PENNY       | NEAL         | 1675 Xi´angfan Manor                   |          | 11763       | 271149517630 |
| KAY         | CALDWELL     | 85 San Felipe de Puerto Plata Drive    |          | 46063       | 170739645687 |
| PRISCILLA   | LOWE         | 144 South Hill Loop                    |          | 2012        | 45387294817  |
| NAOMI       | JENNINGS     | 1884 Shikarpur Avenue                  |          | 85548       | 959949395183 |
| CAROLE      | BARNETT      | 1980 Kamjanets-Podilskyi Street        |          | 89502       | 874337098891 |
| BRANDY      | GRAVES       | 1944 Bamenda Way                       |          | 24645       | 75975221996  |
| OLGA        | JIMENEZ      | 556 Baybay Manor                       |          | 55802       | 363982224739 |
| BILLIE      | HORTON       | 457 Tongliao Loop                      |          | 56254       | 880756161823 |
| DIANNE      | SHELTON      | 600 Bradford Street                    |          | 96204       | 117592274996 |
| TRACEY      | BARRETT      | 1006 Santa Bárbara d´Oeste Manor       |          | 36229       | 85059738746  |
| LEONA       | OBRIEN       | 1308 Sumy Loop                         |          | 30657       | 583021225407 |
| JENNY       | CASTRO       | 1405 Chisinau Place                    |          | 8160        | 62781725285  |
| FELICIA     | SUTTON       | 226 Halifax Street                     |          | 58492       | 790651020929 |
| SONIA       | GREGORY      | 1279 Udine Parkway                     |          | 75860       | 195003555232 |
| MIRIAM      | MCKINNEY     | 1336 Benin City Drive                  |          | 46044       | 341242939532 |
| VELMA       | LUCAS        | 1155 Liaocheng Place                   |          | 22650       | 558236142492 |
| BECKY       | MILES        | 1993 Tabuk Lane                        |          | 64221       | 648482415405 |
| BOBBIE      | CRAIG        | 86 Higashiosaka Lane                   |          | 33768       | 957128697225 |
| VIOLET      | RODRIQUEZ    | 1912 Allende Manor                     |          | 58124       | 172262454487 |
| KRISTINA    | CHAMBERS     | 544 Tarsus Boulevard                   |          | 53145       | 892523334    |
| TONI        | HOLT         | 1936 Cumaná Avenue                     |          | 61195       | 976798660411 |
| MISTY       | LAMBERT      | 1192 Tongliao Street                   |          | 19065       | 350970907017 |
| MAE         | FLETCHER     | 44 Najafabad Way                       |          | 61391       | 96604821070  |
| SHELLY      | WATTS        | 32 Pudukkottai Lane                    |          | 38834       | 967274728547 |
| DAISY       | BATES        | 661 Chisinau Lane                      |          | 8856        | 816436065431 |
| RAMONA      | HALE         | 951 Stara Zagora Manor                 |          | 98573       | 429925609431 |
| SHERRI      | RHODES       | 922 Vila Velha Loop                    |          | 4085        | 510737228015 |
| ERIKA       | PENA         | 898 Jining Lane                        |          | 40070       | 161643343536 |
| JAMES       | GANNON       | 1635 Kuwana Boulevard                  |          | 52137       | 710603868323 |
| JOHN        | FARNSWORTH   | 41 El Alto Parkway                     |          | 56883       | 51917807050  |
| ROBERT      | BAUGHMAN     | 1883 Maikop Lane                       |          | 68469       | 96110042435  |
| MICHAEL     | SILVERMAN    | 1908 Gaziantep Place                   |          | 58979       | 108053751300 |
| WILLIAM     | SATTERFIELD  | 687 Alessandria Parkway                |          | 57587       | 407218522294 |
| DAVID       | ROYAL        | 827 Yuncheng Drive                     |          | 79047       | 504434452842 |
| RICHARD     | MCCRARY      | 913 Coacalco de Berriozábal Loop       |          | 42141       | 262088367001 |
| CHARLES     | KOWALSKI     | 715 São Bernardo do Campo Lane         |          | 84804       | 181179321332 |
| JOSEPH      | JOY          | 1354 Siegen Street                     |          | 80184       | 573441801529 |
| THOMAS      | GRIGSBY      | 1191 Sungai Petani Boulevard           |          | 9668        | 983259819766 |
| CHRISTOPHER | GRECO        | 1224 Huejutla de Reyes Boulevard       |          | 70923       | 806016930576 |
| DANIEL      | CABRAL       | 543 Bergamo Avenue                     |          | 59686       | 103602195112 |
| PAUL        | TROUT        | 746 Joliet Lane                        |          | 94878       | 688485191923 |
| MARK        | RINEHART     | 780 Kimberley Way                      |          | 17032       | 824396883951 |
| DONALD      | MAHON        | 1774 Yaoundé Place                     |          | 91400       | 613124286867 |
| GEORGE      | LINTON       | 1957 Yantai Lane                       |          | 59255       | 704948322302 |
| KENNETH     | GOODEN       | 1542 Lubumbashi Boulevard              |          | 62472       | 508800331065 |
| STEVEN      | CURLEY       | 651 Pathankot Loop                     |          | 59811       | 139378397418 |
| EDWARD      | BAUGH        | 1359 Zhoushan Parkway                  |          | 29763       | 46568045367  |
| BRIAN       | WYMAN        | 1769 Iwaki Lane                        |          | 25787       | 556100547674 |
| RONALD      | WEINER       | 1145 Vilnius Manor                     |          | 73170       | 674805712553 |
| ANTHONY     | SCHWAB       | 1892 Nabereznyje Tšelny Lane           |          | 28396       | 478229987054 |
| KEVIN       | SCHULER      | 470 Boksburg Street                    |          | 97960       | 908029859266 |
| JASON       | MORRISSEY    | 1427 A Coruña (La Coruña) Place        |          | 85799       | 972574862516 |
| MATTHEW     | MAHAN        | 479 San Felipe del Progreso Avenue     |          | 54949       | 869051782691 |
| GARY        | COY          | 867 Benin City Avenue                  |          | 78543       | 168884817145 |
| TIMOTHY     | BUNN         | 981 Kumbakonam Place                   |          | 87611       | 829116184079 |
| JOSE        | ANDREW       | 1016 Iwakuni Street                    |          | 49833       | 961370847344 |
| LARRY       | THRASHER     | 663 Bahía Blanca Parkway               |          | 33463       | 834418779292 |
| JEFFREY     | SPEAR        | 1860 Taguig Loop                       |          | 59550       | 38158430589  |
| FRANK       | WAGGONER     | 1816 Bydgoszcz Loop                    |          | 64308       | 965273813662 |
| SCOTT       | SHELLEY      | 587 Benguela Manor                     |          | 91590       | 165450987037 |
| ERIC        | ROBERT       | 430 Kumbakonam Drive                   |          | 28814       | 105470691550 |
| STEPHEN     | QUALLS       | 1838 Tabriz Lane                       |          | 1195        | 38988715447  |
| ANDREW      | PURDY        | 431 Székesfehérvár Avenue              |          | 57828       | 119501405123 |
| RAYMOND     | MCWHORTER    | 503 Sogamoso Loop                      |          | 49812       | 834626715837 |
| GREGORY     | MAULDIN      | 507 Smolensk Loop                      |          | 22971       | 80303246192  |
| JOSHUA      | MARK         | 1920 Weifang Avenue                    |          | 15643       | 869507847714 |
| JERRY       | JORDON       | 124 al-Manama Way                      |          | 52368       | 647899404952 |
| DENNIS      | GILMAN       | 1443 Mardan Street                     |          | 31483       | 231383037471 |
| WALTER      | PERRYMAN     | 1909 Benguela Lane                     |          | 19913       | 624138001031 |
| PATRICK     | NEWSOM       | 68 Ponce Parkway                       |          | 85926       | 870635127812 |
| PETER       | MENARD       | 1217 Konotop Avenue                    |          | 504         | 718917251754 |
| HAROLD      | MARTINO      | 1293 Nam Dinh Way                      |          | 71583       | 697656479977 |
| DOUGLAS     | GRAF         | 785 Vaduz Street                       |          | 36170       | 895616862749 |
| HENRY       | BILLINGSLEY  | 1516 Escobar Drive                     |          | 46069       | 64536069371  |
| CARL        | ARTIS        | 1628 Nagareyama Lane                   |          | 60079       | 20064292617  |
| ARTHUR      | SIMPKINS     | 1157 Nyeri Loop                        |          | 56380       | 262744791493 |
| RYAN        | SALISBURY    | 1673 Tangail Drive                     |          | 26857       | 627924259271 |
| ROGER       | QUINTANILLA  | 381 Kabul Way                          |          | 87272       | 55477302294  |
| JOE         | GILLILAND    | 953 Hodeida Street                     |          | 18841       | 53912826864  |
| JUAN        | FRALEY       | 469 Nakhon Sawan Street                |          | 58866       | 689199636560 |
| JACK        | FOUST        | 1378 Beira Loop                        |          | 40792       | 840957664136 |
| ALBERT      | CROUSE       | 1641 Changhwa Place                    |          | 37636       | 256546485220 |
| JONATHAN    | SCARBOROUGH  | 1698 Southport Loop                    |          | 49009       | 754358349853 |
| JUSTIN      | NGO          | 519 Nyeri Manor                        |          | 37650       | 764680915323 |
| TERRY       | GRISSOM      | 619 Huánuco Avenue                     |          | 81508       | 142596392389 |
| GERALD      | FULTZ        | 45 Aparecida de Goiânia Place          |          | 7431        | 650496654258 |
| KEITH       | RICO         | 482 Kowloon and New Kowloon Manor      |          | 97056       | 738968474939 |
| SAMUEL      | MARLOW       | 604 Bern Place                         |          | 5373        | 620719383725 |
| WILLIE      | MARKHAM      | 1623 Kingstown Drive                   |          | 91299       | 296394569728 |
| RALPH       | MADRIGAL     | 1009 Zanzibar Lane                     |          | 64875       | 102396298916 |
| LAWRENCE    | LAWTON       | 114 Jalib al-Shuyukh Manor             |          | 60440       | 845378657301 |
| NICHOLAS    | BARFIELD     | 1163 London Parkway                    |          | 6066        | 675120358494 |
| ROY         | WHITING      | 1658 Jastrzebie-Zdrój Loop             |          | 96584       | 568367775448 |
| BENJAMIN    | VARNEY       | 817 Laredo Avenue                      |          | 77449       | 151249681135 |
| BRUCE       | SCHWARZ      | 1565 Tangail Manor                     |          | 45750       | 634445428822 |
| BRANDON     | HUEY         | 1912 Emeishan Drive                    |          | 33050       | 99883471275  |
| ADAM        | GOOCH        | 230 Urawa Drive                        |          | 2738        | 166898395731 |
| HARRY       | ARCE         | 1922 Miraj Way                         |          | 13203       | 320471479776 |
| FRED        | WHEAT        | 433 Florencia Street                   |          | 91330       | 561729882725 |
| WAYNE       | TRUONG       | 1049 Matamoros Parkway                 |          | 69640       | 960505250340 |
| BILLY       | POULIN       | 1061 Ede Avenue                        |          | 57810       | 333390595558 |
| STEVE       | MACKENZIE    | 154 Oshawa Manor                       |          | 72771       | 440365973660 |
| LOUIS       | LEONE        | 1191 Tandil Drive                      |          | 6362        | 45554316010  |
| JEREMY      | HURTADO      | 1133 Rizhao Avenue                     |          | 2800        | 600264533987 |
| AARON       | SELBY        | 1519 Santiago de los Caballeros Loop   |          | 22025       | 409315295763 |
| RANDY       | GAITHER      | 1618 Olomouc Manor                     |          | 26385       | 96846695220  |
| HOWARD      | FORTNER      | 220 Hidalgo Drive                      |          | 45298       | 342720754566 |
| EUGENE      | CULPEPPER    | 686 Donostia-San Sebastián Lane        |          | 97390       | 71857599858  |
| CARLOS      | COUGHLIN     | 97 Mogiljov Lane                       |          | 89294       | 924815207181 |
| RUSSELL     | BRINSON      | 1642 Charlotte Amalie Drive            |          | 75442       | 821476736117 |
| BOBBY       | BOUDREAU     | 1368 Maracaíbo Boulevard               |          | 32716       | 934352415130 |
| VICTOR      | BARKLEY      | 401 Sucre Boulevard                    |          | 25007       | 486395999608 |
| MARTIN      | BALES        | 368 Huánuco Boulevard                  |          | 17165       | 106439158941 |
| ERNEST      | STEPP        | 500 Lincoln Parkway                    |          | 95509       | 550306965159 |
| PHILLIP     | HOLM         | 102 Chapra Drive                       |          | 14073       | 776031833752 |
| TODD        | TAN          | 1793 Meixian Place                     |          | 33535       | 619966287415 |
| JESSE       | SCHILLING    | 514 Ife Way                            |          | 69973       | 900235712074 |
| CRAIG       | MORRELL      | 717 Changzhou Lane                     |          | 21615       | 426255288071 |
| ALAN        | KAHN         | 753 Ilorin Avenue                      |          | 3656        | 464511145118 |
| SHAWN       | HEATON       | 1337 Mit Ghamr Avenue                  |          | 29810       | 175283210378 |
| CLARENCE    | GAMEZ        | 767 Pyongyang Drive                    |          | 83536       | 667736124769 |
| SEAN        | DOUGLASS     | 614 Pak Kret Street                    |          | 27796       | 47808359842  |
| PHILIP      | CAUSEY       | 954 Lapu-Lapu Way                      |          | 8816        | 737229003916 |
| CHRIS       | BROTHERS     | 331 Bydgoszcz Parkway                  |          | 966         | 537374465982 |
| JOHNNY      | TURPIN       | 1152 Citrus Heights Manor              |          | 5239        | 765957414528 |
| EARL        | SHANKS       | 168 Cianjur Manor                      |          | 73824       | 679095087143 |
| JIMMY       | SCHRADER     | 616 Hagonoy Avenue                     |          | 46043       | 604177838256 |
| ANTONIO     | MEEK         | 1190 0 Place                           |          | 10417       | 841876514789 |
| DANNY       | ISOM         | 734 Béchar Place                       |          | 30586       | 280578750435 |
| BRYAN       | HARDISON     | 530 Lausanne Lane                      |          | 11067       | 775235029633 |
| TONY        | CARRANZA     | 454 Patiala Lane                       |          | 13496       | 794553031307 |
| LUIS        | YANEZ        | 1346 Mysore Drive                      |          | 61507       | 516647474029 |
| MIKE        | WAY          | 990 Etawah Loop                        |          | 79940       | 206169448769 |
| STANLEY     | SCROGGINS    | 1266 Laredo Parkway                    |          | 7664        | 1483365694   |
| LEONARD     | SCHOFIELD    | 88 Nagaon Manor                        |          | 86868       | 779461480495 |
| NATHAN      | RUNYON       | 264 Bhimavaram Manor                   |          | 54749       | 302526949177 |
| DALE        | RATCLIFF     | 1639 Saarbrücken Drive                 |          | 9827        | 328494873422 |
| MANUEL      | MURRELL      | 692 Amroha Drive                       |          | 35575       | 359478883004 |
| RODNEY      | MOELLER      | 1936 Lapu-Lapu Parkway                 |          | 7122        | 653436985797 |
| CURTIS      | IRBY         | 432 Garden Grove Street                |          | 65630       | 615964523510 |
| NORMAN      | CURRIER      | 1445 Carmen Parkway                    |          | 70809       | 598912394463 |
| ALLEN       | BUTTERFIELD  | 791 Salinas Street                     |          | 40509       | 129953030512 |
| MARVIN      | YEE          | 126 Acuña Parkway                      |          | 58888       | 480039662421 |
| VINCENT     | RALSTON      | 397 Sunnyvale Avenue                   |          | 55566       | 680851640676 |
| GLENN       | PULLEN       | 992 Klerksdorp Loop                    |          | 33711       | 855290087237 |
| JEFFERY     | PINSON       | 966 Arecibo Loop                       |          | 94018       | 15273765306  |
| TRAVIS      | ESTEP        | 289 Santo André Manor                  |          | 72410       | 214976066017 |
| JEFF        | EAST         | 437 Chungho Drive                      |          | 59489       | 491271355190 |
| CHAD        | CARBONE      | 1948 Bayugan Parkway                   |          | 60622       | 987306329957 |
| JACOB       | LANCE        | 1866 al-Qatif Avenue                   |          | 89420       | 546793516940 |
| LEE         | HAWKS        | 1661 Abha Drive                        |          | 14400       | 270456873752 |
| MELVIN      | ELLINGTON    | 1557 Cape Coral Parkway                |          | 46875       | 368284120423 |
| ALFRED      | CASILLAS     | 1727 Matamoros Place                   |          | 78813       | 129673677866 |
| KYLE        | SPURLOCK     | 1269 Botosani Manor                    |          | 47394       | 736517327853 |
| FRANCIS     | SIKES        | 355 Vitória de Santo Antão Way         |          | 81758       | 548003849552 |
| BRADLEY     | MOTLEY       | 1596 Acuña Parkway                     |          | 70425       | 157133457169 |
| JESUS       | MCCARTNEY    | 259 Ipoh Drive                         |          | 64964       | 419009857119 |
| HERBERT     | KRUGER       | 1823 Hoshiarpur Lane                   |          | 33191       | 307133768620 |
| FREDERICK   | ISBELL       | 1404 Taguig Drive                      |          | 87212       | 572068624538 |
| RAY         | HOULE        | 740 Udaipur Lane                       |          | 33505       | 497288595103 |
| JOEL        | FRANCISCO    | 287 Cuautla Boulevard                  |          | 72736       | 82619513349  |
| EDWIN       | BURK         | 1766 Almirante Brown Street            |          | 63104       | 617567598243 |
| DON         | BONE         | 596 Huixquilucan Place                 |          | 65892       | 342709348083 |
| EDDIE       | TOMLIN       | 1351 Aparecida de Goiânia Parkway      |          | 41775       | 959834530529 |
| RICKY       | SHELBY       | 722 Bradford Lane                      |          | 90920       | 746251338300 |
| TROY        | QUIGLEY      | 983 Santa Fé Way                       |          | 47472       | 145720452260 |
| RANDALL     | NEUMANN      | 1245 Ibirité Way                       |          | 40926       | 331888642162 |
| BARRY       | LOVELACE     | 1836 Korla Parkway                     |          | 55405       | 689681677428 |
| ALEXANDER   | FENNELL      | 231 Kaliningrad Place                  |          | 57833       | 575081026569 |
| BERNARD     | COLBY        | 495 Bhimavaram Lane                    |          | 3           | 82088937724  |
| MARIO       | CHEATHAM     | 1924 Shimonoseki Drive                 |          | 52625       | 406784385440 |
| LEROY       | BUSTAMANTE   | 105 Dzerzinsk Manor                    |          | 48570       | 240776414296 |
| FRANCISCO   | SKIDMORE     | 614 Denizli Parkway                    |          | 29444       | 876491807547 |
| MARCUS      | HIDALGO      | 1289 Belém Boulevard                   |          | 88306       | 237368926031 |
| MICHEAL     | FORMAN       | 203 Tambaram Street                    |          | 73942       | 411549550611 |
| THEODORE    | CULP         | 1704 Tambaram Manor                    |          | 2834        | 39463554936  |
| CLIFFORD    | BOWENS       | 207 Cuernavaca Loop                    |          | 52671       | 782900030287 |
| MIGUEL      | BETANCOURT   | 319 Springs Loop                       |          | 99552       | 72524459905  |
| OSCAR       | AQUINO       | 956 Nam Dinh Manor                     |          | 21872       | 474047727727 |
| JAY         | ROBB         | 1947 Paarl Way                         |          | 23636       | 834061016202 |
| JIM         | REA          | 814 Simferopol Loop                    |          | 48745       | 524567129902 |
| TOM         | MILNER       | 535 Ahmadnagar Manor                   |          | 41136       | 985109775584 |
| CALVIN      | MARTEL       | 138 Caracas Boulevard                  |          | 16790       | 974433019532 |
| ALEX        | GRESHAM      | 251 Florencia Drive                    |          | 16119       | 118011831565 |
| JON         | WILES        | 659 Gatineau Boulevard                 |          | 28587       | 205524798287 |
| RONNIE      | RICKETTS     | 1889 Valparai Way                      |          | 75559       | 670370974122 |
| BILL        | GAVIN        | 1485 Bratislava Place                  |          | 83183       | 924663855568 |
| LLOYD       | DOWD         | 935 Aden Boulevard                     |          | 64709       | 335052544020 |
| TOMMY       | COLLAZO      | 76 Kermanshah Manor                    |          | 23343       | 762361821578 |
| LEON        | BOSTIC       | 734 Tanshui Avenue                     |          | 70664       | 366776723320 |
| DEREK       | BLAKELY      | 118 Jaffna Loop                        |          | 10447       | 325526730021 |
| WARREN      | SHERROD      | 1621 Tongliao Avenue                   |          | 22173       | 209342540247 |
| DARRELL     | POWER        | 1844 Usak Avenue                       |          | 84461       | 164414772677 |
| JEROME      | KENYON       | 1872 Toulon Loop                       |          | 7939        | 928809465153 |
| FLOYD       | GANDY        | 1088 Ibirité Place                     |          | 88502       | 49084281333  |
| LEO         | EBERT        | 1322 Mosul Parkway                     |          | 95400       | 268053970382 |
| ALVIN       | DELOACH      | 1447 Chatsworth Place                  |          | 41545       | 769370126331 |
| TIM         | CARY         | 1257 Guadalajara Street                |          | 33599       | 195337700615 |
| WESLEY      | BULL         | 1469 Plock Lane                        |          | 95835       | 622884741180 |
| GORDON      | ALLARD       | 434 Ourense (Orense) Manor             |          | 14122       | 562370137426 |
| DEAN        | SAUER        | 270 Tambaram Parkway                   |          | 9668        | 248446668735 |
| GREG        | ROBINS       | 1786 Salinas Place                     |          | 66546       | 206060652238 |
| JORGE       | OLIVARES     | 1078 Stara Zagora Drive                |          | 69221       | 932992626595 |
| DUSTIN      | GILLETTE     | 1854 Okara Boulevard                   |          | 42123       | 131912793873 |
| PEDRO       | CHESTNUT     | 421 Yaoundé Street                     |          | 11363       | 726875628268 |
| DERRICK     | BOURQUE      | 1153 Allende Way                       |          | 20336       | 856872225376 |
| DAN         | PAINE        | 808 Naçala-Porto Parkway               |          | 41060       | 553452430707 |
| LEWIS       | LYMAN        | 632 Usolje-Sibirskoje Parkway          |          | 73085       | 667648979883 |
| ZACHARY     | HITE         | 98 Pyongyang Boulevard                 |          | 88749       | 191958435142 |
| COREY       | HAUSER       | 984 Novotšerkassk Loop                 |          | 28165       | 435118527255 |
| HERMAN      | DEVORE       | 64 Korla Street                        |          | 25145       | 510383179153 |
| MAURICE     | CRAWLEY      | 1785 São Bernardo do Campo Street      |          | 71182       | 684529463244 |
| VERNON      | CHAPA        | 698 Jelets Boulevard                   |          | 2596        | 975185523021 |
| ROBERTO     | VU           | 1297 Alvorada Parkway                  |          | 11839       | 508348602835 |
| CLYDE       | TOBIAS       | 1909 Dayton Avenue                     |          | 88513       | 702955450528 |
| GLEN        | TALBERT      | 1789 Saint-Denis Parkway               |          | 8268        | 936806643983 |
| HECTOR      | POINDEXTER   | 185 Mannheim Lane                      |          | 23661       | 589377568313 |
| SHANE       | MILLARD      | 184 Mandaluyong Street                 |          | 94239       | 488425406814 |
| RICARDO     | MEADOR       | 591 Sungai Petani Drive                |          | 46400       | 37247325001  |
| SAM         | MCDUFFIE     | 656 Matamoros Drive                    |          | 19489       | 17305839123  |
| RICK        | MATTOX       | 775 Šostka Drive                       |          | 22358       | 171973024401 |
| LESTER      | KRAUS        | 1013 Tabuk Boulevard                   |          | 96203       | 158399646978 |
| BRENT       | HARKINS      | 319 Plock Parkway                      |          | 26101       | 854259976812 |
| RAMON       | CHOATE       | 1954 Kowloon and New Kowloon Way       |          | 63667       | 898559280434 |
| CHARLIE     | BESS         | 362 Rajkot Lane                        |          | 98030       | 962020153680 |
| TYLER       | WREN         | 1060 Tandil Lane                       |          | 72349       | 211256301880 |
| GILBERT     | SLEDGE       | 1515 Korla Way                         |          | 57197       | 959467760895 |
| GENE        | SANBORN      | 1416 San Juan Bautista Tuxtepec Avenue |          | 50592       | 144206758053 |
| MARC        | OUTLAW       | 1 Valle de Santiago Avenue             |          | 86208       | 465897838272 |
| REGINALD    | KINDER       | 519 Brescia Parkway                    |          | 69504       | 793996678771 |
| RUBEN       | GEARY        | 414 Mandaluyong Street                 |          | 16370       | 52709222667  |
| BRETT       | CORNWELL     | 1197 Sokoto Boulevard                  |          | 87687       | 868602816371 |
| ANGEL       | BARCLAY      | 496 Celaya Drive                       |          | 90797       | 759586584889 |
| NATHANIEL   | ADAM         | 786 Matsue Way                         |          | 37469       | 111177206479 |
| RAFAEL      | ABNEY        | 48 Maracaíbo Place                     |          | 1570        | 82671830126  |
| LESLIE      | SEWARD       | 1152 al-Qatif Lane                     |          | 44816       | 131370665218 |
| EDGAR       | RHOADS       | 1269 Ipoh Avenue                       |          | 54674       | 402630109080 |
| MILTON      | HOWLAND      | 758 Korolev Parkway                    |          | 75474       | 441628280920 |
| RAUL        | FORTIER      | 1747 Rustenburg Place                  |          | 51369       | 442673923363 |
| BEN         | EASTER       | 886 Tonghae Place                      |          | 19450       | 711928348157 |
| CHESTER     | BENNER       | 1574 Goiânia Boulevard                 |          | 39529       | 59634255214  |
| CECIL       | VINES        | 548 Uruapan Street                     |          | 35653       | 879347453467 |
| DUANE       | TUBBS        | 962 Tama Loop                          |          | 65952       | 282667506728 |
| FRANKLIN    | TROUTMAN     | 1778 Gijón Manor                       |          | 35156       | 288910576761 |
| ANDRE       | RAPP         | 568 Dhule (Dhulia) Loop                |          | 92568       | 602101369463 |
| ELMER       | NOE          | 1768 Udine Loop                        |          | 32347       | 448876499197 |
| BRAD        | MCCURDY      | 608 Birgunj Parkway                    |          | 400         | 627425618482 |
| GABRIEL     | HARDER       | 680 A Coruña (La Coruña) Manor         |          | 49806       | 158326114853 |
| RON         | DELUCA       | 1949 Sanya Street                      |          | 61244       | 132100972047 |
| MITCHELL    | WESTMORELAND | 617 Klerksdorp Place                   |          | 94707       | 574973479129 |
| ROLAND      | SOUTH        | 1993 0 Loop                            |          | 41214       | 25865528181  |
| ARNOLD      | HAVENS       | 1176 Southend-on-Sea Manor             |          | 81651       | 236679267178 |
| HARVEY      | GUAJARDO     | 600 Purnea (Purnia) Avenue             |          | 18043       | 638409958875 |
| JARED       | ELY          | 1003 Qinhuangdao Street                |          | 25972       | 35533115997  |
| ADRIAN      | CLARY        | 1986 Sivas Place                       |          | 95775       | 182059202712 |
| KARL        | SEAL         | 1427 Tabuk Place                       |          | 31342       | 214756839122 |
| CORY        | MEEHAN       | 556 Asunción Way                       |          | 35364       | 338244023543 |
| CLAUDE      | HERZOG       | 486 Ondo Parkway                       |          | 35202       | 105882218332 |
| ERIK        | GUILLEN      | 635 Brest Manor                        |          | 40899       | 80593242951  |
| DARRYL      | ASHCRAFT     | 166 Jinchang Street                    |          | 86760       | 717566026669 |
| JAMIE       | WAUGH        | 958 Sagamihara Lane                    |          | 88408       | 427274926505 |
| NEIL        | RENNER       | 1817 Livorno Way                       |          | 79401       | 478380208348 |
| JESSIE      | MILAM        | 1332 Gaziantep Lane                    |          | 22813       | 383353187467 |
| CHRISTIAN   | JUNG         | 949 Allende Lane                       |          | 67521       | 122981120653 |
| JAVIER      | ELROD        | 195 Ilorin Street                      |          | 49250       | 8912935608   |
| FERNANDO    | CHURCHILL    | 193 Bhusawal Place                     |          | 9750        | 745267607502 |
| CLINTON     | BUFORD       | 43 Vilnius Manor                       |          | 79814       | 484500282381 |
| TED         | BREAUX       | 183 Haiphong Street                    |          | 69953       | 488600270038 |
| MATHEW      | BOLIN        | 163 Augusta-Richmond County Loop       |          | 33030       | 754579047924 |
| TYRONE      | ASHER        | 191 José Azueta Parkway                |          | 13629       | 932156667696 |
| DARREN      | WINDHAM      | 379 Lublin Parkway                     |          | 74568       | 921960450089 |
| LONNIE      | TIRADO       | 1658 Cumaná Loop                       |          | 51309       | 784907335610 |
| LANCE       | PEMBERTON    | 454 Qinhuangdao Drive                  |          | 25866       | 786270036240 |
| CODY        | NOLEN        | 1715 Okayama Street                    |          | 55676       | 169352919175 |
| JULIO       | NOLAND       | 182 Nuku´alofa Drive                   |          | 15414       | 426346224043 |
| KELLY       | KNOTT        | 390 Wroclaw Way                        |          | 5753        | 357593328658 |
| KURT        | EMMONS       | 1421 Quilmes Lane                      |          | 19151       | 135407755975 |
| ALLAN       | CORNISH      | 947 Tórshavn Place                     |          | 841         | 50898428626  |
| NELSON      | CHRISTENSON  | 1764 Jalib al-Shuyukh Parkway          |          | 77642       | 84794532510  |
| GUY         | BROWNLEE     | 346 Cam Ranh Avenue                    |          | 39976       | 978430786151 |
| CLAYTON     | BARBEE       | 1407 Pachuca de Soto Place             |          | 26284       | 380077794770 |
| HUGH        | WALDROP      | 904 Clarksville Drive                  |          | 52234       | 955349440539 |
| MAX         | PITT         | 1917 Kumbakonam Parkway                |          | 11892       | 698182547686 |
| DWAYNE      | OLVERA       | 1447 Imus Place                        |          | 12905       | 62127829280  |
| DWIGHT      | LOMBARDI     | 1497 Fengshan Drive                    |          | 63022       | 368738360376 |
| ARMANDO     | GRUBER       | 869 Shikarpur Way                      |          | 57380       | 590764256785 |
| FELIX       | GAFFNEY      | 1059 Yuncheng Avenue                   |          | 47498       | 107092893983 |
| JIMMIE      | EGGLESTON    | 505 Madiun Boulevard                   |          | 97271       | 970638808606 |
| EVERETT     | BANDA        | 1741 Hoshiarpur Boulevard              |          | 22372       | 855066328617 |
| JORDAN      | ARCHULETA    | 1229 Varanasi (Benares) Manor          |          | 40195       | 817740355461 |
| IAN         | STILL        | 1894 Boa Vista Way                     |          | 77464       | 239357986667 |
| WALLACE     | SLONE        | 1342 Sharja Way                        |          | 93655       | 946114054231 |
| KEN         | PREWITT      | 1342 Abha Boulevard                    |          | 10714       | 997453607116 |
| BOB         | PFEIFFER     | 415 Pune Avenue                        |          | 44274       | 203202500108 |
| JAIME       | NETTLES      | 1746 Faaa Way                          |          | 32515       | 863080561151 |
| CASEY       | MENA         | 539 Hami Way                           |          | 52196       | 525518075499 |
| ALFREDO     | MCADAMS      | 1407 Surakarta Manor                   |          | 33224       | 324346485054 |
| ALBERTO     | HENNING      | 502 Mandi Bahauddin Parkway            |          | 15992       | 618156722572 |
| DAVE        | GARDINER     | 1052 Pathankot Avenue                  |          | 77397       | 128499386727 |
| IVAN        | CROMWELL     | 1351 Sousse Lane                       |          | 37815       | 203804046132 |
| JOHNNIE     | CHISHOLM     | 1501 Pangkal Pinang Avenue             |          | 943         | 770864062795 |
| SIDNEY      | BURLESON     | 1405 Hagonoy Avenue                    |          | 86587       | 867287719310 |
| BYRON       | BOX          | 521 San Juan Bautista Tuxtepec Place   |          | 95093       | 844018348565 |
| JULIAN      | VEST         | 923 Tangail Boulevard                  |          | 33384       | 315528269898 |
| ISAAC       | OGLESBY      | 186 Skikda Lane                        |          | 89422       | 14465669789  |
| MORRIS      | MCCARTER     | 1568 Celaya Parkway                    |          | 34750       | 278669994384 |
| CLIFTON     | MALCOLM      | 1489 Kakamigahara Lane                 |          | 98883       | 29341849811  |
| WILLARD     | LUMPKIN      | 1819 Alessandria Loop                  |          | 53829       | 377633994405 |
| DARYL       | LARUE        | 1208 Tama Loop                         |          | 73605       | 954786054144 |
| ROSS        | GREY         | 951 Springs Lane                       |          | 96115       | 165164761435 |
| VIRGIL      | WOFFORD      | 760 Miyakonojo Drive                   |          | 64682       | 294449058179 |
| ANDY        | VANHORN      | 966 Asunción Way                       |          | 62703       | 995527378381 |
| MARSHALL    | THORN        | 1584 Ljubertsy Lane                    |          | 22954       | 285710089439 |
| SALVADOR    | TEEL         | 247 Jining Parkway                     |          | 53446       | 170115379190 |
| PERRY       | SWAFFORD     | 773 Dallas Manor                       |          | 12664       | 914466027044 |
| KIRK        | STCLAIR      | 1923 Stara Zagora Lane                 |          | 95179       | 182178609211 |
| SERGIO      | STANFIELD    | 1402 Zanzibar Boulevard                |          | 71102       | 387448063440 |
| MARION      | OCAMPO       | 1464 Kursk Parkway                     |          | 17381       | 338758048786 |
| TRACY       | HERRMANN     | 1074 Sanaa Parkway                     |          | 22474       | 154124128457 |
| SETH        | HANNON       | 1759 Niznekamsk Avenue                 |          | 39414       | 864392582257 |
| KENT        | ARSENAULT    | 32 Liaocheng Way                       |          | 1944        | 410877354933 |
| TERRANCE    | ROUSH        | 42 Fontana Avenue                      |          | 14684       | 437829801725 |
| RENE        | MCALISTER    | 1895 Zhezqazghan Drive                 |          | 36693       | 137809746111 |
| EDUARDO     | HIATT        | 1837 Kaduna Parkway                    |          | 82580       | 640843562301 |
| TERRENCE    | GUNDERSON    | 844 Bucuresti Place                    |          | 36603       | 935952366111 |
| ENRIQUE     | FORSYTHE     | 1101 Bucuresti Boulevard               |          | 97661       | 199514580428 |
| FREDDIE     | DUGGAN       | 1103 Quilmes Boulevard                 |          | 52137       | 644021380889 |
| WADE        | DELVALLE     | 1331 Usak Boulevard                    |          | 61960       | 145308717464 |
| AUSTIN      | CINTRON      | 1325 Fukuyama Street                   |          | 27107       | 288241215394 |
+-------------+--------------+----------------------------------------+----------+-------------+--------------+
599 rows in set (0.0056 sec)
 MySQL  localhost:3306 ssl  sakila  SQL > select a.first_name, a.last_name, b.address, b.address2, b.postal_code, b.phone from customer a inner join address b on address_id = b.address_id;        select a.first_name, a.last_name, b.address, b.address2, b.postal_code, b.phone from customer a inner join address b onaddress_id = b.address_id;         select a.first_name, a.last_name, b.address, b.address2, b.postal_code, b.phone from customer a inner join address b on a.a^Cress_id = b.address_id limit 50;
 MySQL  localhost:3306 ssl  sakila  SQL > select a.first_name, a.last_name, b.address, b.address2, b.postal_code, b.phone from customer a inner join address b on a.address_id = b.address_id order by a.last_name, a.first_name;
+-------------+--------------+----------------------------------------+----------+-------------+--------------+
| first_name  | last_name    | address                                | address2 | postal_code | phone        |
+-------------+--------------+----------------------------------------+----------+-------------+--------------+
| RAFAEL      | ABNEY        | 48 Maracaíbo Place                     |          | 1570        | 82671830126  |
| NATHANIEL   | ADAM         | 786 Matsue Way                         |          | 37469       | 111177206479 |
| KATHLEEN    | ADAMS        | 334 Munger (Monghyr) Lane              |          | 38145       | 481183273622 |
| DIANA       | ALEXANDER    | 1308 Arecibo Way                       |          | 30695       | 6171054059   |
| GORDON      | ALLARD       | 434 Ourense (Orense) Manor             |          | 14122       | 562370137426 |
| SHIRLEY     | ALLEN        | 217 Botshabelo Place                   |          | 49521       | 665356572025 |
| CHARLENE    | ALVAREZ      | 1842 Luziânia Boulevard                |          | 94420       | 706878974831 |
| LISA        | ANDERSON     | 1542 Tarlac Parkway                    |          | 1027        | 635297277345 |
| JOSE        | ANDREW       | 1016 Iwakuni Street                    |          | 49833       | 961370847344 |
| IDA         | ANDREWS      | 1839 Székesfehérvár Parkway            |          | 55709       | 947468818183 |
| OSCAR       | AQUINO       | 956 Nam Dinh Manor                     |          | 21872       | 474047727727 |
| HARRY       | ARCE         | 1922 Miraj Way                         |          | 13203       | 320471479776 |
| JORDAN      | ARCHULETA    | 1229 Varanasi (Benares) Manor          |          | 40195       | 817740355461 |
| MELANIE     | ARMSTRONG    | 1166 Changhwa Street                   |          | 58852       | 650752094490 |
| BEATRICE    | ARNOLD       | 1877 Ezhou Lane                        |          | 63337       | 264541743403 |
| KENT        | ARSENAULT    | 32 Liaocheng Way                       |          | 1944        | 410877354933 |
| CARL        | ARTIS        | 1628 Nagareyama Lane                   |          | 60079       | 20064292617  |
| DARRYL      | ASHCRAFT     | 166 Jinchang Street                    |          | 86760       | 717566026669 |
| TYRONE      | ASHER        | 191 José Azueta Parkway                |          | 13629       | 932156667696 |
| ALMA        | AUSTIN       | 1074 Binzhou Manor                     |          | 36490       | 331132568928 |
| MILDRED     | BAILEY       | 81 Hodeida Way                         |          | 55561       | 250767749542 |
| PAMELA      | BAKER        | 1440 Fukuyama Loop                     |          | 47929       | 912257250465 |
| MARTIN      | BALES        | 368 Huánuco Boulevard                  |          | 17165       | 106439158941 |
| EVERETT     | BANDA        | 1741 Hoshiarpur Boulevard              |          | 22372       | 855066328617 |
| JESSIE      | BANKS        | 1229 Valencia Parkway                  |          | 99124       | 352679173732 |
| CLAYTON     | BARBEE       | 1407 Pachuca de Soto Place             |          | 26284       | 380077794770 |
| ANGEL       | BARCLAY      | 496 Celaya Drive                       |          | 90797       | 759586584889 |
| NICHOLAS    | BARFIELD     | 1163 London Parkway                    |          | 6066        | 675120358494 |
| VICTOR      | BARKLEY      | 401 Sucre Boulevard                    |          | 25007       | 486395999608 |
| RACHEL      | BARNES       | 586 Tete Way                           |          | 1079        | 18581624103  |
| CAROLE      | BARNETT      | 1980 Kamjanets-Podilskyi Street        |          | 89502       | 874337098891 |
| TRACEY      | BARRETT      | 1006 Santa Bárbara d´Oeste Manor       |          | 36229       | 85059738746  |
| DAISY       | BATES        | 661 Chisinau Lane                      |          | 8856        | 816436065431 |
| EDWARD      | BAUGH        | 1359 Zhoushan Parkway                  |          | 29763       | 46568045367  |
| ROBERT      | BAUGHMAN     | 1883 Maikop Lane                       |          | 68469       | 96110042435  |
| JEAN        | BELL         | 1114 Liepaja Street                    |          | 69226       | 212869228936 |
| CHESTER     | BENNER       | 1574 Goiânia Boulevard                 |          | 39529       | 59634255214  |
| JANE        | BENNETT      | 1692 Ede Loop                          |          | 9223        | 918711376618 |
| REGINA      | BERRY        | 475 Atšinsk Way                        |          | 59571       | 201705577290 |
| CHARLIE     | BESS         | 362 Rajkot Lane                        |          | 98030       | 962020153680 |
| MIGUEL      | BETANCOURT   | 319 Springs Loop                       |          | 99552       | 72524459905  |
| HENRY       | BILLINGSLEY  | 1516 Escobar Drive                     |          | 46069       | 64536069371  |
| AGNES       | BISHOP       | 866 Shivapuri Manor                    |          | 22474       | 778502731092 |
| VALERIE     | BLACK        | 782 Mosul Street                       |          | 25545       | 885899703621 |
| DEREK       | BLAKELY      | 118 Jaffna Loop                        |          | 10447       | 325526730021 |
| MATHEW      | BOLIN        | 163 Augusta-Richmond County Loop       |          | 33030       | 754579047924 |
| DON         | BONE         | 596 Huixquilucan Place                 |          | 65892       | 342709348083 |
| LEON        | BOSTIC       | 734 Tanshui Avenue                     |          | 70664       | 366776723320 |
| BOBBY       | BOUDREAU     | 1368 Maracaíbo Boulevard               |          | 32716       | 934352415130 |
| DERRICK     | BOURQUE      | 1153 Allende Way                       |          | 20336       | 856872225376 |
| CLIFFORD    | BOWENS       | 207 Cuernavaca Loop                    |          | 52671       | 782900030287 |
| CAROLINE    | BOWMAN       | 1309 Weifang Street                    |          | 57338       | 435785045362 |
| BYRON       | BOX          | 521 San Juan Bautista Tuxtepec Place   |          | 95093       | 844018348565 |
| EMMA        | BOYD         | 765 Southampton Drive                  |          | 4285        | 23712411567  |
| ANA         | BRADLEY      | 682 Garden Grove Place                 |          | 67497       | 72136330362  |
| TED         | BREAUX       | 183 Haiphong Street                    |          | 69953       | 488600270038 |
| VICKIE      | BREWER       | 1966 Tonghae Street                    |          | 36481       | 567359279425 |
| RUSSELL     | BRINSON      | 1642 Charlotte Amalie Drive            |          | 75442       | 821476736117 |
| BEVERLY     | BROOKS       | 1947 Poços de Caldas Boulevard         |          | 60951       | 427454485876 |
| CHRIS       | BROTHERS     | 331 Bydgoszcz Parkway                  |          | 966         | 537374465982 |
| ELIZABETH   | BROWN        | 53 Idfu Parkway                        |          | 42399       | 10655648674  |
| GUY         | BROWNLEE     | 346 Cam Ranh Avenue                    |          | 39976       | 978430786151 |
| PAULA       | BRYANT       | 1697 Tanauan Lane                      |          | 22870       | 4764773857   |
| CLINTON     | BUFORD       | 43 Vilnius Manor                       |          | 79814       | 484500282381 |
| WESLEY      | BULL         | 1469 Plock Lane                        |          | 95835       | 622884741180 |
| TIMOTHY     | BUNN         | 981 Kumbakonam Place                   |          | 87611       | 829116184079 |
| EDWIN       | BURK         | 1766 Almirante Brown Street            |          | 63104       | 617567598243 |
| LYDIA       | BURKE        | 1483 Pathankot Street                  |          | 37288       | 686015532180 |
| SIDNEY      | BURLESON     | 1405 Hagonoy Avenue                    |          | 86587       | 867287719310 |
| APRIL       | BURNS        | 483 Ljubertsy Parkway                  |          | 60562       | 581174211853 |
| COLLEEN     | BURTON       | 430 Alessandria Loop                   |          | 47446       | 669828224459 |
| LEROY       | BUSTAMANTE   | 105 Dzerzinsk Manor                    |          | 48570       | 240776414296 |
| LOIS        | BUTLER       | 1370 Le Mans Avenue                    |          | 52163       | 345679835036 |
| ALLEN       | BUTTERFIELD  | 791 Salinas Street                     |          | 40509       | 129953030512 |
| DEANNA      | BYRD         | 862 Xintai Lane                        |          | 30065       | 265153400632 |
| DANIEL      | CABRAL       | 543 Bergamo Avenue                     |          | 59686       | 103602195112 |
| KAY         | CALDWELL     | 85 San Felipe de Puerto Plata Drive    |          | 46063       | 170739645687 |
| CATHERINE   | CAMPBELL     | 46 Pjatigorsk Lane                     |          | 23616       | 262076994845 |
| CHAD        | CARBONE      | 1948 Bayugan Parkway                   |          | 60622       | 987306329957 |
| TERRY       | CARLSON      | 752 Ondo Loop                          |          | 32474       | 134673576619 |
| LORETTA     | CARPENTER    | 891 Novi Sad Manor                     |          | 5379        | 247646995453 |
| EILEEN      | CARR         | 1679 Antofagasta Street                |          | 86599       | 905903574913 |
| TONY        | CARRANZA     | 454 Patiala Lane                       |          | 13496       | 794553031307 |
| JUNE        | CARROLL      | 757 Rustenburg Avenue                  |          | 89668       | 506134035434 |
| AMANDA      | CARTER       | 671 Graz Street                        |          | 94399       | 680768868518 |
| TIM         | CARY         | 1257 Guadalajara Street                |          | 33599       | 195337700615 |
| ALFRED      | CASILLAS     | 1727 Matamoros Place                   |          | 78813       | 129673677866 |
| GERTRUDE    | CASTILLO     | 850 Salala Loop                        |          | 10800       | 403404780639 |
| JENNY       | CASTRO       | 1405 Chisinau Place                    |          | 8160        | 62781725285  |
| PHILIP      | CAUSEY       | 954 Lapu-Lapu Way                      |          | 8816        | 737229003916 |
| KRISTINA    | CHAMBERS     | 544 Tarsus Boulevard                   |          | 53145       | 892523334    |
| VERNON      | CHAPA        | 698 Jelets Boulevard                   |          | 2596        | 975185523021 |
| TONYA       | CHAPMAN      | 43 Dadu Avenue                         |          | 4855        | 95666951770  |
| KRISTEN     | CHAVEZ       | 345 Oshawa Boulevard                   |          | 32114       | 104491201771 |
| MARIO       | CHEATHAM     | 1924 Shimonoseki Drive                 |          | 52625       | 406784385440 |
| PEDRO       | CHESTNUT     | 421 Yaoundé Street                     |          | 11363       | 726875628268 |
| JOHNNIE     | CHISHOLM     | 1501 Pangkal Pinang Avenue             |          | 943         | 770864062795 |
| RAMON       | CHOATE       | 1954 Kowloon and New Kowloon Way       |          | 63667       | 898559280434 |
| NELSON      | CHRISTENSON  | 1764 Jalib al-Shuyukh Parkway          |          | 77642       | 84794532510  |
| FERNANDO    | CHURCHILL    | 193 Bhusawal Place                     |          | 9750        | 745267607502 |
| AUSTIN      | CINTRON      | 1325 Fukuyama Street                   |          | 27107       | 288241215394 |
| MICHELLE    | CLARK        | 262 A Coruña (La Coruña) Parkway       |          | 34418       | 892775750063 |
| ADRIAN      | CLARY        | 1986 Sivas Place                       |          | 95775       | 182059202712 |
| BERNARD     | COLBY        | 495 Bhimavaram Lane                    |          | 3           | 82088937724  |
| TRACY       | COLE         | 1002 Ahmadnagar Manor                  |          | 93026       | 371490777743 |
| KATHRYN     | COLEMAN      | 927 Bahía Blanca Parkway               |          | 9495        | 821972242086 |
| TOMMY       | COLLAZO      | 76 Kermanshah Manor                    |          | 23343       | 762361821578 |
| DIANE       | COLLINS      | 115 Hidalgo Parkway                    |          | 80168       | 307703950263 |
| GLORIA      | COOK         | 1668 Saint Louis Place                 |          | 39072       | 347487831378 |
| JOAN        | COOPER       | 1717 Guadalajara Lane                  |          | 85505       | 914090181665 |
| ALLAN       | CORNISH      | 947 Tórshavn Place                     |          | 841         | 50898428626  |
| BRETT       | CORNWELL     | 1197 Sokoto Boulevard                  |          | 87687       | 868602816371 |
| CARLOS      | COUGHLIN     | 97 Mogiljov Lane                       |          | 89294       | 924815207181 |
| JUDITH      | COX          | 1966 Amroha Avenue                     |          | 70385       | 333489324603 |
| GARY        | COY          | 867 Benin City Avenue                  |          | 78543       | 168884817145 |
| BOBBIE      | CRAIG        | 86 Higashiosaka Lane                   |          | 33768       | 957128697225 |
| ESTHER      | CRAWFORD     | 898 Belém Manor                        |          | 49757       | 707169393853 |
| MAURICE     | CRAWLEY      | 1785 São Bernardo do Campo Street      |          | 71182       | 684529463244 |
| IVAN        | CROMWELL     | 1351 Sousse Lane                       |          | 37815       | 203804046132 |
| ALBERT      | CROUSE       | 1641 Changhwa Place                    |          | 37636       | 256546485220 |
| KIM         | CRUZ         | 333 Goiânia Way                        |          | 78625       | 909029256431 |
| THEODORE    | CULP         | 1704 Tambaram Manor                    |          | 2834        | 39463554936  |
| EUGENE      | CULPEPPER    | 686 Donostia-San Sebastián Lane        |          | 97390       | 71857599858  |
| STACY       | CUNNINGHAM   | 1410 Benin City Parkway                |          | 29747       | 104150372603 |
| STEVEN      | CURLEY       | 651 Pathankot Loop                     |          | 59811       | 139378397418 |
| NORMAN      | CURRIER      | 1445 Carmen Parkway                    |          | 70809       | 598912394463 |
| LEAH        | CURTIS       | 906 Goiânia Way                        |          | 83565       | 701767622697 |
| DANIELLE    | DANIELS      | 781 Shimonoseki Drive                  |          | 95444       | 632316273199 |
| PATSY       | DAVIDSON     | 816 Cayenne Parkway                    |          | 93629       | 282874611748 |
| JENNIFER    | DAVIS        | 1795 Santiago de Compostela Way        |          | 18743       | 860452626434 |
| COURTNEY    | DAY          | 300 Junan Street                       |          | 81314       | 890289150158 |
| MARCIA      | DEAN         | 1479 Rustenburg Boulevard              |          | 18727       | 727785483194 |
| ALVIN       | DELOACH      | 1447 Chatsworth Place                  |          | 41545       | 769370126331 |
| RON         | DELUCA       | 1949 Sanya Street                      |          | 61244       | 132100972047 |
| WADE        | DELVALLE     | 1331 Usak Boulevard                    |          | 61960       | 145308717464 |
| HERMAN      | DEVORE       | 64 Korla Street                        |          | 25145       | 510383179153 |
| EMILY       | DIAZ         | 588 Vila Velha Manor                   |          | 51540       | 333339908719 |
| AMBER       | DIXON        | 1029 Dzerzinsk Manor                   |          | 57519       | 33173584456  |
| MARSHA      | DOUGLAS      | 771 Yaoundé Manor                      |          | 86768       | 245477603573 |
| SEAN        | DOUGLASS     | 614 Pak Kret Street                    |          | 27796       | 47808359842  |
| LLOYD       | DOWD         | 935 Aden Boulevard                     |          | 64709       | 335052544020 |
| FREDDIE     | DUGGAN       | 1103 Quilmes Boulevard                 |          | 52137       | 644021380889 |
| SAMANTHA    | DUNCAN       | 146 Johannesburg Way                   |          | 54132       | 953689007081 |
| ERIN        | DUNN         | 1623 Bahía Blanca Manor                |          | 81511       | 149981248346 |
| JEFF        | EAST         | 437 Chungho Drive                      |          | 59489       | 491271355190 |
| BEN         | EASTER       | 886 Tonghae Place                      |          | 19450       | 711928348157 |
| LEO         | EBERT        | 1322 Mosul Parkway                     |          | 95400       | 268053970382 |
| JOYCE       | EDWARDS      | 725 Isesaki Place                      |          | 74428       | 876295323994 |
| JIMMIE      | EGGLESTON    | 505 Madiun Boulevard                   |          | 97271       | 970638808606 |
| MELVIN      | ELLINGTON    | 1557 Cape Coral Parkway                |          | 46875       | 368284120423 |
| KATIE       | ELLIOTT      | 447 Surakarta Loop                     |          | 10428       | 940830176580 |
| GRACE       | ELLIS        | 442 Rae Bareli Place                   |          | 24321       | 886636413768 |
| JAVIER      | ELROD        | 195 Ilorin Street                      |          | 49250       | 8912935608   |
| JARED       | ELY          | 1003 Qinhuangdao Street                |          | 25972       | 35533115997  |
| KURT        | EMMONS       | 1421 Quilmes Lane                      |          | 19151       | 135407755975 |
| TRAVIS      | ESTEP        | 289 Santo André Manor                  |          | 72410       | 214976066017 |
| ANN         | EVANS        | 909 Garland Manor                      |          | 69367       | 705800322606 |
| JOHN        | FARNSWORTH   | 41 El Alto Parkway                     |          | 56883       | 51917807050  |
| ALEXANDER   | FENNELL      | 231 Kaliningrad Place                  |          | 57833       | 575081026569 |
| BERTHA      | FERGUSON     | 1367 Yantai Manor                      |          | 21294       | 889538496300 |
| MELINDA     | FERNANDEZ    | 1820 Maringá Parkway                   |          | 88307       | 99760893676  |
| VICKI       | FIELDS       | 68 Molodetšno Manor                    |          | 4662        | 146640639760 |
| CINDY       | FISHER       | 1079 Tel Aviv-Jaffa Boulevard          |          | 10885       | 358178933857 |
| MYRTLE      | FLEMING      | 532 Toulon Street                      |          | 69517       | 46871694740  |
| MAE         | FLETCHER     | 44 Najafabad Way                       |          | 61391       | 96604821070  |
| JULIA       | FLORES       | 1926 El Alto Avenue                    |          | 75543       | 846225459260 |
| CRYSTAL     | FORD         | 659 Vaduz Drive                        |          | 49708       | 709935135487 |
| MICHEAL     | FORMAN       | 203 Tambaram Street                    |          | 73942       | 411549550611 |
| ENRIQUE     | FORSYTHE     | 1101 Bucuresti Boulevard               |          | 97661       | 199514580428 |
| RAUL        | FORTIER      | 1747 Rustenburg Place                  |          | 51369       | 442673923363 |
| HOWARD      | FORTNER      | 220 Hidalgo Drive                      |          | 45298       | 342720754566 |
| PHYLLIS     | FOSTER       | 832 Nakhon Sawan Manor                 |          | 49021       | 275595571388 |
| JACK        | FOUST        | 1378 Beira Loop                        |          | 40792       | 840957664136 |
| JO          | FOWLER       | 786 Stara Zagora Way                   |          | 98332       | 716256596301 |
| HOLLY       | FOX          | 435 0 Way                              |          | 74750       | 760171523969 |
| JUAN        | FRALEY       | 469 Nakhon Sawan Street                |          | 58866       | 689199636560 |
| JOEL        | FRANCISCO    | 287 Cuautla Boulevard                  |          | 72736       | 82619513349  |
| BETH        | FRANKLIN     | 1149 A Coruña (La Coruña) Boulevard    |          | 95824       | 470884141195 |
| GLENDA      | FRAZIER      | 1246 Boksburg Parkway                  |          | 28349       | 890283544295 |
| SHANNON     | FREEMAN      | 117 Boa Vista Way                      |          | 6804        | 677976133614 |
| CLAUDIA     | FULLER       | 346 Skikda Parkway                     |          | 90628       | 630424482919 |
| GERALD      | FULTZ        | 45 Aparecida de Goiânia Place          |          | 7431        | 650496654258 |
| FELIX       | GAFFNEY      | 1059 Yuncheng Avenue                   |          | 47498       | 107092893983 |
| RANDY       | GAITHER      | 1618 Olomouc Manor                     |          | 26385       | 96846695220  |
| CLARENCE    | GAMEZ        | 767 Pyongyang Drive                    |          | 83536       | 667736124769 |
| FLOYD       | GANDY        | 1088 Ibirité Place                     |          | 88502       | 49084281333  |
| JAMES       | GANNON       | 1635 Kuwana Boulevard                  |          | 52137       | 710603868323 |
| CAROL       | GARCIA       | 320 Brest Avenue                       |          | 43331       | 747791594069 |
| DAVE        | GARDINER     | 1052 Pathankot Avenue                  |          | 77397       | 128499386727 |
| JOANN       | GARDNER      | 842 Salzburg Lane                      |          | 3313        | 697151428760 |
| NELLIE      | GARRETT      | 1964 Gijón Manor                       |          | 14408       | 918119601885 |
| PEARL       | GARZA        | 60 Poços de Caldas Street              |          | 82338       | 963063788669 |
| BILL        | GAVIN        | 1485 Bratislava Place                  |          | 83183       | 924663855568 |
| RUBEN       | GEARY        | 414 Mandaluyong Street                 |          | 16370       | 52709222667  |
| JOY         | GEORGE       | 1256 Bislig Boulevard                  |          | 50598       | 479007229460 |
| VICTORIA    | GIBSON       | 544 Malmö Parkway                      |          | 63502       | 386759646229 |
| TANYA       | GILBERT      | 647 A Coruña (La Coruña) Street        |          | 36971       | 792557457753 |
| DUSTIN      | GILLETTE     | 1854 Okara Boulevard                   |          | 42123       | 131912793873 |
| JOE         | GILLILAND    | 953 Hodeida Street                     |          | 18841       | 53912826864  |
| DENNIS      | GILMAN       | 1443 Mardan Street                     |          | 31483       | 231383037471 |
| JOSEPHINE   | GOMEZ        | 211 Chiayi Drive                       |          | 58186       | 665993880048 |
| NORMA       | GONZALES     | 152 Kitwe Parkway                      |          | 53182       | 835433605312 |
| MARTHA      | GONZALEZ     | 269 Cam Ranh Parkway                   |          | 34689       | 489783829737 |
| ADAM        | GOOCH        | 230 Urawa Drive                        |          | 2738        | 166898395731 |
| KENNETH     | GOODEN       | 1542 Lubumbashi Boulevard              |          | 62472       | 508800331065 |
| LESLIE      | GORDON       | 374 Bat Yam Boulevard                  |          | 97700       | 923261616249 |
| DOUGLAS     | GRAF         | 785 Vaduz Street                       |          | 36170       | 895616862749 |
| RITA        | GRAHAM       | 1386 Yangor Avenue                     |          | 80720       | 449216226468 |
| MICHELE     | GRANT        | 798 Cianjur Avenue                     |          | 76990       | 499408708580 |
| BRANDY      | GRAVES       | 1944 Bamenda Way                       |          | 24645       | 75975221996  |
| JUDY        | GRAY         | 1031 Daugavpils Parkway                |          | 59025       | 107137400143 |
| CHRISTOPHER | GRECO        | 1224 Huejutla de Reyes Boulevard       |          | 70923       | 806016930576 |
| VIRGINIA    | GREEN        | 391 Callao Drive                       |          | 34021       | 440512153169 |
| JEANETTE    | GREENE       | 1077 San Felipe de Puerto Plata Place  |          | 65387       | 812824036424 |
| SONIA       | GREGORY      | 1279 Udine Parkway                     |          | 75860       | 195003555232 |
| ALEX        | GRESHAM      | 251 Florencia Drive                    |          | 16119       | 118011831565 |
| ROSS        | GREY         | 951 Springs Lane                       |          | 96115       | 165164761435 |
| LILLIAN     | GRIFFIN      | 669 Firozabad Loop                     |          | 92265       | 412903167998 |
| THOMAS      | GRIGSBY      | 1191 Sungai Petani Boulevard           |          | 9668        | 983259819766 |
| TERRY       | GRISSOM      | 619 Huánuco Avenue                     |          | 81508       | 142596392389 |
| ARMANDO     | GRUBER       | 869 Shikarpur Way                      |          | 57380       | 590764256785 |
| HARVEY      | GUAJARDO     | 600 Purnea (Purnia) Avenue             |          | 18043       | 638409958875 |
| ERIK        | GUILLEN      | 635 Brest Manor                        |          | 40899       | 80593242951  |
| TERRENCE    | GUNDERSON    | 844 Bucuresti Place                    |          | 36603       | 935952366111 |
| CARLA       | GUTIERREZ    | 642 Nador Drive                        |          | 3924        | 369050085652 |
| RAMONA      | HALE         | 951 Stara Zagora Manor                 |          | 98573       | 429925609431 |
| JESSICA     | HALL         | 18 Duisburg Boulevard                  |          | 58327       | 998009777982 |
| GLADYS      | HAMILTON     | 1177 Jelets Way                        |          | 3305        | 484292626944 |
| SETH        | HANNON       | 1759 Niznekamsk Avenue                 |          | 39414       | 864392582257 |
| DELORES     | HANSEN       | 810 Palghat (Palakkad) Boulevard       |          | 73431       | 516331171356 |
| VIOLA       | HANSON       | 582 Papeete Loop                       |          | 27722       | 569868543137 |
| GABRIEL     | HARDER       | 680 A Coruña (La Coruña) Manor         |          | 49806       | 158326114853 |
| BRYAN       | HARDISON     | 530 Lausanne Lane                      |          | 11067       | 775235029633 |
| BRENT       | HARKINS      | 319 Plock Parkway                      |          | 26101       | 854259976812 |
| ROBERTA     | HARPER       | 927 Barcelona Street                   |          | 65121       | 951486492670 |
| HELEN       | HARRIS       | 419 Iligan Lane                        |          | 72878       | 990911107354 |
| WENDY       | HARRISON     | 1107 Nakhon Sawan Avenue               |          | 75149       | 867546627903 |
| DANA        | HART         | 1089 Iwatsuki Avenue                   |          | 35109       | 866092335135 |
| ARLENE      | HARVEY       | 1014 Loja Manor                        |          | 66851       | 460795526514 |
| COREY       | HAUSER       | 984 Novotšerkassk Loop                 |          | 28165       | 435118527255 |
| ARNOLD      | HAVENS       | 1176 Southend-on-Sea Manor             |          | 81651       | 236679267178 |
| JILL        | HAWKINS      | 1440 Compton Place                     |          | 81037       | 931059836497 |
| LEE         | HAWKS        | 1661 Abha Drive                        |          | 14400       | 270456873752 |
| ROBIN       | HAYES        | 1913 Kamakura Place                    |          | 97287       | 942570536750 |
| SHAWN       | HEATON       | 1337 Mit Ghamr Avenue                  |          | 29810       | 175283210378 |
| ANDREA      | HENDERSON    | 320 Baiyin Parkway                     |          | 37307       | 223664661973 |
| ALBERTO     | HENNING      | 502 Mandi Bahauddin Parkway            |          | 15992       | 618156722572 |
| PAULINE     | HENRY        | 261 Saint Louis Way                    |          | 83401       | 321944036800 |
| ANGELA      | HERNANDEZ    | 786 Aurora Avenue                      |          | 65750       | 18461860151  |
| NORA        | HERRERA      | 1587 Loja Manor                        |          | 5410        | 621625204422 |
| TRACY       | HERRMANN     | 1074 Sanaa Parkway                     |          | 22474       | 154124128457 |
| CLAUDE      | HERZOG       | 486 Ondo Parkway                       |          | 35202       | 105882218332 |
| EDUARDO     | HIATT        | 1837 Kaduna Parkway                    |          | 82580       | 640843562301 |
| MONICA      | HICKS        | 1752 São Leopoldo Parkway              |          | 14014       | 252265130067 |
| MARCUS      | HIDALGO      | 1289 Belém Boulevard                   |          | 88306       | 237368926031 |
| ANNA        | HILL         | 127 Purnea (Purnia) Manor              |          | 79388       | 911872220378 |
| ZACHARY     | HITE         | 98 Pyongyang Boulevard                 |          | 88749       | 191958435142 |
| MATTIE      | HOFFMAN      | 1497 Yuzhou Drive                      |          | 3433        | 246810237916 |
| MABEL       | HOLLAND      | 51 Laredo Avenue                       |          | 68146       | 884536620568 |
| PHILLIP     | HOLM         | 102 Chapra Drive                       |          | 14073       | 776031833752 |
| LUCILLE     | HOLMES       | 999 Sanaa Loop                         |          | 3439        | 918032330119 |
| TONI        | HOLT         | 1936 Cumaná Avenue                     |          | 61195       | 976798660411 |
| HILDA       | HOPKINS      | 1831 Nam Dinh Loop                     |          | 51990       | 322888976727 |
| BILLIE      | HORTON       | 457 Tongliao Loop                      |          | 56254       | 880756161823 |
| RAY         | HOULE        | 740 Udaipur Lane                       |          | 33505       | 497288595103 |
| ROSE        | HOWARD       | 698 Otsu Street                        |          | 71110       | 409983924481 |
| WILLIE      | HOWELL       | 1244 Allappuzha (Alleppey) Place       |          | 20657       | 991802825778 |
| MILTON      | HOWLAND      | 758 Korolev Parkway                    |          | 75474       | 441628280920 |
| LAUREN      | HUDSON       | 1740 Le Mans Loop                      |          | 22853       | 168476538960 |
| BRANDON     | HUEY         | 1912 Emeishan Drive                    |          | 33050       | 99883471275  |
| BONNIE      | HUGHES       | 1942 Ciparay Parkway                   |          | 82624       | 978987363654 |
| ELEANOR     | HUNT         | 1952 Pune Lane                         |          | 92150       | 354615066969 |
| CHARLOTTE   | HUNTER       | 758 Junan Lane                         |          | 82639       | 935448624185 |
| JEREMY      | HURTADO      | 1133 Rizhao Avenue                     |          | 2800        | 600264533987 |
| CURTIS      | IRBY         | 432 Garden Grove Street                |          | 65630       | 615964523510 |
| FREDERICK   | ISBELL       | 1404 Taguig Drive                      |          | 87212       | 572068624538 |
| DANNY       | ISOM         | 734 Béchar Place                       |          | 30586       | 280578750435 |
| KAREN       | JACKSON      | 270 Amroha Parkway                     |          | 29610       | 695479687538 |
| GEORGIA     | JACOBS       | 954 Kimchon Place                      |          | 42420       | 541327526474 |
| KATHY       | JAMES        | 492 Cam Ranh Street                    |          | 50805       | 565018274456 |
| LOUISE      | JENKINS      | 929 Tallahassee Loop                   |          | 74671       | 800716535041 |
| NAOMI       | JENNINGS     | 1884 Shikarpur Avenue                  |          | 85548       | 959949395183 |
| LENA        | JENSEN       | 1027 Banjul Place                      |          | 50390       | 538241037443 |
| OLGA        | JIMENEZ      | 556 Baybay Manor                       |          | 55802       | 363982224739 |
| PATRICIA    | JOHNSON      | 1121 Loja Avenue                       |          | 17886       | 838635286649 |
| KRISTIN     | JOHNSTON     | 226 Brest Manor                        |          | 2299        | 785881412500 |
| BARBARA     | JONES        | 1566 Inegöl Manor                      |          | 53561       | 705814003527 |
| TIFFANY     | JORDAN       | 804 Elista Drive                       |          | 61069       | 379804592943 |
| JERRY       | JORDON       | 124 al-Manama Way                      |          | 52368       | 647899404952 |
| JOSEPH      | JOY          | 1354 Siegen Street                     |          | 80184       | 573441801529 |
| CHRISTIAN   | JUNG         | 949 Allende Lane                       |          | 67521       | 122981120653 |
| ALAN        | KAHN         | 753 Ilorin Avenue                      |          | 3656        | 464511145118 |
| ELSIE       | KELLEY       | 955 Bamenda Way                        |          | 1545        | 768481779568 |
| DENISE      | KELLY        | 1206 Dos Quebradas Place               |          | 20207       | 241832790687 |
| RHONDA      | KENNEDY      | 1749 Daxian Place                      |          | 11044       | 963369996279 |
| JEROME      | KENYON       | 1872 Toulon Loop                       |          | 7939        | 928809465153 |
| LILLIE      | KIM          | 1736 Cavite Place                      |          | 98775       | 431770603551 |
| REGINALD    | KINDER       | 519 Brescia Parkway                    |          | 69504       | 793996678771 |
| MELISSA     | KING         | 1668 Anápolis Street                   |          | 50199       | 525255540978 |
| GAIL        | KNIGHT       | 185 Novi Sad Place                     |          | 41778       | 904253967161 |
| KELLY       | KNOTT        | 390 Wroclaw Way                        |          | 5753        | 357593328658 |
| CHARLES     | KOWALSKI     | 715 São Bernardo do Campo Lane         |          | 84804       | 181179321332 |
| LESTER      | KRAUS        | 1013 Tabuk Boulevard                   |          | 96203       | 158399646978 |
| HERBERT     | KRUGER       | 1823 Hoshiarpur Lane                   |          | 33191       | 307133768620 |
| MISTY       | LAMBERT      | 1192 Tongliao Street                   |          | 19065       | 350970907017 |
| JACOB       | LANCE        | 1866 al-Qatif Avenue                   |          | 89420       | 546793516940 |
| RENEE       | LANE         | 533 al-Ayn Boulevard                   |          | 8862        | 662227486184 |
| HEIDI       | LARSON       | 1103 Bilbays Parkway                   |          | 87660       | 279979529227 |
| DARYL       | LARUE        | 1208 Tama Loop                         |          | 73605       | 954786054144 |
| LAURIE      | LAWRENCE     | 9 San Miguel de Tucumán Manor          |          | 90845       | 956188728558 |
| JEANNE      | LAWSON       | 387 Mwene-Ditu Drive                   |          | 8073        | 764477681869 |
| LAWRENCE    | LAWTON       | 114 Jalib al-Shuyukh Manor             |          | 60440       | 845378657301 |
| KIMBERLY    | LEE          | 96 Tafuna Way                          |          | 99865       | 934730187245 |
| LOUIS       | LEONE        | 1191 Tandil Drive                      |          | 6362        | 45554316010  |
| SARAH       | LEWIS        | 1780 Hino Boulevard                    |          | 7716        | 902731229323 |
| GEORGE      | LINTON       | 1957 Yantai Lane                       |          | 59255       | 704948322302 |
| MAUREEN     | LITTLE       | 201 Effon-Alaiye Way                   |          | 64344       | 684192903087 |
| DWIGHT      | LOMBARDI     | 1497 Fengshan Drive                    |          | 63022       | 368738360376 |
| JACQUELINE  | LONG         | 870 Ashqelon Loop                      |          | 84931       | 135117278909 |
| AMY         | LOPEZ        | 176 Mandaluyong Place                  |          | 65213       | 627705991774 |
| BARRY       | LOVELACE     | 1836 Korla Parkway                     |          | 55405       | 689681677428 |
| PRISCILLA   | LOWE         | 144 South Hill Loop                    |          | 2012        | 45387294817  |
| VELMA       | LUCAS        | 1155 Liaocheng Place                   |          | 22650       | 558236142492 |
| WILLARD     | LUMPKIN      | 1819 Alessandria Loop                  |          | 53829       | 377633994405 |
| LEWIS       | LYMAN        | 632 Usolje-Sibirskoje Parkway          |          | 73085       | 667648979883 |
| JACKIE      | LYNCH        | 98 Stara Zagora Boulevard              |          | 76448       | 610173756082 |
| STEVE       | MACKENZIE    | 154 Oshawa Manor                       |          | 72771       | 440365973660 |
| RALPH       | MADRIGAL     | 1009 Zanzibar Lane                     |          | 64875       | 102396298916 |
| MATTHEW     | MAHAN        | 479 San Felipe del Progreso Avenue     |          | 54949       | 869051782691 |
| DONALD      | MAHON        | 1774 Yaoundé Place                     |          | 91400       | 613124286867 |
| CLIFTON     | MALCOLM      | 1489 Kakamigahara Lane                 |          | 98883       | 29341849811  |
| JOSHUA      | MARK         | 1920 Weifang Avenue                    |          | 15643       | 869507847714 |
| WILLIE      | MARKHAM      | 1623 Kingstown Drive                   |          | 91299       | 296394569728 |
| SAMUEL      | MARLOW       | 604 Bern Place                         |          | 5373        | 620719383725 |
| SHERRY      | MARSHALL     | 1987 Coacalco de Berriozábal Loop      |          | 96065       | 787654415858 |
| CALVIN      | MARTEL       | 138 Caracas Boulevard                  |          | 16790       | 974433019532 |
| SANDRA      | MARTIN       | 360 Toulouse Parkway                   |          | 54308       | 949312333307 |
| RUTH        | MARTINEZ     | 1417 Lancaster Avenue                  |          | 72192       | 272572357893 |
| HAROLD      | MARTINO      | 1293 Nam Dinh Way                      |          | 71583       | 697656479977 |
| JUANITA     | MASON        | 943 Johannesburg Avenue                |          | 5892        | 90921003005  |
| ERICA       | MATTHEWS     | 1294 Firozabad Drive                   |          | 70618       | 161801569569 |
| RICK        | MATTOX       | 775 Šostka Drive                       |          | 22358       | 171973024401 |
| GREGORY     | MAULDIN      | 507 Smolensk Loop                      |          | 22971       | 80303246192  |
| GWENDOLYN   | MAY          | 446 Kirovo-Tšepetsk Lane               |          | 19428       | 303967439816 |
| ALFREDO     | MCADAMS      | 1407 Surakarta Manor                   |          | 33224       | 324346485054 |
| RENE        | MCALISTER    | 1895 Zhezqazghan Drive                 |          | 36693       | 137809746111 |
| MORRIS      | MCCARTER     | 1568 Celaya Parkway                    |          | 34750       | 278669994384 |
| JESUS       | MCCARTNEY    | 259 Ipoh Drive                         |          | 64964       | 419009857119 |
| VERA        | MCCOY        | 1168 Najafabad Parkway                 |          | 40301       | 886649065861 |
| RICHARD     | MCCRARY      | 913 Coacalco de Berriozábal Loop       |          | 42141       | 262088367001 |
| BRAD        | MCCURDY      | 608 Birgunj Parkway                    |          | 400         | 627425618482 |
| EDITH       | MCDONALD     | 1967 Sincelejo Place                   |          | 73644       | 577812616052 |
| SAM         | MCDUFFIE     | 656 Matamoros Drive                    |          | 19489       | 17305839123  |
| MIRIAM      | MCKINNEY     | 1336 Benin City Drive                  |          | 46044       | 341242939532 |
| RAYMOND     | MCWHORTER    | 503 Sogamoso Loop                      |          | 49812       | 834626715837 |
| RICARDO     | MEADOR       | 591 Sungai Petani Drive                |          | 46400       | 37247325001  |
| DORA        | MEDINA       | 1760 Oshawa Manor                      |          | 38140       | 56257502250  |
| CORY        | MEEHAN       | 556 Asunción Way                       |          | 35364       | 338244023543 |
| ANTONIO     | MEEK         | 1190 0 Place                           |          | 10417       | 841876514789 |
| CASEY       | MENA         | 539 Hami Way                           |          | 52196       | 525518075499 |
| PETER       | MENARD       | 1217 Konotop Avenue                    |          | 504         | 718917251754 |
| MARIAN      | MENDOZA      | 829 Grand Prairie Way                  |          | 6461        | 741070712873 |
| NATALIE     | MEYER        | 1201 Qomsheh Manor                     |          | 21464       | 873492228462 |
| JESSIE      | MILAM        | 1332 Gaziantep Lane                    |          | 22813       | 383353187467 |
| BECKY       | MILES        | 1993 Tabuk Lane                        |          | 64221       | 648482415405 |
| SHANE       | MILLARD      | 184 Mandaluyong Street                 |          | 94239       | 488425406814 |
| MARIA       | MILLER       | 900 Santiago de Compostela Parkway     |          | 93896       | 716571220373 |
| ALICIA      | MILLS        | 1963 Moscow Place                      |          | 64863       | 761379480249 |
| TOM         | MILNER       | 535 Ahmadnagar Manor                   |          | 41136       | 985109775584 |
| STEPHANIE   | MITCHELL     | 42 Brindisi Place                      |          | 16744       | 42384721397  |
| RODNEY      | MOELLER      | 1936 Lapu-Lapu Parkway                 |          | 7122        | 653436985797 |
| STACEY      | MONTGOMERY   | 1333 Haldia Street                     |          | 82161       | 408304391718 |
| MARGARET    | MOORE        | 613 Korolev Drive                      |          | 45844       | 380657522649 |
| ANITA       | MORALES      | 788 Atšinsk Street                     |          | 81691       | 146497509724 |
| STELLA      | MORENO       | 1473 Changhwa Parkway                  |          | 75933       | 266798132374 |
| EVELYN      | MORGAN       | 943 Tokat Street                       |          | 45428       | 889318963672 |
| CRAIG       | MORRELL      | 717 Changzhou Lane                     |          | 21615       | 426255288071 |
| HEATHER     | MORRIS       | 17 Kabul Boulevard                     |          | 38594       | 697760867968 |
| BESSIE      | MORRISON     | 1926 Gingoog Street                    |          | 22824       | 469738825391 |
| JASON       | MORRISSEY    | 1427 A Coruña (La Coruña) Place        |          | 85799       | 972574862516 |
| BRADLEY     | MOTLEY       | 1596 Acuña Parkway                     |          | 70425       | 157133457169 |
| CHERYL      | MURPHY       | 1213 Ranchi Parkway                    |          | 94352       | 800024380485 |
| THELMA      | MURRAY       | 1175 Tanauan Way                       |          | 64615       | 937222955822 |
| MANUEL      | MURRELL      | 692 Amroha Drive                       |          | 35575       | 359478883004 |
| PEGGY       | MYERS        | 733 Mandaluyong Place                  |          | 77459       | 196568435814 |
| PENNY       | NEAL         | 1675 Xi´angfan Manor                   |          | 11763       | 271149517630 |
| DEBRA       | NELSON       | 306 Antofagasta Place                  |          | 3989        | 378318851631 |
| JAIME       | NETTLES      | 1746 Faaa Way                          |          | 32515       | 863080561151 |
| RANDALL     | NEUMANN      | 1245 Ibirité Way                       |          | 40926       | 331888642162 |
| PATRICK     | NEWSOM       | 68 Ponce Parkway                       |          | 85926       | 870635127812 |
| JUSTIN      | NGO          | 519 Nyeri Manor                        |          | 37650       | 764680915323 |
| TAMARA      | NGUYEN       | 356 Olomouc Manor                      |          | 93323       | 22326410776  |
| SUZANNE     | NICHOLS      | 456 Escobar Way                        |          | 36061       | 719202533520 |
| ELMER       | NOE          | 1768 Udine Loop                        |          | 32347       | 448876499197 |
| JULIO       | NOLAND       | 182 Nuku´alofa Drive                   |          | 15414       | 426346224043 |
| CODY        | NOLEN        | 1715 Okayama Street                    |          | 55676       | 169352919175 |
| LEONA       | OBRIEN       | 1308 Sumy Loop                         |          | 30657       | 583021225407 |
| MARION      | OCAMPO       | 1464 Kursk Parkway                     |          | 17381       | 338758048786 |
| ISAAC       | OGLESBY      | 186 Skikda Lane                        |          | 89422       | 14465669789  |
| JORGE       | OLIVARES     | 1078 Stara Zagora Drive                |          | 69221       | 932992626595 |
| ELLA        | OLIVER       | 751 Lima Loop                          |          | 99405       | 756460337785 |
| ANNETTE     | OLSON        | 431 Xi´angtan Avenue                   |          | 4854        | 230250973122 |
| DWAYNE      | OLVERA       | 1447 Imus Place                        |          | 12905       | 62127829280  |
| SYLVIA      | ORTIZ        | 241 Mosul Lane                         |          | 76157       | 765345144779 |
| MARC        | OUTLAW       | 1 Valle de Santiago Avenue             |          | 86208       | 465897838272 |
| CARMEN      | OWENS        | 1378 Alvorada Avenue                   |          | 75834       | 272234298332 |
| DAN         | PAINE        | 808 Naçala-Porto Parkway               |          | 41060       | 553452430707 |
| MEGAN       | PALMER       | 1560 Jelets Boulevard                  |          | 77777       | 189446090264 |
| FRANCES     | PARKER       | 686 Garland Manor                      |          | 52535       | 69493378813  |
| WANDA       | PATTERSON    | 1740 Portoviejo Avenue                 |          | 29932       | 198123170793 |
| LYNN        | PAYNE        | 710 San Felipe del Progreso Avenue     |          | 76901       | 843801144113 |
| IRMA        | PEARSON      | 127 Iwakuni Boulevard                  |          | 20777       | 987442542471 |
| LANCE       | PEMBERTON    | 454 Qinhuangdao Drive                  |          | 25866       | 786270036240 |
| ERIKA       | PENA         | 898 Jining Lane                        |          | 40070       | 161643343536 |
| CAROLYN     | PEREZ        | 1632 Bislig Avenue                     |          | 61117       | 471675840679 |
| GERALDINE   | PERKINS      | 97 Shimoga Avenue                      |          | 44660       | 177167004331 |
| SARA        | PERRY        | 125 Città del Vaticano Boulevard       |          | 67912       | 48417642933  |
| WALTER      | PERRYMAN     | 1909 Benguela Lane                     |          | 19913       | 624138001031 |
| SUE         | PETERS       | 817 Bradford Loop                      |          | 89459       | 264286442804 |
| NICOLE      | PETERSON     | 57 Arlington Manor                     |          | 48960       | 990214419142 |
| BOB         | PFEIFFER     | 415 Pune Avenue                        |          | 44274       | 203202500108 |
| JANET       | PHILLIPS     | 1718 Valencia Street                   |          | 37359       | 675292816413 |
| SALLY       | PIERCE       | 1540 Wroclaw Drive                     |          | 62686       | 182363341674 |
| JEFFERY     | PINSON       | 966 Arecibo Loop                       |          | 94018       | 15273765306  |
| MAX         | PITT         | 1917 Kumbakonam Parkway                |          | 11892       | 698182547686 |
| HECTOR      | POINDEXTER   | 185 Mannheim Lane                      |          | 23661       | 589377568313 |
| CARRIE      | PORTER       | 1854 Tieli Street                      |          | 15819       | 509492324775 |
| BILLY       | POULIN       | 1061 Ede Avenue                        |          | 57810       | 333390595558 |
| ANNE        | POWELL       | 1557 Kütahya Boulevard                 |          | 88002       | 720998247660 |
| DARRELL     | POWER        | 1844 Usak Avenue                       |          | 84461       | 164414772677 |
| KEN         | PREWITT      | 1342 Abha Boulevard                    |          | 10714       | 997453607116 |
| IRENE       | PRICE        | 602 Paarl Street                       |          | 98889       | 896314772871 |
| GLENN       | PULLEN       | 992 Klerksdorp Loop                    |          | 33711       | 855290087237 |
| ANDREW      | PURDY        | 431 Székesfehérvár Avenue              |          | 57828       | 119501405123 |
| STEPHEN     | QUALLS       | 1838 Tabriz Lane                       |          | 1195        | 38988715447  |
| TROY        | QUIGLEY      | 983 Santa Fé Way                       |          | 47472       | 145720452260 |
| ROGER       | QUINTANILLA  | 381 Kabul Way                          |          | 87272       | 55477302294  |
| VINCENT     | RALSTON      | 397 Sunnyvale Avenue                   |          | 55566       | 680851640676 |
| CHRISTINA   | RAMIREZ      | 1124 Buenaventura Drive                |          | 6856        | 407733804223 |
| EVA         | RAMOS        | 1666 Beni-Mellal Place                 |          | 13377       | 9099941466   |
| ANDRE       | RAPP         | 568 Dhule (Dhulia) Loop                |          | 92568       | 602101369463 |
| DALE        | RATCLIFF     | 1639 Saarbrücken Drive                 |          | 9827        | 328494873422 |
| AUDREY      | RAY          | 1010 Klerksdorp Way                    |          | 6802        | 493008546874 |
| JIM         | REA          | 814 Simferopol Loop                    |          | 48745       | 524567129902 |
| DORIS       | REED         | 1697 Kowloon and New Kowloon Loop      |          | 57807       | 499352017190 |
| CONSTANCE   | REID         | 885 Yingkou Manor                      |          | 31390       | 588964509072 |
| NEIL        | RENNER       | 1817 Livorno Way                       |          | 79401       | 478380208348 |
| DEBBIE      | REYES        | 928 Jaffna Loop                        |          | 93762       | 581852137991 |
| ROSA        | REYNOLDS     | 793 Cam Ranh Avenue                    |          | 87057       | 824370924746 |
| EDGAR       | RHOADS       | 1269 Ipoh Avenue                       |          | 54674       | 402630109080 |
| SHERRI      | RHODES       | 922 Vila Velha Loop                    |          | 4085        | 510737228015 |
| JAMIE       | RICE         | 879 Newcastle Way                      |          | 90732       | 206841104594 |
| WILMA       | RICHARDS     | 660 Jedda Boulevard                    |          | 25053       | 168758068397 |
| ASHLEY      | RICHARDSON   | 1214 Hanoi Way                         |          | 67055       | 491001136577 |
| RONNIE      | RICKETTS     | 1889 Valparai Way                      |          | 75559       | 670370974122 |
| KEITH       | RICO         | 482 Kowloon and New Kowloon Manor      |          | 97056       | 738968474939 |
| BRITTANY    | RILEY        | 140 Chiayi Parkway                     |          | 38982       | 855863906434 |
| MARK        | RINEHART     | 780 Kimberley Way                      |          | 17032       | 824396883951 |
| KATHERINE   | RIVERA       | 915 Ponce Place                        |          | 83980       | 1395251317   |
| JAY         | ROBB         | 1947 Paarl Way                         |          | 23636       | 834061016202 |
| ERIC        | ROBERT       | 430 Kumbakonam Drive                   |          | 28814       | 105470691550 |
| CHRISTINE   | ROBERTS      | 1447 Imus Way                          |          | 48942       | 539758313890 |
| JOANNE      | ROBERTSON    | 1337 Lincoln Parkway                   |          | 99457       | 597815221267 |
| GREG        | ROBINS       | 1786 Salinas Place                     |          | 66546       | 206060652238 |
| SHARON      | ROBINSON     | 1688 Okara Way                         |          | 21954       | 144453869132 |
| LAURA       | RODRIGUEZ    | 28 Charlotte Amalie Street             |          | 37551       | 161968374323 |
| VIOLET      | RODRIQUEZ    | 1912 Allende Manor                     |          | 58124       | 172262454487 |
| TERESA      | ROGERS       | 1964 Allappuzha (Alleppey) Street      |          | 48980       | 920811325222 |
| MINNIE      | ROMERO       | 47 Syktyvkar Lane                      |          | 22236       | 63937119031  |
| DARLENE     | ROSE         | 1386 Nakhon Sawan Boulevard            |          | 53502       | 368899174225 |
| MARILYN     | ROSS         | 1888 Kabul Drive                       |          | 20936       | 701457319790 |
| TERRANCE    | ROUSH        | 42 Fontana Avenue                      |          | 14684       | 437829801725 |
| DAVID       | ROYAL        | 827 Yuncheng Drive                     |          | 79047       | 504434452842 |
| VIVIAN      | RUIZ         | 741 Ambattur Manor                     |          | 43310       | 302590383819 |
| NATHAN      | RUNYON       | 264 Bhimavaram Manor                   |          | 54749       | 302526949177 |
| ANNIE       | RUSSELL      | 1599 Plock Drive                       |          | 71986       | 817248913162 |
| TARA        | RYAN         | 1688 Nador Lane                        |          | 61613       | 652218196731 |
| RYAN        | SALISBURY    | 1673 Tangail Drive                     |          | 26857       | 627924259271 |
| GENE        | SANBORN      | 1416 San Juan Bautista Tuxtepec Avenue |          | 50592       | 144206758053 |
| JULIE       | SANCHEZ      | 939 Probolinggo Loop                   |          | 4166        | 680428310138 |
| TAMMY       | SANDERS      | 1551 Rampur Lane                       |          | 72394       | 251164340471 |
| WILLIAM     | SATTERFIELD  | 687 Alessandria Parkway                |          | 57587       | 407218522294 |
| DEAN        | SAUER        | 270 Tambaram Parkway                   |          | 9668        | 248446668735 |
| JONATHAN    | SCARBOROUGH  | 1698 Southport Loop                    |          | 49009       | 754358349853 |
| JESSE       | SCHILLING    | 514 Ife Way                            |          | 69973       | 900235712074 |
| ROSEMARY    | SCHMIDT      | 1215 Pyongyang Parkway                 |          | 25238       | 646237101779 |
| LEONARD     | SCHOFIELD    | 88 Nagaon Manor                        |          | 86868       | 779461480495 |
| JIMMY       | SCHRADER     | 616 Hagonoy Avenue                     |          | 46043       | 604177838256 |
| KEVIN       | SCHULER      | 470 Boksburg Street                    |          | 97960       | 908029859266 |
| ANTHONY     | SCHWAB       | 1892 Nabereznyje Tšelny Lane           |          | 28396       | 478229987054 |
| BRUCE       | SCHWARZ      | 1565 Tangail Manor                     |          | 45750       | 634445428822 |
| REBECCA     | SCOTT        | 61 Tama Street                         |          | 94065       | 708403338270 |
| STANLEY     | SCROGGINS    | 1266 Laredo Parkway                    |          | 7664        | 1483365694   |
| KARL        | SEAL         | 1427 Tabuk Place                       |          | 31342       | 214756839122 |
| AARON       | SELBY        | 1519 Santiago de los Caballeros Loop   |          | 22025       | 409315295763 |
| LESLIE      | SEWARD       | 1152 al-Qatif Lane                     |          | 44816       | 131370665218 |
| EARL        | SHANKS       | 168 Cianjur Manor                      |          | 73824       | 679095087143 |
| CLARA       | SHAW         | 1027 Songkhla Manor                    |          | 30861       | 563660187896 |
| RICKY       | SHELBY       | 722 Bradford Lane                      |          | 90920       | 746251338300 |
| SCOTT       | SHELLEY      | 587 Benguela Manor                     |          | 91590       | 165450987037 |
| DIANNE      | SHELTON      | 600 Bradford Street                    |          | 96204       | 117592274996 |
| WARREN      | SHERROD      | 1621 Tongliao Avenue                   |          | 22173       | 209342540247 |
| FRANCIS     | SIKES        | 355 Vitória de Santo Antão Way         |          | 81758       | 548003849552 |
| MAXINE      | SILVA        | 1338 Zalantun Lane                     |          | 45403       | 840522972766 |
| MICHAEL     | SILVERMAN    | 1908 Gaziantep Place                   |          | 58979       | 108053751300 |
| TINA        | SIMMONS      | 984 Effon-Alaiye Avenue                |          | 17119       | 132986892228 |
| ARTHUR      | SIMPKINS     | 1157 Nyeri Loop                        |          | 56380       | 262744791493 |
| ELLEN       | SIMPSON      | 1666 Qomsheh Drive                     |          | 66255       | 582835362905 |
| VANESSA     | SIMS         | 1792 Valle de la Pascua Place          |          | 15540       | 419419591240 |
| FRANCISCO   | SKIDMORE     | 614 Denizli Parkway                    |          | 29444       | 876491807547 |
| GILBERT     | SLEDGE       | 1515 Korla Way                         |          | 57197       | 959467760895 |
| WALLACE     | SLONE        | 1342 Sharja Way                        |          | 93655       | 946114054231 |
| MARY        | SMITH        | 1913 Hanoi Way                         |          | 35200       | 28303384290  |
| MARION      | SNYDER       | 1891 Rizhao Boulevard                  |          | 47288       | 391065549876 |
| NINA        | SOTO         | 1519 Ilorin Place                      |          | 49298       | 357445645426 |
| ROLAND      | SOUTH        | 1993 0 Loop                            |          | 41214       | 25865528181  |
| JEFFREY     | SPEAR        | 1860 Taguig Loop                       |          | 59550       | 38158430589  |
| CATHY       | SPENCER      | 1287 Xi´angfan Boulevard               |          | 57844       | 819416131190 |
| KYLE        | SPURLOCK     | 1269 Botosani Manor                    |          | 47394       | 736517327853 |
| SERGIO      | STANFIELD    | 1402 Zanzibar Boulevard                |          | 71102       | 387448063440 |
| ALLISON     | STANLEY      | 754 Valencia Place                     |          | 87911       | 594319417514 |
| KIRK        | STCLAIR      | 1923 Stara Zagora Lane                 |          | 95179       | 182178609211 |
| LORRAINE    | STEPHENS     | 154 Tallahassee Loop                   |          | 62250       | 935508855935 |
| ERNEST      | STEPP        | 500 Lincoln Parkway                    |          | 95509       | 550306965159 |
| ELAINE      | STEVENS      | 801 Hagonoy Drive                      |          | 8439        | 237426099212 |
| ALICE       | STEWART      | 1135 Izumisano Parkway                 |          | 48150       | 171822533480 |
| IAN         | STILL        | 1894 Boa Vista Way                     |          | 77464       | 239357986667 |
| VERONICA    | STONE        | 369 Papeete Way                        |          | 66639       | 170117068815 |
| DAWN        | SULLIVAN     | 454 Nakhon Sawan Boulevard             |          | 76383       | 963887147572 |
| FELICIA     | SUTTON       | 226 Halifax Street                     |          | 58492       | 790651020929 |
| PERRY       | SWAFFORD     | 773 Dallas Manor                       |          | 12664       | 914466027044 |
| GLEN        | TALBERT      | 1789 Saint-Denis Parkway               |          | 8268        | 936806643983 |
| TODD        | TAN          | 1793 Meixian Place                     |          | 33535       | 619966287415 |
| DOROTHY     | TAYLOR       | 1531 Salé Drive                        |          | 53628       | 648856936185 |
| SALVADOR    | TEEL         | 247 Jining Parkway                     |          | 53446       | 170115379190 |
| JENNIE      | TERRY        | 682 Halisahar Place                    |          | 20536       | 475553436330 |
| NANCY       | THOMAS       | 808 Bhopal Manor                       |          | 10672       | 465887807014 |
| DONNA       | THOMPSON     | 270 Toulon Boulevard                   |          | 81766       | 407752414682 |
| MARSHALL    | THORN        | 1584 Ljubertsy Lane                    |          | 22954       | 285710089439 |
| LARRY       | THRASHER     | 663 Bahía Blanca Parkway               |          | 33463       | 834418779292 |
| LONNIE      | TIRADO       | 1658 Cumaná Loop                       |          | 51309       | 784907335610 |
| CLYDE       | TOBIAS       | 1909 Dayton Avenue                     |          | 88513       | 702955450528 |
| EDDIE       | TOMLIN       | 1351 Aparecida de Goiânia Parkway      |          | 41775       | 959834530529 |
| KELLY       | TORRES       | 1586 Guarujá Place                     |          | 5135        | 947233365992 |
| PAUL        | TROUT        | 746 Joliet Lane                        |          | 94878       | 688485191923 |
| FRANKLIN    | TROUTMAN     | 1778 Gijón Manor                       |          | 35156       | 288910576761 |
| WAYNE       | TRUONG       | 1049 Matamoros Parkway                 |          | 69640       | 960505250340 |
| DUANE       | TUBBS        | 962 Tama Loop                          |          | 65952       | 282667506728 |
| MARJORIE    | TUCKER       | 1050 Garden Grove Avenue               |          | 4999        | 973047364353 |
| MARIE       | TURNER       | 1998 Halifax Drive                     |          | 76022       | 177727722820 |
| JOHNNY      | TURPIN       | 1152 Citrus Heights Manor              |          | 5239        | 765957414528 |
| ANDY        | VANHORN      | 966 Asunción Way                       |          | 62703       | 995527378381 |
| CHRISTY     | VARGAS       | 1158 Mandi Bahauddin Parkway           |          | 98484       | 276555730211 |
| BENJAMIN    | VARNEY       | 817 Laredo Avenue                      |          | 77449       | 151249681135 |
| TERRI       | VASQUEZ      | 1304 ´s-Hertogenbosch Way              |          | 10925       | 90336226227  |
| JULIAN      | VEST         | 923 Tangail Boulevard                  |          | 33384       | 315528269898 |
| CECIL       | VINES        | 548 Uruapan Street                     |          | 35653       | 879347453467 |
| ROBERTO     | VU           | 1297 Alvorada Parkway                  |          | 11839       | 508348602835 |
| MARGIE      | WADE         | 1762 Paarl Parkway                     |          | 53928       | 192459639410 |
| FRANK       | WAGGONER     | 1816 Bydgoszcz Loop                    |          | 64308       | 965273813662 |
| DOLORES     | WAGNER       | 316 Uruapan Street                     |          | 58194       | 275788967899 |
| HUGH        | WALDROP      | 904 Clarksville Drive                  |          | 52234       | 955349440539 |
| DEBORAH     | WALKER       | 934 San Felipe de Puerto Plata Street  |          | 99780       | 196495945706 |
| CONNIE      | WALLACE      | 1867 San Juan Bautista Tuxtepec Avenue |          | 78311       | 547003310357 |
| CASSANDRA   | WALTERS      | 920 Kumbakonam Loop                    |          | 75090       | 685010736240 |
| JANICE      | WARD         | 1150 Kimchon Manor                     |          | 96109       | 663449333709 |
| HAZEL       | WARREN       | 1587 Sullana Lane                      |          | 85769       | 468060467018 |
| RUBY        | WASHINGTON   | 1952 Chatsworth Drive                  |          | 25958       | 991562402283 |
| YVONNE      | WATKINS      | 1848 Salala Boulevard                  |          | 25220       | 48265851133  |
| THERESA     | WATSON       | 89 Allappuzha (Alleppey) Manor         |          | 75444       | 255800440636 |
| SHELLY      | WATTS        | 32 Pudukkottai Lane                    |          | 38834       | 967274728547 |
| JAMIE       | WAUGH        | 958 Sagamihara Lane                    |          | 88408       | 427274926505 |
| MIKE        | WAY          | 990 Etawah Loop                        |          | 79940       | 206169448769 |
| YOLANDA     | WEAVER       | 605 Rio Claro Parkway                  |          | 49348       | 352469351088 |
| ETHEL       | WEBB         | 569 Baicheng Lane                      |          | 60304       | 490211944645 |
| RONALD      | WEINER       | 1145 Vilnius Manor                     |          | 73170       | 674805712553 |
| MARLENE     | WELCH        | 1148 Saarbrücken Parkway               |          | 1921        | 137773001988 |
| SHEILA      | WELLS        | 848 Tafuna Manor                       |          | 45142       | 614935229095 |
| EDNA        | WEST         | 682 Junan Way                          |          | 30418       | 622255216127 |
| MITCHELL    | WESTMORELAND | 617 Klerksdorp Place                   |          | 94707       | 574973479129 |
| FRED        | WHEAT        | 433 Florencia Street                   |          | 91330       | 561729882725 |
| LUCY        | WHEELER      | 624 Oshawa Boulevard                   |          | 89959       | 49677664184  |
| BETTY       | WHITE        | 770 Bydgoszcz Avenue                   |          | 16266       | 517338314235 |
| ROY         | WHITING      | 1658 Jastrzebie-Zdrój Loop             |          | 96584       | 568367775448 |
| JON         | WILES        | 659 Gatineau Boulevard                 |          | 28587       | 205524798287 |
| LINDA       | WILLIAMS     | 692 Joliet Street                      |          | 83579       | 448477190408 |
| GINA        | WILLIAMSON   | 1001 Miyakonojo Lane                   |          | 67924       | 584316724815 |
| BERNICE     | WILLIS       | 29 Pyongyang Loop                      |          | 47753       | 734780743462 |
| SUSAN       | WILSON       | 478 Joliet Way                         |          | 77948       | 657282285970 |
| DARREN      | WINDHAM      | 379 Lublin Parkway                     |          | 74568       | 921960450089 |
| VIRGIL      | WOFFORD      | 760 Miyakonojo Drive                   |          | 64682       | 294449058179 |
| LORI        | WOOD         | 936 Salzburg Lane                      |          | 96709       | 875756771675 |
| FLORENCE    | WOODS        | 1532 Dzerzinsk Way                     |          | 9599        | 330838016880 |
| TYLER       | WREN         | 1060 Tandil Lane                       |          | 72349       | 211256301880 |
| BRENDA      | WRIGHT       | 33 Gorontalo Way                       |          | 30348       | 745994947458 |
| BRIAN       | WYMAN        | 1769 Iwaki Lane                        |          | 25787       | 556100547674 |
| LUIS        | YANEZ        | 1346 Mysore Drive                      |          | 61507       | 516647474029 |
| MARVIN      | YEE          | 126 Acuña Parkway                      |          | 58888       | 480039662421 |
| CYNTHIA     | YOUNG        | 1425 Shikarpur Manor                   |          | 65599       | 678220867005 |
+-------------+--------------+----------------------------------------+----------+-------------+--------------+
599 rows in set (0.0440 sec)
 MySQL  localhost:3306 ssl  sakila  SQL > desc city;
+-------------+-------------------+------+-----+-------------------+-----------------------------------------------+
| Field       | Type              | Null | Key | Default           | Extra                                         |
+-------------+-------------------+------+-----+-------------------+-----------------------------------------------+
| city_id     | smallint unsigned | NO   | PRI | NULL              | auto_increment                                |
| city        | varchar(50)       | NO   |     | NULL              |                                               |
| country_id  | smallint unsigned | NO   | MUL | NULL              |                                               |
| last_update | timestamp         | NO   |     | CURRENT_TIMESTAMP | DEFAULT_GENERATED on update CURRENT_TIMESTAMP |
+-------------+-------------------+------+-----+-------------------+-----------------------------------------------+
4 rows in set (0.0275 sec)
 MySQL  localhost:3306 ssl  sakila  SQL > select a.first_name, a.last_name, b.address, b.address2, b.postal_code, b.phone, c.city from customer a inner join address b on a.address_id = b.address_id
                                       -> inner join city c
                                       -> on b.city_id = c.city_id
                                       -> order by a.last_name, a.first_name;
+-------------+--------------+----------------------------------------+----------+-------------+--------------+----------------------------+
| first_name  | last_name    | address                                | address2 | postal_code | phone        | city                       |
+-------------+--------------+----------------------------------------+----------+-------------+--------------+----------------------------+
| RAFAEL      | ABNEY        | 48 Maracaíbo Place                     |          | 1570        | 82671830126  | Talavera                   |
| NATHANIEL   | ADAM         | 786 Matsue Way                         |          | 37469       | 111177206479 | Joliet                     |
| KATHLEEN    | ADAMS        | 334 Munger (Monghyr) Lane              |          | 38145       | 481183273622 | Arak                       |
| DIANA       | ALEXANDER    | 1308 Arecibo Way                       |          | 30695       | 6171054059   | Augusta-Richmond County    |
| GORDON      | ALLARD       | 434 Ourense (Orense) Manor             |          | 14122       | 562370137426 | Hodeida                    |
| SHIRLEY     | ALLEN        | 217 Botshabelo Place                   |          | 49521       | 665356572025 | Davao                      |
| CHARLENE    | ALVAREZ      | 1842 Luziânia Boulevard                |          | 94420       | 706878974831 | Zanzibar                   |
| LISA        | ANDERSON     | 1542 Tarlac Parkway                    |          | 1027        | 635297277345 | Sagamihara                 |
| JOSE        | ANDREW       | 1016 Iwakuni Street                    |          | 49833       | 961370847344 | Kingstown                  |
| IDA         | ANDREWS      | 1839 Székesfehérvár Parkway            |          | 55709       | 947468818183 | Luziânia                   |
| OSCAR       | AQUINO       | 956 Nam Dinh Manor                     |          | 21872       | 474047727727 | Sirjan                     |
| HARRY       | ARCE         | 1922 Miraj Way                         |          | 13203       | 320471479776 | Najafabad                  |
| JORDAN      | ARCHULETA    | 1229 Varanasi (Benares) Manor          |          | 40195       | 817740355461 | Avellaneda                 |
| MELANIE     | ARMSTRONG    | 1166 Changhwa Street                   |          | 58852       | 650752094490 | Bayugan                    |
| BEATRICE    | ARNOLD       | 1877 Ezhou Lane                        |          | 63337       | 264541743403 | Udaipur                    |
| KENT        | ARSENAULT    | 32 Liaocheng Way                       |          | 1944        | 410877354933 | Juiz de Fora               |
| CARL        | ARTIS        | 1628 Nagareyama Lane                   |          | 60079       | 20064292617  | San Lorenzo                |
| DARRYL      | ASHCRAFT     | 166 Jinchang Street                    |          | 86760       | 717566026669 | Ezeiza                     |
| TYRONE      | ASHER        | 191 José Azueta Parkway                |          | 13629       | 932156667696 | Ruse                       |
| ALMA        | AUSTIN       | 1074 Binzhou Manor                     |          | 36490       | 331132568928 | Mannheim                   |
| MILDRED     | BAILEY       | 81 Hodeida Way                         |          | 55561       | 250767749542 | Jaipur                     |
| PAMELA      | BAKER        | 1440 Fukuyama Loop                     |          | 47929       | 912257250465 | Nanyang                    |
| MARTIN      | BALES        | 368 Huánuco Boulevard                  |          | 17165       | 106439158941 | Namibe                     |
| EVERETT     | BANDA        | 1741 Hoshiarpur Boulevard              |          | 22372       | 855066328617 | Bilbays                    |
| JESSIE      | BANKS        | 1229 Valencia Parkway                  |          | 99124       | 352679173732 | Stara Zagora               |
| CLAYTON     | BARBEE       | 1407 Pachuca de Soto Place             |          | 26284       | 380077794770 | Alvorada                   |
| ANGEL       | BARCLAY      | 496 Celaya Drive                       |          | 90797       | 759586584889 | Ueda                       |
| NICHOLAS    | BARFIELD     | 1163 London Parkway                    |          | 6066        | 675120358494 | Belém                      |
| VICTOR      | BARKLEY      | 401 Sucre Boulevard                    |          | 25007       | 486395999608 | Manchester                 |
| RACHEL      | BARNES       | 586 Tete Way                           |          | 1079        | 18581624103  | Kamakura                   |
| CAROLE      | BARNETT      | 1980 Kamjanets-Podilskyi Street        |          | 89502       | 874337098891 | Peoria                     |
| TRACEY      | BARRETT      | 1006 Santa Bárbara d´Oeste Manor       |          | 36229       | 85059738746  | Owo                        |
| DAISY       | BATES        | 661 Chisinau Lane                      |          | 8856        | 816436065431 | Kolpino                    |
| EDWARD      | BAUGH        | 1359 Zhoushan Parkway                  |          | 29763       | 46568045367  | Tórshavn                   |
| ROBERT      | BAUGHMAN     | 1883 Maikop Lane                       |          | 68469       | 96110042435  | Kaliningrad                |
| JEAN        | BELL         | 1114 Liepaja Street                    |          | 69226       | 212869228936 | Kuching                    |
| CHESTER     | BENNER       | 1574 Goiânia Boulevard                 |          | 39529       | 59634255214  | Suihua                     |
| JANE        | BENNETT      | 1692 Ede Loop                          |          | 9223        | 918711376618 | Araçatuba                  |
| REGINA      | BERRY        | 475 Atšinsk Way                        |          | 59571       | 201705577290 | Jinchang                   |
| CHARLIE     | BESS         | 362 Rajkot Lane                        |          | 98030       | 962020153680 | Baiyin                     |
| MIGUEL      | BETANCOURT   | 319 Springs Loop                       |          | 99552       | 72524459905  | Erlangen                   |
| HENRY       | BILLINGSLEY  | 1516 Escobar Drive                     |          | 46069       | 64536069371  | Nuku´alofa                 |
| AGNES       | BISHOP       | 866 Shivapuri Manor                    |          | 22474       | 778502731092 | Sambhal                    |
| VALERIE     | BLACK        | 782 Mosul Street                       |          | 25545       | 885899703621 | Brockton                   |
| DEREK       | BLAKELY      | 118 Jaffna Loop                        |          | 10447       | 325526730021 | Gingoog                    |
| MATHEW      | BOLIN        | 163 Augusta-Richmond County Loop       |          | 33030       | 754579047924 | Valencia                   |
| DON         | BONE         | 596 Huixquilucan Place                 |          | 65892       | 342709348083 | Naçala-Porto               |
| LEON        | BOSTIC       | 734 Tanshui Avenue                     |          | 70664       | 366776723320 | Florencia                  |
| BOBBY       | BOUDREAU     | 1368 Maracaíbo Boulevard               |          | 32716       | 934352415130 | South Hill                 |
| DERRICK     | BOURQUE      | 1153 Allende Way                       |          | 20336       | 856872225376 | Gatineau                   |
| CLIFFORD    | BOWENS       | 207 Cuernavaca Loop                    |          | 52671       | 782900030287 | Nabereznyje Tšelny         |
| CAROLINE    | BOWMAN       | 1309 Weifang Street                    |          | 57338       | 435785045362 | Tallahassee                |
| BYRON       | BOX          | 521 San Juan Bautista Tuxtepec Place   |          | 95093       | 844018348565 | Zhezqazghan                |
| EMMA        | BOYD         | 765 Southampton Drive                  |          | 4285        | 23712411567  | Qalyub                     |
| ANA         | BRADLEY      | 682 Garden Grove Place                 |          | 67497       | 72136330362  | Memphis                    |
| TED         | BREAUX       | 183 Haiphong Street                    |          | 69953       | 488600270038 | Baicheng                   |
| VICKIE      | BREWER       | 1966 Tonghae Street                    |          | 36481       | 567359279425 | Halle/Saale                |
| RUSSELL     | BRINSON      | 1642 Charlotte Amalie Drive            |          | 75442       | 821476736117 | Tychy                      |
| BEVERLY     | BROOKS       | 1947 Poços de Caldas Boulevard         |          | 60951       | 427454485876 | Chiayi                     |
| CHRIS       | BROTHERS     | 331 Bydgoszcz Parkway                  |          | 966         | 537374465982 | Gijón                      |
| ELIZABETH   | BROWN        | 53 Idfu Parkway                        |          | 42399       | 10655648674  | Nantou                     |
| GUY         | BROWNLEE     | 346 Cam Ranh Avenue                    |          | 39976       | 978430786151 | Zhoushan                   |
| PAULA       | BRYANT       | 1697 Tanauan Lane                      |          | 22870       | 4764773857   | Pathankot                  |
| CLINTON     | BUFORD       | 43 Vilnius Manor                       |          | 79814       | 484500282381 | Aurora                     |
| WESLEY      | BULL         | 1469 Plock Lane                        |          | 95835       | 622884741180 | Ourense (Orense)           |
| TIMOTHY     | BUNN         | 981 Kumbakonam Place                   |          | 87611       | 829116184079 | Brasília                   |
| EDWIN       | BURK         | 1766 Almirante Brown Street            |          | 63104       | 617567598243 | Newcastle                  |
| LYDIA       | BURKE        | 1483 Pathankot Street                  |          | 37288       | 686015532180 | San Miguel de Tucumán      |
| SIDNEY      | BURLESON     | 1405 Hagonoy Avenue                    |          | 86587       | 867287719310 | Czestochowa                |
| APRIL       | BURNS        | 483 Ljubertsy Parkway                  |          | 60562       | 581174211853 | Dundee                     |
| COLLEEN     | BURTON       | 430 Alessandria Loop                   |          | 47446       | 669828224459 | Saarbrücken                |
| LEROY       | BUSTAMANTE   | 105 Dzerzinsk Manor                    |          | 48570       | 240776414296 | Tongliao                   |
| LOIS        | BUTLER       | 1370 Le Mans Avenue                    |          | 52163       | 345679835036 | Bandar Seri Begawan        |
| ALLEN       | BUTTERFIELD  | 791 Salinas Street                     |          | 40509       | 129953030512 | Hoshiarpur                 |
| DEANNA      | BYRD         | 862 Xintai Lane                        |          | 30065       | 265153400632 | Tuguegarao                 |
| DANIEL      | CABRAL       | 543 Bergamo Avenue                     |          | 59686       | 103602195112 | Ibirité                    |
| KAY         | CALDWELL     | 85 San Felipe de Puerto Plata Drive    |          | 46063       | 170739645687 | Yantai                     |
| CATHERINE   | CAMPBELL     | 46 Pjatigorsk Lane                     |          | 23616       | 262076994845 | Moscow                     |
| CHAD        | CARBONE      | 1948 Bayugan Parkway                   |          | 60622       | 987306329957 | Katihar                    |
| TERRY       | CARLSON      | 752 Ondo Loop                          |          | 32474       | 134673576619 | Miyakonojo                 |
| LORETTA     | CARPENTER    | 891 Novi Sad Manor                     |          | 5379        | 247646995453 | Oshawa                     |
| EILEEN      | CARR         | 1679 Antofagasta Street                |          | 86599       | 905903574913 | Ciudad del Este            |
| TONY        | CARRANZA     | 454 Patiala Lane                       |          | 13496       | 794553031307 | Koriyama                   |
| JUNE        | CARROLL      | 757 Rustenburg Avenue                  |          | 89668       | 506134035434 | Skikda                     |
| AMANDA      | CARTER       | 671 Graz Street                        |          | 94399       | 680768868518 | Nador                      |
| TIM         | CARY         | 1257 Guadalajara Street                |          | 33599       | 195337700615 | Bijapur                    |
| ALFRED      | CASILLAS     | 1727 Matamoros Place                   |          | 78813       | 129673677866 | Sawhaj                     |
| GERTRUDE    | CASTILLO     | 850 Salala Loop                        |          | 10800       | 403404780639 | Nuuk                       |
| JENNY       | CASTRO       | 1405 Chisinau Place                    |          | 8160        | 62781725285  | Ponce                      |
| PHILIP      | CAUSEY       | 954 Lapu-Lapu Way                      |          | 8816        | 737229003916 | Korolev                    |
| KRISTINA    | CHAMBERS     | 544 Tarsus Boulevard                   |          | 53145       | 892523334    | Valle de la Pascua         |
| VERNON      | CHAPA        | 698 Jelets Boulevard                   |          | 2596        | 975185523021 | Denizli                    |
| TONYA       | CHAPMAN      | 43 Dadu Avenue                         |          | 4855        | 95666951770  | Bhilwara                   |
| KRISTEN     | CHAVEZ       | 345 Oshawa Boulevard                   |          | 32114       | 104491201771 | Hino                       |
| MARIO       | CHEATHAM     | 1924 Shimonoseki Drive                 |          | 52625       | 406784385440 | Batna                      |
| PEDRO       | CHESTNUT     | 421 Yaoundé Street                     |          | 11363       | 726875628268 | Šostka                     |
| JOHNNIE     | CHISHOLM     | 1501 Pangkal Pinang Avenue             |          | 943         | 770864062795 | Plock                      |
| RAMON       | CHOATE       | 1954 Kowloon and New Kowloon Way       |          | 63667       | 898559280434 | Ríobamba                   |
| NELSON      | CHRISTENSON  | 1764 Jalib al-Shuyukh Parkway          |          | 77642       | 84794532510  | Santiago de Compostela     |
| FERNANDO    | CHURCHILL    | 193 Bhusawal Place                     |          | 9750        | 745267607502 | Tonghae                    |
| AUSTIN      | CINTRON      | 1325 Fukuyama Street                   |          | 27107       | 288241215394 | Tieli                      |
| MICHELLE    | CLARK        | 262 A Coruña (La Coruña) Parkway       |          | 34418       | 892775750063 | Tangail                    |
| ADRIAN      | CLARY        | 1986 Sivas Place                       |          | 95775       | 182059202712 | Udine                      |
| BERNARD     | COLBY        | 495 Bhimavaram Lane                    |          | 3           | 82088937724  | Dhule (Dhulia)             |
| TRACY       | COLE         | 1002 Ahmadnagar Manor                  |          | 93026       | 371490777743 | Huixquilucan               |
| KATHRYN     | COLEMAN      | 927 Bahía Blanca Parkway               |          | 9495        | 821972242086 | Simferopol                 |
| TOMMY       | COLLAZO      | 76 Kermanshah Manor                    |          | 23343       | 762361821578 | Qomsheh                    |
| DIANE       | COLLINS      | 115 Hidalgo Parkway                    |          | 80168       | 307703950263 | Omdurman                   |
| GLORIA      | COOK         | 1668 Saint Louis Place                 |          | 39072       | 347487831378 | Papeete                    |
| JOAN        | COOPER       | 1717 Guadalajara Lane                  |          | 85505       | 914090181665 | Saint Louis                |
| ALLAN       | CORNISH      | 947 Tórshavn Place                     |          | 841         | 50898428626  | Tarlac                     |
| BRETT       | CORNWELL     | 1197 Sokoto Boulevard                  |          | 87687       | 868602816371 | Siliguri (Shiliguri)       |
| CARLOS      | COUGHLIN     | 97 Mogiljov Lane                       |          | 89294       | 924815207181 | Bhavnagar                  |
| JUDITH      | COX          | 1966 Amroha Avenue                     |          | 70385       | 333489324603 | Daxian                     |
| GARY        | COY          | 867 Benin City Avenue                  |          | 78543       | 168884817145 | Yuzhou                     |
| BOBBIE      | CRAIG        | 86 Higashiosaka Lane                   |          | 33768       | 957128697225 | Valle de Santiago          |
| ESTHER      | CRAWFORD     | 898 Belém Manor                        |          | 49757       | 707169393853 | Botshabelo                 |
| MAURICE     | CRAWLEY      | 1785 São Bernardo do Campo Street      |          | 71182       | 684529463244 | Coatzacoalcos              |
| IVAN        | CROMWELL     | 1351 Sousse Lane                       |          | 37815       | 203804046132 | Monclova                   |
| ALBERT      | CROUSE       | 1641 Changhwa Place                    |          | 37636       | 256546485220 | Bamenda                    |
| KIM         | CRUZ         | 333 Goiânia Way                        |          | 78625       | 909029256431 | Grand Prairie              |
| THEODORE    | CULP         | 1704 Tambaram Manor                    |          | 2834        | 39463554936  | Uluberia                   |
| EUGENE      | CULPEPPER    | 686 Donostia-San Sebastián Lane        |          | 97390       | 71857599858  | Shenzhen                   |
| STACY       | CUNNINGHAM   | 1410 Benin City Parkway                |          | 29747       | 104150372603 | Pereira                    |
| STEVEN      | CURLEY       | 651 Pathankot Loop                     |          | 59811       | 139378397418 | Miraj                      |
| NORMAN      | CURRIER      | 1445 Carmen Parkway                    |          | 70809       | 598912394463 | Cianjur                    |
| LEAH        | CURTIS       | 906 Goiânia Way                        |          | 83565       | 701767622697 | Kalisz                     |
| DANIELLE    | DANIELS      | 781 Shimonoseki Drive                  |          | 95444       | 632316273199 | Hidalgo                    |
| PATSY       | DAVIDSON     | 816 Cayenne Parkway                    |          | 93629       | 282874611748 | Portoviejo                 |
| JENNIFER    | DAVIS        | 1795 Santiago de Compostela Way        |          | 18743       | 860452626434 | Laredo                     |
| COURTNEY    | DAY          | 300 Junan Street                       |          | 81314       | 890289150158 | Uijongbu                   |
| MARCIA      | DEAN         | 1479 Rustenburg Boulevard              |          | 18727       | 727785483194 | Tanza                      |
| ALVIN       | DELOACH      | 1447 Chatsworth Place                  |          | 41545       | 769370126331 | Cuauhtémoc                 |
| RON         | DELUCA       | 1949 Sanya Street                      |          | 61244       | 132100972047 | Isesaki                    |
| WADE        | DELVALLE     | 1331 Usak Boulevard                    |          | 61960       | 145308717464 | Lausanne                   |
| HERMAN      | DEVORE       | 64 Korla Street                        |          | 25145       | 510383179153 | Mwanza                     |
| EMILY       | DIAZ         | 588 Vila Velha Manor                   |          | 51540       | 333339908719 | Kimchon                    |
| AMBER       | DIXON        | 1029 Dzerzinsk Manor                   |          | 57519       | 33173584456  | Touliu                     |
| MARSHA      | DOUGLAS      | 771 Yaoundé Manor                      |          | 86768       | 245477603573 | Beira                      |
| SEAN        | DOUGLASS     | 614 Pak Kret Street                    |          | 27796       | 47808359842  | Addis Abeba                |
| LLOYD       | DOWD         | 935 Aden Boulevard                     |          | 64709       | 335052544020 | Tegal                      |
| FREDDIE     | DUGGAN       | 1103 Quilmes Boulevard                 |          | 52137       | 644021380889 | Sullana                    |
| SAMANTHA    | DUNCAN       | 146 Johannesburg Way                   |          | 54132       | 953689007081 | Matamoros                  |
| ERIN        | DUNN         | 1623 Bahía Blanca Manor                |          | 81511       | 149981248346 | Ljubertsy                  |
| JEFF        | EAST         | 437 Chungho Drive                      |          | 59489       | 491271355190 | San Felipe de Puerto Plata |
| BEN         | EASTER       | 886 Tonghae Place                      |          | 19450       | 711928348157 | Kamyšin                    |
| LEO         | EBERT        | 1322 Mosul Parkway                     |          | 95400       | 268053970382 | Dongying                   |
| JOYCE       | EDWARDS      | 725 Isesaki Place                      |          | 74428       | 876295323994 | Jedda                      |
| JIMMIE      | EGGLESTON    | 505 Madiun Boulevard                   |          | 97271       | 970638808606 | Wroclaw                    |
| MELVIN      | ELLINGTON    | 1557 Cape Coral Parkway                |          | 46875       | 368284120423 | Laohekou                   |
| KATIE       | ELLIOTT      | 447 Surakarta Loop                     |          | 10428       | 940830176580 | Kisumu                     |
| GRACE       | ELLIS        | 442 Rae Bareli Place                   |          | 24321       | 886636413768 | Duisburg                   |
| JAVIER      | ELROD        | 195 Ilorin Street                      |          | 49250       | 8912935608   | NDjamna                    |
| JARED       | ELY          | 1003 Qinhuangdao Street                |          | 25972       | 35533115997  | Purwakarta                 |
| KURT        | EMMONS       | 1421 Quilmes Lane                      |          | 19151       | 135407755975 | Kanazawa                   |
| TRAVIS      | ESTEP        | 289 Santo André Manor                  |          | 72410       | 214976066017 | al-Qatif                   |
| ANN         | EVANS        | 909 Garland Manor                      |          | 69367       | 705800322606 | Niznekamsk                 |
| JOHN        | FARNSWORTH   | 41 El Alto Parkway                     |          | 56883       | 51917807050  | Parbhani                   |
| ALEXANDER   | FENNELL      | 231 Kaliningrad Place                  |          | 57833       | 575081026569 | Bergamo                    |
| BERTHA      | FERGUSON     | 1367 Yantai Manor                      |          | 21294       | 889538496300 | Ondo                       |
| MELINDA     | FERNANDEZ    | 1820 Maringá Parkway                   |          | 88307       | 99760893676  | Mandi Bahauddin            |
| VICKI       | FIELDS       | 68 Molodetšno Manor                    |          | 4662        | 146640639760 | Witten                     |
| CINDY       | FISHER       | 1079 Tel Aviv-Jaffa Boulevard          |          | 10885       | 358178933857 | Cumaná                     |
| MYRTLE      | FLEMING      | 532 Toulon Street                      |          | 69517       | 46871694740  | Santiago de los Caballeros |
| MAE         | FLETCHER     | 44 Najafabad Way                       |          | 61391       | 96604821070  | Donostia-San Sebastián     |
| JULIA       | FLORES       | 1926 El Alto Avenue                    |          | 75543       | 846225459260 | La Plata                   |
| CRYSTAL     | FORD         | 659 Vaduz Drive                        |          | 49708       | 709935135487 | Ashdod                     |
| MICHEAL     | FORMAN       | 203 Tambaram Street                    |          | 73942       | 411549550611 | Escobar                    |
| ENRIQUE     | FORSYTHE     | 1101 Bucuresti Boulevard               |          | 97661       | 199514580428 | Patras                     |
| RAUL        | FORTIER      | 1747 Rustenburg Place                  |          | 51369       | 442673923363 | Chapra                     |
| HOWARD      | FORTNER      | 220 Hidalgo Drive                      |          | 45298       | 342720754566 | Kermanshah                 |
| PHYLLIS     | FOSTER       | 832 Nakhon Sawan Manor                 |          | 49021       | 275595571388 | Zalantun                   |
| JACK        | FOUST        | 1378 Beira Loop                        |          | 40792       | 840957664136 | Zeleznogorsk               |
| JO          | FOWLER       | 786 Stara Zagora Way                   |          | 98332       | 716256596301 | Oyo                        |
| HOLLY       | FOX          | 435 0 Way                              |          | 74750       | 760171523969 | Haldia                     |
| JUAN        | FRALEY       | 469 Nakhon Sawan Street                |          | 58866       | 689199636560 | Tšeboksary                 |
| JOEL        | FRANCISCO    | 287 Cuautla Boulevard                  |          | 72736       | 82619513349  | Sucre                      |
| BETH        | FRANKLIN     | 1149 A Coruña (La Coruña) Boulevard    |          | 95824       | 470884141195 | Haiphong                   |
| GLENDA      | FRAZIER      | 1246 Boksburg Parkway                  |          | 28349       | 890283544295 | Qinhuangdao                |
| SHANNON     | FREEMAN      | 117 Boa Vista Way                      |          | 6804        | 677976133614 | Varanasi (Benares)         |
| CLAUDIA     | FULLER       | 346 Skikda Parkway                     |          | 90628       | 630424482919 | Jalib al-Shuyukh           |
| GERALD      | FULTZ        | 45 Aparecida de Goiânia Place          |          | 7431        | 650496654258 | Satna                      |
| FELIX       | GAFFNEY      | 1059 Yuncheng Avenue                   |          | 47498       | 107092893983 | Vilnius                    |
| RANDY       | GAITHER      | 1618 Olomouc Manor                     |          | 26385       | 96846695220  | Kurgan                     |
| CLARENCE    | GAMEZ        | 767 Pyongyang Drive                    |          | 83536       | 667736124769 | Izumisano                  |
| FLOYD       | GANDY        | 1088 Ibirité Place                     |          | 88502       | 49084281333  | Zapopan                    |
| JAMES       | GANNON       | 1635 Kuwana Boulevard                  |          | 52137       | 710603868323 | Hiroshima                  |
| CAROL       | GARCIA       | 320 Brest Avenue                       |          | 43331       | 747791594069 | Kaduna                     |
| DAVE        | GARDINER     | 1052 Pathankot Avenue                  |          | 77397       | 128499386727 | Leshan                     |
| JOANN       | GARDNER      | 842 Salzburg Lane                      |          | 3313        | 697151428760 | Tarsus                     |
| NELLIE      | GARRETT      | 1964 Gijón Manor                       |          | 14408       | 918119601885 | Shimoga                    |
| PEARL       | GARZA        | 60 Poços de Caldas Street              |          | 82338       | 963063788669 | Jodhpur                    |
| BILL        | GAVIN        | 1485 Bratislava Place                  |          | 83183       | 924663855568 | Rockford                   |
| RUBEN       | GEARY        | 414 Mandaluyong Street                 |          | 16370       | 52709222667  | Lublin                     |
| JOY         | GEORGE       | 1256 Bislig Boulevard                  |          | 50598       | 479007229460 | Botosani                   |
| VICTORIA    | GIBSON       | 544 Malmö Parkway                      |          | 63502       | 386759646229 | Pemalang                   |
| TANYA       | GILBERT      | 647 A Coruña (La Coruña) Street        |          | 36971       | 792557457753 | Naju                       |
| DUSTIN      | GILLETTE     | 1854 Okara Boulevard                   |          | 42123       | 131912793873 | Emmen                      |
| JOE         | GILLILAND    | 953 Hodeida Street                     |          | 18841       | 53912826864  | Imus                       |
| DENNIS      | GILMAN       | 1443 Mardan Street                     |          | 31483       | 231383037471 | Paarl                      |
| JOSEPHINE   | GOMEZ        | 211 Chiayi Drive                       |          | 58186       | 665993880048 | Etawah                     |
| NORMA       | GONZALES     | 152 Kitwe Parkway                      |          | 53182       | 835433605312 | Bislig                     |
| MARTHA      | GONZALEZ     | 269 Cam Ranh Parkway                   |          | 34689       | 489783829737 | Chisinau                   |
| ADAM        | GOOCH        | 230 Urawa Drive                        |          | 2738        | 166898395731 | Adoni                      |
| KENNETH     | GOODEN       | 1542 Lubumbashi Boulevard              |          | 62472       | 508800331065 | Bat Yam                    |
| LESLIE      | GORDON       | 374 Bat Yam Boulevard                  |          | 97700       | 923261616249 | Kilis                      |
| DOUGLAS     | GRAF         | 785 Vaduz Street                       |          | 36170       | 895616862749 | Mexicali                   |
| RITA        | GRAHAM       | 1386 Yangor Avenue                     |          | 80720       | 449216226468 | Toulon                     |
| MICHELE     | GRANT        | 798 Cianjur Avenue                     |          | 76990       | 499408708580 | Yuncheng                   |
| BRANDY      | GRAVES       | 1944 Bamenda Way                       |          | 24645       | 75975221996  | Warren                     |
| JUDY        | GRAY         | 1031 Daugavpils Parkway                |          | 59025       | 107137400143 | Béchar                     |
| CHRISTOPHER | GRECO        | 1224 Huejutla de Reyes Boulevard       |          | 70923       | 806016930576 | Brescia                    |
| VIRGINIA    | GREEN        | 391 Callao Drive                       |          | 34021       | 440512153169 | Toulouse                   |
| JEANETTE    | GREENE       | 1077 San Felipe de Puerto Plata Place  |          | 65387       | 812824036424 | Novotšerkassk              |
| SONIA       | GREGORY      | 1279 Udine Parkway                     |          | 75860       | 195003555232 | Benin City                 |
| ALEX        | GRESHAM      | 251 Florencia Drive                    |          | 16119       | 118011831565 | Uruapan                    |
| ROSS        | GREY         | 951 Springs Lane                       |          | 96115       | 165164761435 | Iligan                     |
| LILLIAN     | GRIFFIN      | 669 Firozabad Loop                     |          | 92265       | 412903167998 | al-Ayn                     |
| THOMAS      | GRIGSBY      | 1191 Sungai Petani Boulevard           |          | 9668        | 983259819766 | Kansas City                |
| TERRY       | GRISSOM      | 619 Huánuco Avenue                     |          | 81508       | 142596392389 | Matsue                     |
| ARMANDO     | GRUBER       | 869 Shikarpur Way                      |          | 57380       | 590764256785 | Southport                  |
| HARVEY      | GUAJARDO     | 600 Purnea (Purnia) Avenue             |          | 18043       | 638409958875 | Vinh                       |
| ERIK        | GUILLEN      | 635 Brest Manor                        |          | 40899       | 80593242951  | Bhimavaram                 |
| TERRENCE    | GUNDERSON    | 844 Bucuresti Place                    |          | 36603       | 935952366111 | Jinzhou                    |
| CARLA       | GUTIERREZ    | 642 Nador Drive                        |          | 3924        | 369050085652 | Bhusawal                   |
| RAMONA      | HALE         | 951 Stara Zagora Manor                 |          | 98573       | 429925609431 | Patiala                    |
| JESSICA     | HALL         | 18 Duisburg Boulevard                  |          | 58327       | 998009777982 | Città del Vaticano         |
| GLADYS      | HAMILTON     | 1177 Jelets Way                        |          | 3305        | 484292626944 | Ilorin                     |
| SETH        | HANNON       | 1759 Niznekamsk Avenue                 |          | 39414       | 864392582257 | al-Manama                  |
| DELORES     | HANSEN       | 810 Palghat (Palakkad) Boulevard       |          | 73431       | 516331171356 | Jaroslavl                  |
| VIOLA       | HANSON       | 582 Papeete Loop                       |          | 27722       | 569868543137 | Lapu-Lapu                  |
| GABRIEL     | HARDER       | 680 A Coruña (La Coruña) Manor         |          | 49806       | 158326114853 | Sivas                      |
| BRYAN       | HARDISON     | 530 Lausanne Lane                      |          | 11067       | 775235029633 | Dallas                     |
| BRENT       | HARKINS      | 319 Plock Parkway                      |          | 26101       | 854259976812 | Sultanbeyli                |
| ROBERTA     | HARPER       | 927 Barcelona Street                   |          | 65121       | 951486492670 | Shahr-e Kord               |
| HELEN       | HARRIS       | 419 Iligan Lane                        |          | 72878       | 990911107354 | Bhopal                     |
| WENDY       | HARRISON     | 1107 Nakhon Sawan Avenue               |          | 75149       | 867546627903 | Nezahualcóyotl             |
| DANA        | HART         | 1089 Iwatsuki Avenue                   |          | 35109       | 866092335135 | Kirovo-Tšepetsk            |
| ARLENE      | HARVEY       | 1014 Loja Manor                        |          | 66851       | 460795526514 | Ambattur                   |
| COREY       | HAUSER       | 984 Novotšerkassk Loop                 |          | 28165       | 435118527255 | Gaziantep                  |
| ARNOLD      | HAVENS       | 1176 Southend-on-Sea Manor             |          | 81651       | 236679267178 | Santa Rosa                 |
| JILL        | HAWKINS      | 1440 Compton Place                     |          | 81037       | 931059836497 | Linz                       |
| LEE         | HAWKS        | 1661 Abha Drive                        |          | 14400       | 270456873752 | Pudukkottai                |
| ROBIN       | HAYES        | 1913 Kamakura Place                    |          | 97287       | 942570536750 | Jelets                     |
| SHAWN       | HEATON       | 1337 Mit Ghamr Avenue                  |          | 29810       | 175283210378 | Nakhon Sawan               |
| ANDREA      | HENDERSON    | 320 Baiyin Parkway                     |          | 37307       | 223664661973 | Mahajanga                  |
| ALBERTO     | HENNING      | 502 Mandi Bahauddin Parkway            |          | 15992       | 618156722572 | Barcelona                  |
| PAULINE     | HENRY        | 261 Saint Louis Way                    |          | 83401       | 321944036800 | Torreón                    |
| ANGELA      | HERNANDEZ    | 786 Aurora Avenue                      |          | 65750       | 18461860151  | Shimonoseki                |
| NORA        | HERRERA      | 1587 Loja Manor                        |          | 5410        | 621625204422 | Salzburg                   |
| TRACY       | HERRMANN     | 1074 Sanaa Parkway                     |          | 22474       | 154124128457 | Loja                       |
| CLAUDE      | HERZOG       | 486 Ondo Parkway                       |          | 35202       | 105882218332 | Benguela                   |
| EDUARDO     | HIATT        | 1837 Kaduna Parkway                    |          | 82580       | 640843562301 | Jining                     |
| MONICA      | HICKS        | 1752 São Leopoldo Parkway              |          | 14014       | 252265130067 | Mukatševe                  |
| MARCUS      | HIDALGO      | 1289 Belém Boulevard                   |          | 88306       | 237368926031 | Tartu                      |
| ANNA        | HILL         | 127 Purnea (Purnia) Manor              |          | 79388       | 911872220378 | Alessandria                |
| ZACHARY     | HITE         | 98 Pyongyang Boulevard                 |          | 88749       | 191958435142 | Akron                      |
| MATTIE      | HOFFMAN      | 1497 Yuzhou Drive                      |          | 3433        | 246810237916 | London                     |
| MABEL       | HOLLAND      | 51 Laredo Avenue                       |          | 68146       | 884536620568 | Monywa                     |
| PHILLIP     | HOLM         | 102 Chapra Drive                       |          | 14073       | 776031833752 | Tama                       |
| LUCILLE     | HOLMES       | 999 Sanaa Loop                         |          | 3439        | 918032330119 | Soshanguve                 |
| TONI        | HOLT         | 1936 Cumaná Avenue                     |          | 61195       | 976798660411 | Roanoke                    |
| HILDA       | HOPKINS      | 1831 Nam Dinh Loop                     |          | 51990       | 322888976727 | Mandaluyong                |
| BILLIE      | HORTON       | 457 Tongliao Loop                      |          | 56254       | 880756161823 | Inegöl                     |
| RAY         | HOULE        | 740 Udaipur Lane                       |          | 33505       | 497288595103 | Dzerzinsk                  |
| ROSE        | HOWARD       | 698 Otsu Street                        |          | 71110       | 409983924481 | Cayenne                    |
| WILLIE      | HOWELL       | 1244 Allappuzha (Alleppey) Place       |          | 20657       | 991802825778 | Vicente López              |
| MILTON      | HOWLAND      | 758 Korolev Parkway                    |          | 75474       | 441628280920 | Vijayawada                 |
| LAUREN      | HUDSON       | 1740 Le Mans Loop                      |          | 22853       | 168476538960 | Le Mans                    |
| BRANDON     | HUEY         | 1912 Emeishan Drive                    |          | 33050       | 99883471275  | Balikesir                  |
| BONNIE      | HUGHES       | 1942 Ciparay Parkway                   |          | 82624       | 978987363654 | Cheju                      |
| ELEANOR     | HUNT         | 1952 Pune Lane                         |          | 92150       | 354615066969 | Saint-Denis                |
| CHARLOTTE   | HUNTER       | 758 Junan Lane                         |          | 82639       | 935448624185 | Águas Lindas de Goiás      |
| JEREMY      | HURTADO      | 1133 Rizhao Avenue                     |          | 2800        | 600264533987 | Vitória de Santo Antão     |
| CURTIS      | IRBY         | 432 Garden Grove Street                |          | 65630       | 615964523510 | Richmond Hill              |
| FREDERICK   | ISBELL       | 1404 Taguig Drive                      |          | 87212       | 572068624538 | Tsuyama                    |
| DANNY       | ISOM         | 734 Béchar Place                       |          | 30586       | 280578750435 | Okara                      |
| KAREN       | JACKSON      | 270 Amroha Parkway                     |          | 29610       | 695479687538 | Osmaniye                   |
| GEORGIA     | JACOBS       | 954 Kimchon Place                      |          | 42420       | 541327526474 | Uttarpara-Kotrung          |
| KATHY       | JAMES        | 492 Cam Ranh Street                    |          | 50805       | 565018274456 | Baybay                     |
| LOUISE      | JENKINS      | 929 Tallahassee Loop                   |          | 74671       | 800716535041 | Springs                    |
| NAOMI       | JENNINGS     | 1884 Shikarpur Avenue                  |          | 85548       | 959949395183 | Karnal                     |
| LENA        | JENSEN       | 1027 Banjul Place                      |          | 50390       | 538241037443 | Halisahar                  |
| OLGA        | JIMENEZ      | 556 Baybay Manor                       |          | 55802       | 363982224739 | Ogbomosho                  |
| PATRICIA    | JOHNSON      | 1121 Loja Avenue                       |          | 17886       | 838635286649 | San Bernardino             |
| KRISTIN     | JOHNSTON     | 226 Brest Manor                        |          | 2299        | 785881412500 | Sunnyvale                  |
| BARBARA     | JONES        | 1566 Inegöl Manor                      |          | 53561       | 705814003527 | Myingyan                   |
| TIFFANY     | JORDAN       | 804 Elista Drive                       |          | 61069       | 379804592943 | Enshi                      |
| JERRY       | JORDON       | 124 al-Manama Way                      |          | 52368       | 647899404952 | Onomichi                   |
| JOSEPH      | JOY          | 1354 Siegen Street                     |          | 80184       | 573441801529 | Angra dos Reis             |
| CHRISTIAN   | JUNG         | 949 Allende Lane                       |          | 67521       | 122981120653 | Amroha                     |
| ALAN        | KAHN         | 753 Ilorin Avenue                      |          | 3656        | 464511145118 | Emeishan                   |
| ELSIE       | KELLEY       | 955 Bamenda Way                        |          | 1545        | 768481779568 | Ikerre                     |
| DENISE      | KELLY        | 1206 Dos Quebradas Place               |          | 20207       | 241832790687 | Rio Claro                  |
| RHONDA      | KENNEDY      | 1749 Daxian Place                      |          | 11044       | 963369996279 | Apeldoorn                  |
| JEROME      | KENYON       | 1872 Toulon Loop                       |          | 7939        | 928809465153 | Rancagua                   |
| LILLIE      | KIM          | 1736 Cavite Place                      |          | 98775       | 431770603551 | Idfu                       |
| REGINALD    | KINDER       | 519 Brescia Parkway                    |          | 69504       | 793996678771 | Madiun                     |
| MELISSA     | KING         | 1668 Anápolis Street                   |          | 50199       | 525255540978 | Lungtan                    |
| GAIL        | KNIGHT       | 185 Novi Sad Place                     |          | 41778       | 904253967161 | Bern                       |
| KELLY       | KNOTT        | 390 Wroclaw Way                        |          | 5753        | 357593328658 | Sanya                      |
| CHARLES     | KOWALSKI     | 715 São Bernardo do Campo Lane         |          | 84804       | 181179321332 | Sungai Petani              |
| LESTER      | KRAUS        | 1013 Tabuk Boulevard                   |          | 96203       | 158399646978 | Kanchrapara                |
| HERBERT     | KRUGER       | 1823 Hoshiarpur Lane                   |          | 33191       | 307133768620 | Syktyvkar                  |
| MISTY       | LAMBERT      | 1192 Tongliao Street                   |          | 19065       | 350970907017 | Sharja                     |
| JACOB       | LANCE        | 1866 al-Qatif Avenue                   |          | 89420       | 546793516940 | El Monte                   |
| RENEE       | LANE         | 533 al-Ayn Boulevard                   |          | 8862        | 662227486184 | Compton                    |
| HEIDI       | LARSON       | 1103 Bilbays Parkway                   |          | 87660       | 279979529227 | Xi´angfan                  |
| DARYL       | LARUE        | 1208 Tama Loop                         |          | 73605       | 954786054144 | Mosul                      |
| LAURIE      | LAWRENCE     | 9 San Miguel de Tucumán Manor          |          | 90845       | 956188728558 | Firozabad                  |
| JEANNE      | LAWSON       | 387 Mwene-Ditu Drive                   |          | 8073        | 764477681869 | Ashgabat                   |
| LAWRENCE    | LAWTON       | 114 Jalib al-Shuyukh Manor             |          | 60440       | 845378657301 | Yaoundé                    |
| KIMBERLY    | LEE          | 96 Tafuna Way                          |          | 99865       | 934730187245 | Córdoba                    |
| LOUIS       | LEONE        | 1191 Tandil Drive                      |          | 6362        | 45554316010  | Tanauan                    |
| SARAH       | LEWIS        | 1780 Hino Boulevard                    |          | 7716        | 902731229323 | Liepaja                    |
| GEORGE      | LINTON       | 1957 Yantai Lane                       |          | 59255       | 704948322302 | Sorocaba                   |
| MAUREEN     | LITTLE       | 201 Effon-Alaiye Way                   |          | 64344       | 684192903087 | Asunción                   |
| DWIGHT      | LOMBARDI     | 1497 Fengshan Drive                    |          | 63022       | 368738360376 | Chatsworth                 |
| JACQUELINE  | LONG         | 870 Ashqelon Loop                      |          | 84931       | 135117278909 | Songkhla                   |
| AMY         | LOPEZ        | 176 Mandaluyong Place                  |          | 65213       | 627705991774 | Jhansi                     |
| BARRY       | LOVELACE     | 1836 Korla Parkway                     |          | 55405       | 689681677428 | Kitwe                      |
| PRISCILLA   | LOWE         | 144 South Hill Loop                    |          | 2012        | 45387294817  | Salamanca                  |
| VELMA       | LUCAS        | 1155 Liaocheng Place                   |          | 22650       | 558236142492 | Effon-Alaiye               |
| WILLARD     | LUMPKIN      | 1819 Alessandria Loop                  |          | 53829       | 377633994405 | Carmen                     |
| LEWIS       | LYMAN        | 632 Usolje-Sibirskoje Parkway          |          | 73085       | 667648979883 | Ashqelon                   |
| JACKIE      | LYNCH        | 98 Stara Zagora Boulevard              |          | 76448       | 610173756082 | Buenaventura               |
| STEVE       | MACKENZIE    | 154 Oshawa Manor                       |          | 72771       | 440365973660 | Probolinggo                |
| RALPH       | MADRIGAL     | 1009 Zanzibar Lane                     |          | 64875       | 102396298916 | Arecibo                    |
| MATTHEW     | MAHAN        | 479 San Felipe del Progreso Avenue     |          | 54949       | 869051782691 | Cuautla                    |
| DONALD      | MAHON        | 1774 Yaoundé Place                     |          | 91400       | 613124286867 | Ezhou                      |
| CLIFTON     | MALCOLM      | 1489 Kakamigahara Lane                 |          | 98883       | 29341849811  | Tanshui                    |
| JOSHUA      | MARK         | 1920 Weifang Avenue                    |          | 15643       | 869507847714 | Rampur                     |
| WILLIE      | MARKHAM      | 1623 Kingstown Drive                   |          | 91299       | 296394569728 | Almirante Brown            |
| SAMUEL      | MARLOW       | 604 Bern Place                         |          | 5373        | 620719383725 | Ranchi                     |
| SHERRY      | MARSHALL     | 1987 Coacalco de Berriozábal Loop      |          | 96065       | 787654415858 | Shubra al-Khayma           |
| CALVIN      | MARTEL       | 138 Caracas Boulevard                  |          | 16790       | 974433019532 | Maracaíbo                  |
| SANDRA      | MARTIN       | 360 Toulouse Parkway                   |          | 54308       | 949312333307 | Southend-on-Sea            |
| RUTH        | MARTINEZ     | 1417 Lancaster Avenue                  |          | 72192       | 272572357893 | Kimberley                  |
| HAROLD      | MARTINO      | 1293 Nam Dinh Way                      |          | 71583       | 697656479977 | Boa Vista                  |
| JUANITA     | MASON        | 943 Johannesburg Avenue                |          | 5892        | 90921003005  | Pune                       |
| ERICA       | MATTHEWS     | 1294 Firozabad Drive                   |          | 70618       | 161801569569 | Pingxiang                  |
| RICK        | MATTOX       | 775 Šostka Drive                       |          | 22358       | 171973024401 | Mit Ghamr                  |
| GREGORY     | MAULDIN      | 507 Smolensk Loop                      |          | 22971       | 80303246192  | Sousse                     |
| GWENDOLYN   | MAY          | 446 Kirovo-Tšepetsk Lane               |          | 19428       | 303967439816 | Higashiosaka               |
| ALFREDO     | MCADAMS      | 1407 Surakarta Manor                   |          | 33224       | 324346485054 | Serpuhov                   |
| RENE        | MCALISTER    | 1895 Zhezqazghan Drive                 |          | 36693       | 137809746111 | Garden Grove               |
| MORRIS      | MCCARTER     | 1568 Celaya Parkway                    |          | 34750       | 278669994384 | Fengshan                   |
| JESUS       | MCCARTNEY    | 259 Ipoh Drive                         |          | 64964       | 419009857119 | Guarujá                    |
| VERA        | MCCOY        | 1168 Najafabad Parkway                 |          | 40301       | 886649065861 | Kabul                      |
| RICHARD     | MCCRARY      | 913 Coacalco de Berriozábal Loop       |          | 42141       | 262088367001 | Arlington                  |
| BRAD        | MCCURDY      | 608 Birgunj Parkway                    |          | 400         | 627425618482 | Chungho                    |
| EDITH       | MCDONALD     | 1967 Sincelejo Place                   |          | 73644       | 577812616052 | Gandhinagar                |
| SAM         | MCDUFFIE     | 656 Matamoros Drive                    |          | 19489       | 17305839123  | Sogamoso                   |
| MIRIAM      | MCKINNEY     | 1336 Benin City Drive                  |          | 46044       | 341242939532 | Otsu                       |
| RAYMOND     | MCWHORTER    | 503 Sogamoso Loop                      |          | 49812       | 834626715837 | Sumqayit                   |
| RICARDO     | MEADOR       | 591 Sungai Petani Drive                |          | 46400       | 37247325001  | Okayama                    |
| DORA        | MEDINA       | 1760 Oshawa Manor                      |          | 38140       | 56257502250  | Tianjin                    |
| CORY        | MEEHAN       | 556 Asunción Way                       |          | 35364       | 338244023543 | Mogiljov                   |
| ANTONIO     | MEEK         | 1190 0 Place                           |          | 10417       | 841876514789 | Bagé                       |
| CASEY       | MENA         | 539 Hami Way                           |          | 52196       | 525518075499 | Tokat                      |
| PETER       | MENARD       | 1217 Konotop Avenue                    |          | 504         | 718917251754 | Ede                        |
| MARIAN      | MENDOZA      | 829 Grand Prairie Way                  |          | 6461        | 741070712873 | Maringá                    |
| NATALIE     | MEYER        | 1201 Qomsheh Manor                     |          | 21464       | 873492228462 | Aparecida de Goiânia       |
| JESSIE      | MILAM        | 1332 Gaziantep Lane                    |          | 22813       | 383353187467 | Binzhou                    |
| BECKY       | MILES        | 1993 Tabuk Lane                        |          | 64221       | 648482415405 | Tambaram                   |
| SHANE       | MILLARD      | 184 Mandaluyong Street                 |          | 94239       | 488425406814 | La Paz                     |
| MARIA       | MILLER       | 900 Santiago de Compostela Parkway     |          | 93896       | 716571220373 | Kragujevac                 |
| ALICIA      | MILLS        | 1963 Moscow Place                      |          | 64863       | 761379480249 | Nagaon                     |
| TOM         | MILNER       | 535 Ahmadnagar Manor                   |          | 41136       | 985109775584 | Abu Dhabi                  |
| STEPHANIE   | MITCHELL     | 42 Brindisi Place                      |          | 16744       | 42384721397  | Yerevan                    |
| RODNEY      | MOELLER      | 1936 Lapu-Lapu Parkway                 |          | 7122        | 653436985797 | Deba Habe                  |
| STACEY      | MONTGOMERY   | 1333 Haldia Street                     |          | 82161       | 408304391718 | Fuyu                       |
| MARGARET    | MOORE        | 613 Korolev Drive                      |          | 45844       | 380657522649 | Masqat                     |
| ANITA       | MORALES      | 788 Atšinsk Street                     |          | 81691       | 146497509724 | Hubli-Dharwad              |
| STELLA      | MORENO       | 1473 Changhwa Parkway                  |          | 75933       | 266798132374 | Coacalco de Berriozábal    |
| EVELYN      | MORGAN       | 943 Tokat Street                       |          | 45428       | 889318963672 | Vaduz                      |
| CRAIG       | MORRELL      | 717 Changzhou Lane                     |          | 21615       | 426255288071 | Cavite                     |
| HEATHER     | MORRIS       | 17 Kabul Boulevard                     |          | 38594       | 697760867968 | Nagareyama                 |
| BESSIE      | MORRISON     | 1926 Gingoog Street                    |          | 22824       | 469738825391 | Syrakusa                   |
| JASON       | MORRISSEY    | 1427 A Coruña (La Coruña) Place        |          | 85799       | 972574862516 | Bahía Blanca               |
| BRADLEY     | MOTLEY       | 1596 Acuña Parkway                     |          | 70425       | 157133457169 | Purnea (Purnia)            |
| CHERYL      | MURPHY       | 1213 Ranchi Parkway                    |          | 94352       | 800024380485 | Mysore                     |
| THELMA      | MURRAY       | 1175 Tanauan Way                       |          | 64615       | 937222955822 | Lima                       |
| MANUEL      | MURRELL      | 692 Amroha Drive                       |          | 35575       | 359478883004 | Jaffna                     |
| PEGGY       | MYERS        | 733 Mandaluyong Place                  |          | 77459       | 196568435814 | Abha                       |
| PENNY       | NEAL         | 1675 Xi´angfan Manor                   |          | 11763       | 271149517630 | Kumbakonam                 |
| DEBRA       | NELSON       | 306 Antofagasta Place                  |          | 3989        | 378318851631 | Vila Velha                 |
| JAIME       | NETTLES      | 1746 Faaa Way                          |          | 32515       | 863080561151 | Huánuco                    |
| RANDALL     | NEUMANN      | 1245 Ibirité Way                       |          | 40926       | 331888642162 | La Romana                  |
| PATRICK     | NEWSOM       | 68 Ponce Parkway                       |          | 85926       | 870635127812 | Hanoi                      |
| JUSTIN      | NGO          | 519 Nyeri Manor                        |          | 37650       | 764680915323 | Santo André                |
| TAMARA      | NGUYEN       | 356 Olomouc Manor                      |          | 93323       | 22326410776  | Anápolis                   |
| SUZANNE     | NICHOLS      | 456 Escobar Way                        |          | 36061       | 719202533520 | Jakarta                    |
| ELMER       | NOE          | 1768 Udine Loop                        |          | 32347       | 448876499197 | Battambang                 |
| JULIO       | NOLAND       | 182 Nuku´alofa Drive                   |          | 15414       | 426346224043 | Konotop                    |
| CODY        | NOLEN        | 1715 Okayama Street                    |          | 55676       | 169352919175 | São Bernardo do Campo      |
| LEONA       | OBRIEN       | 1308 Sumy Loop                         |          | 30657       | 583021225407 | Fuzhou                     |
| MARION      | OCAMPO       | 1464 Kursk Parkway                     |          | 17381       | 338758048786 | Weifang                    |
| ISAAC       | OGLESBY      | 186 Skikda Lane                        |          | 89422       | 14465669789  | Cuernavaca                 |
| JORGE       | OLIVARES     | 1078 Stara Zagora Drive                |          | 69221       | 932992626595 | Lhokseumawe                |
| ELLA        | OLIVER       | 751 Lima Loop                          |          | 99405       | 756460337785 | Aden                       |
| ANNETTE     | OLSON        | 431 Xi´angtan Avenue                   |          | 4854        | 230250973122 | Allappuzha (Alleppey)      |
| DWAYNE      | OLVERA       | 1447 Imus Place                        |          | 12905       | 62127829280  | Rajkot                     |
| SYLVIA      | ORTIZ        | 241 Mosul Lane                         |          | 76157       | 765345144779 | Dos Quebradas              |
| MARC        | OUTLAW       | 1 Valle de Santiago Avenue             |          | 86208       | 465897838272 | Brindisi                   |
| CARMEN      | OWENS        | 1378 Alvorada Avenue                   |          | 75834       | 272234298332 | Caracas                    |
| DAN         | PAINE        | 808 Naçala-Porto Parkway               |          | 41060       | 553452430707 | Stockport                  |
| MEGAN       | PALMER       | 1560 Jelets Boulevard                  |          | 77777       | 189446090264 | Laiwu                      |
| FRANCES     | PARKER       | 686 Garland Manor                      |          | 52535       | 69493378813  | Juazeiro do Norte          |
| WANDA       | PATTERSON    | 1740 Portoviejo Avenue                 |          | 29932       | 198123170793 | Sincelejo                  |
| LYNN        | PAYNE        | 710 San Felipe del Progreso Avenue     |          | 76901       | 843801144113 | Lilongwe                   |
| IRMA        | PEARSON      | 127 Iwakuni Boulevard                  |          | 20777       | 987442542471 | Hagonoy                    |
| LANCE       | PEMBERTON    | 454 Qinhuangdao Drive                  |          | 25866       | 786270036240 | Beni-Mellal                |
| ERIKA       | PENA         | 898 Jining Lane                        |          | 40070       | 161643343536 | Oulu                       |
| CAROLYN     | PEREZ        | 1632 Bislig Avenue                     |          | 61117       | 471675840679 | Pak Kret                   |
| GERALDINE   | PERKINS      | 97 Shimoga Avenue                      |          | 44660       | 177167004331 | Tel Aviv-Jaffa             |
| SARA        | PERRY        | 125 Città del Vaticano Boulevard       |          | 67912       | 48417642933  | Atlixco                    |
| WALTER      | PERRYMAN     | 1909 Benguela Lane                     |          | 19913       | 624138001031 | Xinxiang                   |
| SUE         | PETERS       | 817 Bradford Loop                      |          | 89459       | 264286442804 | Changzhou                  |
| NICOLE      | PETERSON     | 57 Arlington Manor                     |          | 48960       | 990214419142 | Shivapuri                  |
| BOB         | PFEIFFER     | 415 Pune Avenue                        |          | 44274       | 203202500108 | Xintai                     |
| JANET       | PHILLIPS     | 1718 Valencia Street                   |          | 37359       | 675292816413 | Antofagasta                |
| SALLY       | PIERCE       | 1540 Wroclaw Drive                     |          | 62686       | 182363341674 | Chandrapur                 |
| JEFFERY     | PINSON       | 966 Arecibo Loop                       |          | 94018       | 15273765306  | Dadu                       |
| MAX         | PITT         | 1917 Kumbakonam Parkway                |          | 11892       | 698182547686 | Novi Sad                   |
| HECTOR      | POINDEXTER   | 185 Mannheim Lane                      |          | 23661       | 589377568313 | Pjatigorsk                 |
| CARRIE      | PORTER       | 1854 Tieli Street                      |          | 15819       | 509492324775 | Liaocheng                  |
| BILLY       | POULIN       | 1061 Ede Avenue                        |          | 57810       | 333390595558 | Cabuyao                    |
| ANNE        | POWELL       | 1557 Kütahya Boulevard                 |          | 88002       | 720998247660 | Bradford                   |
| DARRELL     | POWER        | 1844 Usak Avenue                       |          | 84461       | 164414772677 | Halifax                    |
| KEN         | PREWITT      | 1342 Abha Boulevard                    |          | 10714       | 997453607116 | Bucuresti                  |
| IRENE       | PRICE        | 602 Paarl Street                       |          | 98889       | 896314772871 | Pavlodar                   |
| GLENN       | PULLEN       | 992 Klerksdorp Loop                    |          | 33711       | 855290087237 | Amersfoort                 |
| ANDREW      | PURDY        | 431 Székesfehérvár Avenue              |          | 57828       | 119501405123 | Baku                       |
| STEPHEN     | QUALLS       | 1838 Tabriz Lane                       |          | 1195        | 38988715447  | Dhaka                      |
| TROY        | QUIGLEY      | 983 Santa Fé Way                       |          | 47472       | 145720452260 | Vancouver                  |
| ROGER       | QUINTANILLA  | 381 Kabul Way                          |          | 87272       | 55477302294  | Hsichuh                    |
| VINCENT     | RALSTON      | 397 Sunnyvale Avenue                   |          | 55566       | 680851640676 | Allende                    |
| CHRISTINA   | RAMIREZ      | 1124 Buenaventura Drive                |          | 6856        | 407733804223 | al-Hawiya                  |
| EVA         | RAMOS        | 1666 Beni-Mellal Place                 |          | 13377       | 9099941466   | Clarksville                |
| ANDRE       | RAPP         | 568 Dhule (Dhulia) Loop                |          | 92568       | 602101369463 | Coquimbo                   |
| DALE        | RATCLIFF     | 1639 Saarbrücken Drive                 |          | 9827        | 328494873422 | Rustenburg                 |
| AUDREY      | RAY          | 1010 Klerksdorp Way                    |          | 6802        | 493008546874 | Graz                       |
| JIM         | REA          | 814 Simferopol Loop                    |          | 48745       | 524567129902 | El Fuerte                  |
| DORIS       | REED         | 1697 Kowloon and New Kowloon Loop      |          | 57807       | 499352017190 | Balašiha                   |
| CONSTANCE   | REID         | 885 Yingkou Manor                      |          | 31390       | 588964509072 | Zaria                      |
| NEIL        | RENNER       | 1817 Livorno Way                       |          | 79401       | 478380208348 | Cam Ranh                   |
| DEBBIE      | REYES        | 928 Jaffna Loop                        |          | 93762       | 581852137991 | Fukuyama                   |
| ROSA        | REYNOLDS     | 793 Cam Ranh Avenue                    |          | 87057       | 824370924746 | Lancaster                  |
| EDGAR       | RHOADS       | 1269 Ipoh Avenue                       |          | 54674       | 402630109080 | Eskisehir                  |
| SHERRI      | RHODES       | 922 Vila Velha Loop                    |          | 4085        | 510737228015 | Ahmadnagar                 |
| JAMIE       | RICE         | 879 Newcastle Way                      |          | 90732       | 206841104594 | Sterling Heights           |
| WILMA       | RICHARDS     | 660 Jedda Boulevard                    |          | 25053       | 168758068397 | Bellevue                   |
| ASHLEY      | RICHARDSON   | 1214 Hanoi Way                         |          | 67055       | 491001136577 | Lincoln                    |
| RONNIE      | RICKETTS     | 1889 Valparai Way                      |          | 75559       | 670370974122 | Ziguinchor                 |
| KEITH       | RICO         | 482 Kowloon and New Kowloon Manor      |          | 97056       | 738968474939 | Bratislava                 |
| BRITTANY    | RILEY        | 140 Chiayi Parkway                     |          | 38982       | 855863906434 | Sumy                       |
| MARK        | RINEHART     | 780 Kimberley Way                      |          | 17032       | 824396883951 | Tabuk                      |
| KATHERINE   | RIVERA       | 915 Ponce Place                        |          | 83980       | 1395251317   | Basel                      |
| JAY         | ROBB         | 1947 Paarl Way                         |          | 23636       | 834061016202 | Surakarta                  |
| ERIC        | ROBERT       | 430 Kumbakonam Drive                   |          | 28814       | 105470691550 | Santa Fé                   |
| CHRISTINE   | ROBERTS      | 1447 Imus Way                          |          | 48942       | 539758313890 | Faaa                       |
| JOANNE      | ROBERTSON    | 1337 Lincoln Parkway                   |          | 99457       | 597815221267 | Urawa                      |
| GREG        | ROBINS       | 1786 Salinas Place                     |          | 66546       | 206060652238 | Nam Dinh                   |
| SHARON      | ROBINSON     | 1688 Okara Way                         |          | 21954       | 144453869132 | Mardan                     |
| LAURA       | RODRIGUEZ    | 28 Charlotte Amalie Street             |          | 37551       | 161968374323 | Salé                       |
| VIOLET      | RODRIQUEZ    | 1912 Allende Manor                     |          | 58124       | 172262454487 | Kowloon and New Kowloon    |
| TERESA      | ROGERS       | 1964 Allappuzha (Alleppey) Street      |          | 48980       | 920811325222 | Iwakuni                    |
| MINNIE      | ROMERO       | 47 Syktyvkar Lane                      |          | 22236       | 63937119031  | Ciomas                     |
| DARLENE     | ROSE         | 1386 Nakhon Sawan Boulevard            |          | 53502       | 368899174225 | Pyongyang                  |
| MARILYN     | ROSS         | 1888 Kabul Drive                       |          | 20936       | 701457319790 | Ife                        |
| TERRANCE    | ROUSH        | 42 Fontana Avenue                      |          | 14684       | 437829801725 | Székesfehérvár             |
| DAVID       | ROYAL        | 827 Yuncheng Drive                     |          | 79047       | 504434452842 | Callao                     |
| VIVIAN      | RUIZ         | 741 Ambattur Manor                     |          | 43310       | 302590383819 | ´s-Hertogenbosch           |
| NATHAN      | RUNYON       | 264 Bhimavaram Manor                   |          | 54749       | 302526949177 | Charlotte Amalie           |
| ANNIE       | RUSSELL      | 1599 Plock Drive                       |          | 71986       | 817248913162 | Tete                       |
| TARA        | RYAN         | 1688 Nador Lane                        |          | 61613       | 652218196731 | Gorontalo                  |
| RYAN        | SALISBURY    | 1673 Tangail Drive                     |          | 26857       | 627924259271 | Daugavpils                 |
| GENE        | SANBORN      | 1416 San Juan Bautista Tuxtepec Avenue |          | 50592       | 144206758053 | Salala                     |
| JULIE       | SANCHEZ      | 939 Probolinggo Loop                   |          | 4166        | 680428310138 | A Coruña (La Coruña)       |
| TAMMY       | SANDERS      | 1551 Rampur Lane                       |          | 72394       | 251164340471 | Changhwa                   |
| WILLIAM     | SATTERFIELD  | 687 Alessandria Parkway                |          | 57587       | 407218522294 | Sanaa                      |
| DEAN        | SAUER        | 270 Tambaram Parkway                   |          | 9668        | 248446668735 | Johannesburg               |
| JONATHAN    | SCARBOROUGH  | 1698 Southport Loop                    |          | 49009       | 754358349853 | Pachuca de Soto            |
| JESSE       | SCHILLING    | 514 Ife Way                            |          | 69973       | 900235712074 | Lubumbashi                 |
| ROSEMARY    | SCHMIDT      | 1215 Pyongyang Parkway                 |          | 25238       | 646237101779 | Usak                       |
| LEONARD     | SCHOFIELD    | 88 Nagaon Manor                        |          | 86868       | 779461480495 | Tandil                     |
| JIMMY       | SCHRADER     | 616 Hagonoy Avenue                     |          | 46043       | 604177838256 | Atšinsk                    |
| KEVIN       | SCHULER      | 470 Boksburg Street                    |          | 97960       | 908029859266 | Birgunj                    |
| ANTHONY     | SCHWAB       | 1892 Nabereznyje Tšelny Lane           |          | 28396       | 478229987054 | Tafuna                     |
| BRUCE       | SCHWARZ      | 1565 Tangail Manor                     |          | 45750       | 634445428822 | Okinawa                    |
| REBECCA     | SCOTT        | 61 Tama Street                         |          | 94065       | 708403338270 | Kurashiki                  |
| STANLEY     | SCROGGINS    | 1266 Laredo Parkway                    |          | 7664        | 1483365694   | Omiya                      |
| KARL        | SEAL         | 1427 Tabuk Place                       |          | 31342       | 214756839122 | Cape Coral                 |
| AARON       | SELBY        | 1519 Santiago de los Caballeros Loop   |          | 22025       | 409315295763 | Mwene-Ditu                 |
| LESLIE      | SEWARD       | 1152 al-Qatif Lane                     |          | 44816       | 131370665218 | Pontianak                  |
| EARL        | SHANKS       | 168 Cianjur Manor                      |          | 73824       | 679095087143 | Iwatsuki                   |
| CLARA       | SHAW         | 1027 Songkhla Manor                    |          | 30861       | 563660187896 | Molodetšno                 |
| RICKY       | SHELBY       | 722 Bradford Lane                      |          | 90920       | 746251338300 | Junan                      |
| SCOTT       | SHELLEY      | 587 Benguela Manor                     |          | 91590       | 165450987037 | Aurora                     |
| DIANNE      | SHELTON      | 600 Bradford Street                    |          | 96204       | 117592274996 | Tabriz                     |
| WARREN      | SHERROD      | 1621 Tongliao Avenue                   |          | 22173       | 209342540247 | Usolje-Sibirskoje          |
| FRANCIS     | SIKES        | 355 Vitória de Santo Antão Way         |          | 81758       | 548003849552 | San Juan Bautista Tuxtepec |
| MAXINE      | SILVA        | 1338 Zalantun Lane                     |          | 45403       | 840522972766 | Poços de Caldas            |
| MICHAEL     | SILVERMAN    | 1908 Gaziantep Place                   |          | 58979       | 108053751300 | Tiefa                      |
| TINA        | SIMMONS      | 984 Effon-Alaiye Avenue                |          | 17119       | 132986892228 | Goiânia                    |
| ARTHUR      | SIMPKINS     | 1157 Nyeri Loop                        |          | 56380       | 262744791493 | Maikop                     |
| ELLEN       | SIMPSON      | 1666 Qomsheh Drive                     |          | 66255       | 582835362905 | Poá                        |
| VANESSA     | SIMS         | 1792 Valle de la Pascua Place          |          | 15540       | 419419591240 | Siegen                     |
| FRANCISCO   | SKIDMORE     | 614 Denizli Parkway                    |          | 29444       | 876491807547 | São Leopoldo               |
| GILBERT     | SLEDGE       | 1515 Korla Way                         |          | 57197       | 959467760895 | York                       |
| WALLACE     | SLONE        | 1342 Sharja Way                        |          | 93655       | 946114054231 | Sokoto                     |
| MARY        | SMITH        | 1913 Hanoi Way                         |          | 35200       | 28303384290  | Sasebo                     |
| MARION      | SNYDER       | 1891 Rizhao Boulevard                  |          | 47288       | 391065549876 | Santa Bárbara d´Oeste      |
| NINA        | SOTO         | 1519 Ilorin Place                      |          | 49298       | 357445645426 | Palghat (Palakkad)         |
| ROLAND      | SOUTH        | 1993 0 Loop                            |          | 41214       | 25865528181  | Yingkou                    |
| JEFFREY     | SPEAR        | 1860 Taguig Loop                       |          | 59550       | 38158430589  | Ciparay                    |
| CATHY       | SPENCER      | 1287 Xi´angfan Boulevard               |          | 57844       | 819416131190 | Kakamigahara               |
| KYLE        | SPURLOCK     | 1269 Botosani Manor                    |          | 47394       | 736517327853 | Shanwei                    |
| SERGIO      | STANFIELD    | 1402 Zanzibar Boulevard                |          | 71102       | 387448063440 | Celaya                     |
| ALLISON     | STANLEY      | 754 Valencia Place                     |          | 87911       | 594319417514 | Phnom Penh                 |
| KIRK        | STCLAIR      | 1923 Stara Zagora Lane                 |          | 95179       | 182178609211 | Tsaotun                    |
| LORRAINE    | STEPHENS     | 154 Tallahassee Loop                   |          | 62250       | 935508855935 | Hami                       |
| ERNEST      | STEPP        | 500 Lincoln Parkway                    |          | 95509       | 550306965159 | Huai´an                    |
| ELAINE      | STEVENS      | 801 Hagonoy Drive                      |          | 8439        | 237426099212 | Smolensk                   |
| ALICE       | STEWART      | 1135 Izumisano Parkway                 |          | 48150       | 171822533480 | Fontana                    |
| IAN         | STILL        | 1894 Boa Vista Way                     |          | 77464       | 239357986667 | Garland                    |
| VERONICA    | STONE        | 369 Papeete Way                        |          | 66639       | 170117068815 | Greensboro                 |
| DAWN        | SULLIVAN     | 454 Nakhon Sawan Boulevard             |          | 76383       | 963887147572 | Funafuti                   |
| FELICIA     | SUTTON       | 226 Halifax Street                     |          | 58492       | 790651020929 | Korla                      |
| PERRY       | SWAFFORD     | 773 Dallas Manor                       |          | 12664       | 914466027044 | Quilmes                    |
| GLEN        | TALBERT      | 1789 Saint-Denis Parkway               |          | 8268        | 936806643983 | Acuña                      |
| TODD        | TAN          | 1793 Meixian Place                     |          | 33535       | 619966287415 | Kamjanets-Podilskyi        |
| DOROTHY     | TAYLOR       | 1531 Salé Drive                        |          | 53628       | 648856936185 | Esfahan                    |
| SALVADOR    | TEEL         | 247 Jining Parkway                     |          | 53446       | 170115379190 | Banjul                     |
| JENNIE      | TERRY        | 682 Halisahar Place                    |          | 20536       | 475553436330 | Olomouc                    |
| NANCY       | THOMAS       | 808 Bhopal Manor                       |          | 10672       | 465887807014 | Yamuna Nagar               |
| DONNA       | THOMPSON     | 270 Toulon Boulevard                   |          | 81766       | 407752414682 | Elista                     |
| MARSHALL    | THORN        | 1584 Ljubertsy Lane                    |          | 22954       | 285710089439 | Southampton                |
| LARRY       | THRASHER     | 663 Bahía Blanca Parkway               |          | 33463       | 834418779292 | Adana                      |
| LONNIE      | TIRADO       | 1658 Cumaná Loop                       |          | 51309       | 784907335610 | Pangkal Pinang             |
| CLYDE       | TOBIAS       | 1909 Dayton Avenue                     |          | 88513       | 702955450528 | Shaoguan                   |
| EDDIE       | TOMLIN       | 1351 Aparecida de Goiânia Parkway      |          | 41775       | 959834530529 | Ozamis                     |
| KELLY       | TORRES       | 1586 Guarujá Place                     |          | 5135        | 947233365992 | Xi´angtan                  |
| PAUL        | TROUT        | 746 Joliet Lane                        |          | 94878       | 688485191923 | Kursk                      |
| FRANKLIN    | TROUTMAN     | 1778 Gijón Manor                       |          | 35156       | 288910576761 | Zaoyang                    |
| WAYNE       | TRUONG       | 1049 Matamoros Parkway                 |          | 69640       | 960505250340 | Gulbarga                   |
| DUANE       | TUBBS        | 962 Tama Loop                          |          | 65952       | 282667506728 | Yangor                     |
| MARJORIE    | TUCKER       | 1050 Garden Grove Avenue               |          | 4999        | 973047364353 | Jastrzebie-Zdrój           |
| MARIE       | TURNER       | 1998 Halifax Drive                     |          | 76022       | 177727722820 | Lipetsk                    |
| JOHNNY      | TURPIN       | 1152 Citrus Heights Manor              |          | 5239        | 765957414528 | al-Qadarif                 |
| ANDY        | VANHORN      | 966 Asunción Way                       |          | 62703       | 995527378381 | Huejutla de Reyes          |
| CHRISTY     | VARGAS       | 1158 Mandi Bahauddin Parkway           |          | 98484       | 276555730211 | Datong                     |
| BENJAMIN    | VARNEY       | 817 Laredo Avenue                      |          | 77449       | 151249681135 | Guadalajara                |
| TERRI       | VASQUEZ      | 1304 ´s-Hertogenbosch Way              |          | 10925       | 90336226227  | Blumenau                   |
| JULIAN      | VEST         | 923 Tangail Boulevard                  |          | 33384       | 315528269898 | Akishima                   |
| CECIL       | VINES        | 548 Uruapan Street                     |          | 35653       | 879347453467 | London                     |
| ROBERTO     | VU           | 1297 Alvorada Parkway                  |          | 11839       | 508348602835 | Yinchuan                   |
| MARGIE      | WADE         | 1762 Paarl Parkway                     |          | 53928       | 192459639410 | Lengshuijiang              |
| FRANK       | WAGGONER     | 1816 Bydgoszcz Loop                    |          | 64308       | 965273813662 | Jamalpur                   |
| DOLORES     | WAGNER       | 316 Uruapan Street                     |          | 58194       | 275788967899 | Ipoh                       |
| HUGH        | WALDROP      | 904 Clarksville Drive                  |          | 52234       | 955349440539 | Haining                    |
| DEBORAH     | WALKER       | 934 San Felipe de Puerto Plata Street  |          | 99780       | 196495945706 | Shikarpur                  |
| CONNIE      | WALLACE      | 1867 San Juan Bautista Tuxtepec Avenue |          | 78311       | 547003310357 | Ivanovo                    |
| CASSANDRA   | WALTERS      | 920 Kumbakonam Loop                    |          | 75090       | 685010736240 | Salinas                    |
| JANICE      | WARD         | 1150 Kimchon Manor                     |          | 96109       | 663449333709 | Malmö                      |
| HAZEL       | WARREN       | 1587 Sullana Lane                      |          | 85769       | 468060467018 | Hohhot                     |
| RUBY        | WASHINGTON   | 1952 Chatsworth Drive                  |          | 25958       | 991562402283 | Meixian                    |
| YVONNE      | WATKINS      | 1848 Salala Boulevard                  |          | 25220       | 48265851133  | Ocumare del Tuy            |
| THERESA     | WATSON       | 89 Allappuzha (Alleppey) Manor         |          | 75444       | 255800440636 | Taguig                     |
| SHELLY      | WATTS        | 32 Pudukkottai Lane                    |          | 38834       | 967274728547 | Dayton                     |
| JAMIE       | WAUGH        | 958 Sagamihara Lane                    |          | 88408       | 427274926505 | Kuwana                     |
| MIKE        | WAY          | 990 Etawah Loop                        |          | 79940       | 206169448769 | Valparai                   |
| YOLANDA     | WEAVER       | 605 Rio Claro Parkway                  |          | 49348       | 352469351088 | Tabora                     |
| ETHEL       | WEBB         | 569 Baicheng Lane                      |          | 60304       | 490211944645 | Boksburg                   |
| RONALD      | WEINER       | 1145 Vilnius Manor                     |          | 73170       | 674805712553 | San Felipe del Progreso    |
| MARLENE     | WELCH        | 1148 Saarbrücken Parkway               |          | 1921        | 137773001988 | Iwaki                      |
| SHEILA      | WELLS        | 848 Tafuna Manor                       |          | 45142       | 614935229095 | Kütahya                    |
| EDNA        | WEST         | 682 Junan Way                          |          | 30418       | 622255216127 | Klerksdorp                 |
| MITCHELL    | WESTMORELAND | 617 Klerksdorp Place                   |          | 94707       | 574973479129 | Nha Trang                  |
| FRED        | WHEAT        | 433 Florencia Street                   |          | 91330       | 561729882725 | Juárez                     |
| LUCY        | WHEELER      | 624 Oshawa Boulevard                   |          | 89959       | 49677664184  | Balurghat                  |
| BETTY       | WHITE        | 770 Bydgoszcz Avenue                   |          | 16266       | 517338314235 | Citrus Heights             |
| ROY         | WHITING      | 1658 Jastrzebie-Zdrój Loop             |          | 96584       | 568367775448 | Nyeri                      |
| JON         | WILES        | 659 Gatineau Boulevard                 |          | 28587       | 205524798287 | El Alto                    |
| LINDA       | WILLIAMS     | 692 Joliet Street                      |          | 83579       | 448477190408 | Athenai                    |
| GINA        | WILLIAMSON   | 1001 Miyakonojo Lane                   |          | 67924       | 584316724815 | Taizz                      |
| BERNICE     | WILLIS       | 29 Pyongyang Loop                      |          | 47753       | 734780743462 | Batman                     |
| SUSAN       | WILSON       | 478 Joliet Way                         |          | 77948       | 657282285970 | Hamilton                   |
| DARREN      | WINDHAM      | 379 Lublin Parkway                     |          | 74568       | 921960450089 | Livorno                    |
| VIRGIL      | WOFFORD      | 760 Miyakonojo Drive                   |          | 64682       | 294449058179 | José Azueta                |
| LORI        | WOOD         | 936 Salzburg Lane                      |          | 96709       | 875756771675 | Rae Bareli                 |
| FLORENCE    | WOODS        | 1532 Dzerzinsk Way                     |          | 9599        | 330838016880 | Merlo                      |
| TYLER       | WREN         | 1060 Tandil Lane                       |          | 72349       | 211256301880 | Rizhao                     |
| BRENDA      | WRIGHT       | 33 Gorontalo Way                       |          | 30348       | 745994947458 | Kamarhati                  |
| BRIAN       | WYMAN        | 1769 Iwaki Lane                        |          | 25787       | 556100547674 | Bydgoszcz                  |
| LUIS        | YANEZ        | 1346 Mysore Drive                      |          | 61507       | 516647474029 | Brest                      |
| MARVIN      | YEE          | 126 Acuña Parkway                      |          | 58888       | 480039662421 | Berhampore (Baharampur)    |
| CYNTHIA     | YOUNG        | 1425 Shikarpur Manor                   |          | 65599       | 678220867005 | Munger (Monghyr)           |
+-------------+--------------+----------------------------------------+----------+-------------+--------------+----------------------------+
599 rows in set (0.0587 sec)
 MySQL  localhost:3306 ssl  sakila  SQL > \c mc-- root@localhost
Creating a session to 'root@localhost'
Fetching global names for auto-completion... Press ^C to stop.
Closing old connection...
Your MySQL connection id is 9
Server version: 9.1.0 MySQL Community Server - GPL
No default schema selected; type \use <schema> to set one.
 MySQL  localhost:3306 ssl  SQL > use sakila;
Default schema set to `sakila`.
Fetching global names, object names from `sakila` for auto-completion... Press ^C to stop.
 MySQL  localhost:3306 ssl  sakila  SQL > use tbd_eva2;
Default schema set to `tbd_eva2`.
Fetching global names, object names from `tbd_eva2` for auto-completion... Press ^C to stop.
 MySQL  localhost:3306 ssl  tbd_eva2  SQL > show tables;
+--------------------+
| Tables_in_tbd_eva2 |
+--------------------+
| banco              |
| City               |
| cliente            |
| Country            |
| direccioncliente   |
| producto           |
| tablaA             |
| tablaB             |
| tarjeta            |
| tarjetacliente     |
| venta              |
| venta_detalle      |
+--------------------+
12 rows in set (0.0074 sec)
 MySQL  localhost:3306 ssl  tbd_eva2  SQL > desc venta_detalle;
+----------------+------+------+-----+---------+----------------+
| Field          | Type | Null | Key | Default | Extra          |
+----------------+------+------+-----+---------+----------------+
| ventadetalleid | int  | NO   | PRI | NULL    | auto_increment |
| ventaid        | int  | NO   | MUL | NULL    |                |
| productoid     | int  | NO   | MUL | NULL    |                |
| cantidad       | int  | NO   |     | NULL    |                |
+----------------+------+------+-----+---------+----------------+
4 rows in set (0.0217 sec)
 MySQL  localhost:3306 ssl  tbd_eva2  SQL > select * from venta_detalle;
+----------------+---------+------------+----------+
| ventadetalleid | ventaid | productoid | cantidad |
+----------------+---------+------------+----------+
|              5 |       2 |          2 |        7 |
|              7 |       4 |          2 |        5 |
|             11 |       2 |          3 |       10 |
|             12 |       4 |          2 |        8 |
+----------------+---------+------------+----------+
4 rows in set (0.0126 sec)
 MySQL  localhost:3306 ssl  tbd_eva2  SQL > desc product;
ERROR: 1146 (42S02): Table 'tbd_eva2.product' doesn't exist
 MySQL  localhost:3306 ssl  tbd_eva2  SQL > desc producto;
+------------+--------------+------+-----+---------+----------------+
| Field      | Type         | Null | Key | Default | Extra          |
+------------+--------------+------+-----+---------+----------------+
| productoid | int          | NO   | PRI | NULL    | auto_increment |
| nombre     | varchar(50)  | NO   |     | NULL    |                |
| precio     | decimal(7,2) | NO   |     | NULL    |                |
| unidad     | varchar(20)  | YES  |     | NULL    |                |
+------------+--------------+------+-----+---------+----------------+
4 rows in set (0.0168 sec)
 MySQL  localhost:3306 ssl  tbd_eva2  SQL > select b.nombre, a.cantidad
                                         -> from venta_detalle a
                                         -> inner join producto b
                                         -> on a.productoid = b.productoid;
+---------+----------+
| nombre  | cantidad |
+---------+----------+
| Tablet  |        7 |
| Tablet  |        5 |
| Celular |       10 |
| Tablet  |        8 |
+---------+----------+
4 rows in set (0.0176 sec)
 MySQL  localhost:3306 ssl  tbd_eva2  SQL > select b.nombre, a.cantidad, b.precio from venta_detalle a inner join producto b on a.productoid = b.productoid;
+---------+----------+---------+
| nombre  | cantidad | precio  |
+---------+----------+---------+
| Tablet  |        7 | 5000.45 |
| Tablet  |        5 | 5000.45 |
| Celular |       10 | 1000.50 |
| Tablet  |        8 | 5000.45 |
+---------+----------+---------+
4 rows in set (0.0027 sec)
 MySQL  localhost:3306 ssl  tbd_eva2  SQL > select b.nombre, a.cantidad, b.precio, (a.cantidad * b.precio) as subtotal from venta_detalle a inner join producto b on a.productoid = b.productoid;
+---------+----------+---------+----------+
| nombre  | cantidad | precio  | subtotal |
+---------+----------+---------+----------+
| Tablet  |        7 | 5000.45 | 35003.15 |
| Tablet  |        5 | 5000.45 | 25002.25 |
| Celular |       10 | 1000.50 | 10005.00 |
| Tablet  |        8 | 5000.45 | 40003.60 |
+---------+----------+---------+----------+
4 rows in set (0.0041 sec)
 MySQL  localhost:3306 ssl  tbd_eva2  SQL > select b.nombre, a.cantidad, b.precio, (a.cantidad * b.precio) as subtotal from venta_detalle a inner join producto b on a.productoid = b.productoid group by a.productoid;
ERROR: 1055 (42000): Expression #2 of SELECT list is not in GROUP BY clause and contains nonaggregated column 'tbd_eva2.a.cantidad' which is not functionally dependent on columns in GROUP BY clause; this is incompatible with sql_mode=only_full_group_by
 MySQL  localhost:3306 ssl  tbd_eva2  SQL > select a.productoid, b.nombre, a.cantidad, b.precio, (a.cantidad * b.precio) as subtotal from venta_detalle a inner join producto b on a.productoid = b.productoid group by a.productoid;
ERROR: 1055 (42000): Expression #3 of SELECT list is not in GROUP BY clause and contains nonaggregated column 'tbd_eva2.a.cantidad' which is not functionally dependent on columns in GROUP BY clause; this is incompatible with sql_mode=only_full_group_by
 MySQL  localhost:3306 ssl  tbd_eva2  SQL > select a.productoid, b.nombre, sum(a.cantidad) as cantidad, b.precio, sum((a.cantidad * b.precio)) as subtotal from venta_detalle a inner join producto b on a.productoid = b.productoid group by a.productoid;
+------------+---------+----------+---------+-----------+
| productoid | nombre  | cantidad | precio  | subtotal  |
+------------+---------+----------+---------+-----------+
|          2 | Tablet  |       20 | 5000.45 | 100009.00 |
|          3 | Celular |       10 | 1000.50 |  10005.00 |
+------------+---------+----------+---------+-----------+
2 rows in set (0.0277 sec)
 MySQL  localhost:3306 ssl  tbd_eva2  SQL > select * from producto;
+------------+-----------+---------+--------+
| productoid | nombre    | precio  | unidad |
+------------+-----------+---------+--------+
|          2 | Tablet    | 5000.45 | Pieza  |
|          3 | Celular   | 1000.50 | Pieza  |
|          4 | Audifonos |  999.99 | Pieza  |
+------------+-----------+---------+--------+
3 rows in set (0.0607 sec)
 MySQL  localhost:3306 ssl  tbd_eva2  SQL > select a.nombre, b.cantidad, a.precio from producto a
                                         -> left join venta_detalle b
                                         -> on a.productoid = b.productoid;
+-----------+----------+---------+
| nombre    | cantidad | precio  |
+-----------+----------+---------+
| Tablet    |        8 | 5000.45 |
| Tablet    |        5 | 5000.45 |
| Tablet    |        7 | 5000.45 |
| Celular   |       10 | 1000.50 |
| Audifonos |     NULL |  999.99 |
+-----------+----------+---------+
5 rows in set (0.0136 sec)
 MySQL  localhost:3306 ssl  tbd_eva2  SQL > select a.productoid as id, a.nombre, sum(b.cantidad), a.precio from producto a left join venta_detalle b on a.productoid = b.productoid group by productoid;
ERROR: 1052 (23000): Column 'productoid' in group statement is ambiguous
 MySQL  localhost:3306 ssl  tbd_eva2  SQL > select a.productoid as id, a.nombre, sum(b.cantidad), a.precio from producto a left join venta_detalle b on a.productoid = b.productoid group by a.productoid;
+----+-----------+-----------------+---------+
| id | nombre    | sum(b.cantidad) | precio  |
+----+-----------+-----------------+---------+
|  2 | Tablet    |              20 | 5000.45 |
|  3 | Celular   |              10 | 1000.50 |
|  4 | Audifonos |            NULL |  999.99 |
+----+-----------+-----------------+---------+
3 rows in set (0.0087 sec)
 MySQL  localhost:3306 ssl  tbd_eva2  SQL > select a.productoid as id, a.nombre, sum(b.cantidad), a.precio from producto a left join venta_detalle b on a.productoid = b.productoid group by a.productoid where b.cantidad is null;
ERROR: 1064 (42000): You have an error in your SQL syntax; check the manual that corresponds to your MySQL server version for the right syntax to use near 'where b.cantidad is null' at line 1
 MySQL  localhost:3306 ssl  tbd_eva2  SQL > select a.productoid as id, a.nombre, sum(b.cantidad), a.precio from producto a left join venta_detalle b on a.productoid = b.productoid where b.cantidad is null group by a.productoid;
+----+-----------+-----------------+--------+
| id | nombre    | sum(b.cantidad) | precio |
+----+-----------+-----------------+--------+
|  4 | Audifonos |            NULL | 999.99 |
+----+-----------+-----------------+--------+
1 row in set (0.0079 sec)
 MySQL  localhost:3306 ssl  tbd_eva2  SQL > select a.productoid as id, a.nombre, sum(b.cantidad), a.precio from producto a left join venta_detalle b on a.productoid = b.productoid where b.cantidad is not null group by a.productoid;
+----+---------+-----------------+---------+
| id | nombre  | sum(b.cantidad) | precio  |
+----+---------+-----------------+---------+
|  2 | Tablet  |              20 | 5000.45 |
|  3 | Celular |              10 | 1000.50 |
+----+---------+-----------------+---------+
2 rows in set (0.0020 sec)
 MySQL  localhost:3306 ssl  tbd_eva2  SQL > use sakila;
Default schema set to `sakila`.
Fetching global names, object names from `sakila` for auto-completion... Press ^C to stop.
 MySQL  localhost:3306 ssl  sakila  SQL > select * from clients;
ERROR: 1146 (42S02): Table 'sakila.clients' doesn't exist
 MySQL  localhost:3306 ssl  sakila  SQL > select * from client;
ERROR: 1146 (42S02): Table 'sakila.client' doesn't exist
 MySQL  localhost:3306 ssl  sakila  SQL > select * from customer;
+-------------+----------+-------------+--------------+------------------------------------------+------------+--------+---------------------+---------------------+
| customer_id | store_id | first_name  | last_name    | email                                    | address_id | active | create_date         | last_update         |
+-------------+----------+-------------+--------------+------------------------------------------+------------+--------+---------------------+---------------------+
|           1 |        1 | MARY        | SMITH        | MARY.SMITH@sakilacustomer.org            |          5 |      1 | 2006-02-14 22:04:36 | 2006-02-15 04:57:20 |
|           2 |        1 | PATRICIA    | JOHNSON      | PATRICIA.JOHNSON@sakilacustomer.org      |          6 |      1 | 2006-02-14 22:04:36 | 2006-02-15 04:57:20 |
|           3 |        1 | LINDA       | WILLIAMS     | LINDA.WILLIAMS@sakilacustomer.org        |          7 |      1 | 2006-02-14 22:04:36 | 2006-02-15 04:57:20 |
|           4 |        2 | BARBARA     | JONES        | BARBARA.JONES@sakilacustomer.org         |          8 |      1 | 2006-02-14 22:04:36 | 2006-02-15 04:57:20 |
|           5 |        1 | ELIZABETH   | BROWN        | ELIZABETH.BROWN@sakilacustomer.org       |          9 |      1 | 2006-02-14 22:04:36 | 2006-02-15 04:57:20 |
|           6 |        2 | JENNIFER    | DAVIS        | JENNIFER.DAVIS@sakilacustomer.org        |         10 |      1 | 2006-02-14 22:04:36 | 2006-02-15 04:57:20 |
|           7 |        1 | MARIA       | MILLER       | MARIA.MILLER@sakilacustomer.org          |         11 |      1 | 2006-02-14 22:04:36 | 2006-02-15 04:57:20 |
|           8 |        2 | SUSAN       | WILSON       | SUSAN.WILSON@sakilacustomer.org          |         12 |      1 | 2006-02-14 22:04:36 | 2006-02-15 04:57:20 |
|           9 |        2 | MARGARET    | MOORE        | MARGARET.MOORE@sakilacustomer.org        |         13 |      1 | 2006-02-14 22:04:36 | 2006-02-15 04:57:20 |
|          10 |        1 | DOROTHY     | TAYLOR       | DOROTHY.TAYLOR@sakilacustomer.org        |         14 |      1 | 2006-02-14 22:04:36 | 2006-02-15 04:57:20 |
|          11 |        2 | LISA        | ANDERSON     | LISA.ANDERSON@sakilacustomer.org         |         15 |      1 | 2006-02-14 22:04:36 | 2006-02-15 04:57:20 |
|          12 |        1 | NANCY       | THOMAS       | NANCY.THOMAS@sakilacustomer.org          |         16 |      1 | 2006-02-14 22:04:36 | 2006-02-15 04:57:20 |
|          13 |        2 | KAREN       | JACKSON      | KAREN.JACKSON@sakilacustomer.org         |         17 |      1 | 2006-02-14 22:04:36 | 2006-02-15 04:57:20 |
|          14 |        2 | BETTY       | WHITE        | BETTY.WHITE@sakilacustomer.org           |         18 |      1 | 2006-02-14 22:04:36 | 2006-02-15 04:57:20 |
|          15 |        1 | HELEN       | HARRIS       | HELEN.HARRIS@sakilacustomer.org          |         19 |      1 | 2006-02-14 22:04:36 | 2006-02-15 04:57:20 |
|          16 |        2 | SANDRA      | MARTIN       | SANDRA.MARTIN@sakilacustomer.org         |         20 |      0 | 2006-02-14 22:04:36 | 2006-02-15 04:57:20 |
|          17 |        1 | DONNA       | THOMPSON     | DONNA.THOMPSON@sakilacustomer.org        |         21 |      1 | 2006-02-14 22:04:36 | 2006-02-15 04:57:20 |
|          18 |        2 | CAROL       | GARCIA       | CAROL.GARCIA@sakilacustomer.org          |         22 |      1 | 2006-02-14 22:04:36 | 2006-02-15 04:57:20 |
|          19 |        1 | RUTH        | MARTINEZ     | RUTH.MARTINEZ@sakilacustomer.org         |         23 |      1 | 2006-02-14 22:04:36 | 2006-02-15 04:57:20 |
|          20 |        2 | SHARON      | ROBINSON     | SHARON.ROBINSON@sakilacustomer.org       |         24 |      1 | 2006-02-14 22:04:36 | 2006-02-15 04:57:20 |
|          21 |        1 | MICHELLE    | CLARK        | MICHELLE.CLARK@sakilacustomer.org        |         25 |      1 | 2006-02-14 22:04:36 | 2006-02-15 04:57:20 |
|          22 |        1 | LAURA       | RODRIGUEZ    | LAURA.RODRIGUEZ@sakilacustomer.org       |         26 |      1 | 2006-02-14 22:04:36 | 2006-02-15 04:57:20 |
|          23 |        2 | SARAH       | LEWIS        | SARAH.LEWIS@sakilacustomer.org           |         27 |      1 | 2006-02-14 22:04:36 | 2006-02-15 04:57:20 |
|          24 |        2 | KIMBERLY    | LEE          | KIMBERLY.LEE@sakilacustomer.org          |         28 |      1 | 2006-02-14 22:04:36 | 2006-02-15 04:57:20 |
|          25 |        1 | DEBORAH     | WALKER       | DEBORAH.WALKER@sakilacustomer.org        |         29 |      1 | 2006-02-14 22:04:36 | 2006-02-15 04:57:20 |
|          26 |        2 | JESSICA     | HALL         | JESSICA.HALL@sakilacustomer.org          |         30 |      1 | 2006-02-14 22:04:36 | 2006-02-15 04:57:20 |
|          27 |        2 | SHIRLEY     | ALLEN        | SHIRLEY.ALLEN@sakilacustomer.org         |         31 |      1 | 2006-02-14 22:04:36 | 2006-02-15 04:57:20 |
|          28 |        1 | CYNTHIA     | YOUNG        | CYNTHIA.YOUNG@sakilacustomer.org         |         32 |      1 | 2006-02-14 22:04:36 | 2006-02-15 04:57:20 |
|          29 |        2 | ANGELA      | HERNANDEZ    | ANGELA.HERNANDEZ@sakilacustomer.org      |         33 |      1 | 2006-02-14 22:04:36 | 2006-02-15 04:57:20 |
|          30 |        1 | MELISSA     | KING         | MELISSA.KING@sakilacustomer.org          |         34 |      1 | 2006-02-14 22:04:36 | 2006-02-15 04:57:20 |
|          31 |        2 | BRENDA      | WRIGHT       | BRENDA.WRIGHT@sakilacustomer.org         |         35 |      1 | 2006-02-14 22:04:36 | 2006-02-15 04:57:20 |
|          32 |        1 | AMY         | LOPEZ        | AMY.LOPEZ@sakilacustomer.org             |         36 |      1 | 2006-02-14 22:04:36 | 2006-02-15 04:57:20 |
|          33 |        2 | ANNA        | HILL         | ANNA.HILL@sakilacustomer.org             |         37 |      1 | 2006-02-14 22:04:36 | 2006-02-15 04:57:20 |
|          34 |        2 | REBECCA     | SCOTT        | REBECCA.SCOTT@sakilacustomer.org         |         38 |      1 | 2006-02-14 22:04:36 | 2006-02-15 04:57:20 |
|          35 |        2 | VIRGINIA    | GREEN        | VIRGINIA.GREEN@sakilacustomer.org        |         39 |      1 | 2006-02-14 22:04:36 | 2006-02-15 04:57:20 |
|          36 |        2 | KATHLEEN    | ADAMS        | KATHLEEN.ADAMS@sakilacustomer.org        |         40 |      1 | 2006-02-14 22:04:36 | 2006-02-15 04:57:20 |
|          37 |        1 | PAMELA      | BAKER        | PAMELA.BAKER@sakilacustomer.org          |         41 |      1 | 2006-02-14 22:04:36 | 2006-02-15 04:57:20 |
|          38 |        1 | MARTHA      | GONZALEZ     | MARTHA.GONZALEZ@sakilacustomer.org       |         42 |      1 | 2006-02-14 22:04:36 | 2006-02-15 04:57:20 |
|          39 |        1 | DEBRA       | NELSON       | DEBRA.NELSON@sakilacustomer.org          |         43 |      1 | 2006-02-14 22:04:36 | 2006-02-15 04:57:20 |
|          40 |        2 | AMANDA      | CARTER       | AMANDA.CARTER@sakilacustomer.org         |         44 |      1 | 2006-02-14 22:04:36 | 2006-02-15 04:57:20 |
|          41 |        1 | STEPHANIE   | MITCHELL     | STEPHANIE.MITCHELL@sakilacustomer.org    |         45 |      1 | 2006-02-14 22:04:36 | 2006-02-15 04:57:20 |
|          42 |        2 | CAROLYN     | PEREZ        | CAROLYN.PEREZ@sakilacustomer.org         |         46 |      1 | 2006-02-14 22:04:36 | 2006-02-15 04:57:20 |
|          43 |        2 | CHRISTINE   | ROBERTS      | CHRISTINE.ROBERTS@sakilacustomer.org     |         47 |      1 | 2006-02-14 22:04:36 | 2006-02-15 04:57:20 |
|          44 |        1 | MARIE       | TURNER       | MARIE.TURNER@sakilacustomer.org          |         48 |      1 | 2006-02-14 22:04:36 | 2006-02-15 04:57:20 |
|          45 |        1 | JANET       | PHILLIPS     | JANET.PHILLIPS@sakilacustomer.org        |         49 |      1 | 2006-02-14 22:04:36 | 2006-02-15 04:57:20 |
|          46 |        2 | CATHERINE   | CAMPBELL     | CATHERINE.CAMPBELL@sakilacustomer.org    |         50 |      1 | 2006-02-14 22:04:36 | 2006-02-15 04:57:20 |
|          47 |        1 | FRANCES     | PARKER       | FRANCES.PARKER@sakilacustomer.org        |         51 |      1 | 2006-02-14 22:04:36 | 2006-02-15 04:57:20 |
|          48 |        1 | ANN         | EVANS        | ANN.EVANS@sakilacustomer.org             |         52 |      1 | 2006-02-14 22:04:36 | 2006-02-15 04:57:20 |
|          49 |        2 | JOYCE       | EDWARDS      | JOYCE.EDWARDS@sakilacustomer.org         |         53 |      1 | 2006-02-14 22:04:36 | 2006-02-15 04:57:20 |
|          50 |        1 | DIANE       | COLLINS      | DIANE.COLLINS@sakilacustomer.org         |         54 |      1 | 2006-02-14 22:04:36 | 2006-02-15 04:57:20 |
|          51 |        1 | ALICE       | STEWART      | ALICE.STEWART@sakilacustomer.org         |         55 |      1 | 2006-02-14 22:04:36 | 2006-02-15 04:57:20 |
|          52 |        1 | JULIE       | SANCHEZ      | JULIE.SANCHEZ@sakilacustomer.org         |         56 |      1 | 2006-02-14 22:04:36 | 2006-02-15 04:57:20 |
|          53 |        1 | HEATHER     | MORRIS       | HEATHER.MORRIS@sakilacustomer.org        |         57 |      1 | 2006-02-14 22:04:36 | 2006-02-15 04:57:20 |
|          54 |        1 | TERESA      | ROGERS       | TERESA.ROGERS@sakilacustomer.org         |         58 |      1 | 2006-02-14 22:04:36 | 2006-02-15 04:57:20 |
|          55 |        2 | DORIS       | REED         | DORIS.REED@sakilacustomer.org            |         59 |      1 | 2006-02-14 22:04:36 | 2006-02-15 04:57:20 |
|          56 |        1 | GLORIA      | COOK         | GLORIA.COOK@sakilacustomer.org           |         60 |      1 | 2006-02-14 22:04:36 | 2006-02-15 04:57:20 |
|          57 |        2 | EVELYN      | MORGAN       | EVELYN.MORGAN@sakilacustomer.org         |         61 |      1 | 2006-02-14 22:04:36 | 2006-02-15 04:57:20 |
|          58 |        1 | JEAN        | BELL         | JEAN.BELL@sakilacustomer.org             |         62 |      1 | 2006-02-14 22:04:36 | 2006-02-15 04:57:20 |
|          59 |        1 | CHERYL      | MURPHY       | CHERYL.MURPHY@sakilacustomer.org         |         63 |      1 | 2006-02-14 22:04:36 | 2006-02-15 04:57:20 |
|          60 |        1 | MILDRED     | BAILEY       | MILDRED.BAILEY@sakilacustomer.org        |         64 |      1 | 2006-02-14 22:04:36 | 2006-02-15 04:57:20 |
|          61 |        2 | KATHERINE   | RIVERA       | KATHERINE.RIVERA@sakilacustomer.org      |         65 |      1 | 2006-02-14 22:04:36 | 2006-02-15 04:57:20 |
|          62 |        1 | JOAN        | COOPER       | JOAN.COOPER@sakilacustomer.org           |         66 |      1 | 2006-02-14 22:04:36 | 2006-02-15 04:57:20 |
|          63 |        1 | ASHLEY      | RICHARDSON   | ASHLEY.RICHARDSON@sakilacustomer.org     |         67 |      1 | 2006-02-14 22:04:36 | 2006-02-15 04:57:20 |
|          64 |        2 | JUDITH      | COX          | JUDITH.COX@sakilacustomer.org            |         68 |      0 | 2006-02-14 22:04:36 | 2006-02-15 04:57:20 |
|          65 |        2 | ROSE        | HOWARD       | ROSE.HOWARD@sakilacustomer.org           |         69 |      1 | 2006-02-14 22:04:36 | 2006-02-15 04:57:20 |
|          66 |        2 | JANICE      | WARD         | JANICE.WARD@sakilacustomer.org           |         70 |      1 | 2006-02-14 22:04:36 | 2006-02-15 04:57:20 |
|          67 |        1 | KELLY       | TORRES       | KELLY.TORRES@sakilacustomer.org          |         71 |      1 | 2006-02-14 22:04:36 | 2006-02-15 04:57:20 |
|          68 |        1 | NICOLE      | PETERSON     | NICOLE.PETERSON@sakilacustomer.org       |         72 |      1 | 2006-02-14 22:04:36 | 2006-02-15 04:57:20 |
|          69 |        2 | JUDY        | GRAY         | JUDY.GRAY@sakilacustomer.org             |         73 |      1 | 2006-02-14 22:04:36 | 2006-02-15 04:57:20 |
|          70 |        2 | CHRISTINA   | RAMIREZ      | CHRISTINA.RAMIREZ@sakilacustomer.org     |         74 |      1 | 2006-02-14 22:04:36 | 2006-02-15 04:57:20 |
|          71 |        1 | KATHY       | JAMES        | KATHY.JAMES@sakilacustomer.org           |         75 |      1 | 2006-02-14 22:04:36 | 2006-02-15 04:57:20 |
|          72 |        2 | THERESA     | WATSON       | THERESA.WATSON@sakilacustomer.org        |         76 |      1 | 2006-02-14 22:04:36 | 2006-02-15 04:57:20 |
|          73 |        2 | BEVERLY     | BROOKS       | BEVERLY.BROOKS@sakilacustomer.org        |         77 |      1 | 2006-02-14 22:04:36 | 2006-02-15 04:57:20 |
|          74 |        1 | DENISE      | KELLY        | DENISE.KELLY@sakilacustomer.org          |         78 |      1 | 2006-02-14 22:04:36 | 2006-02-15 04:57:20 |
|          75 |        2 | TAMMY       | SANDERS      | TAMMY.SANDERS@sakilacustomer.org         |         79 |      1 | 2006-02-14 22:04:36 | 2006-02-15 04:57:20 |
|          76 |        2 | IRENE       | PRICE        | IRENE.PRICE@sakilacustomer.org           |         80 |      1 | 2006-02-14 22:04:36 | 2006-02-15 04:57:20 |
|          77 |        2 | JANE        | BENNETT      | JANE.BENNETT@sakilacustomer.org          |         81 |      1 | 2006-02-14 22:04:36 | 2006-02-15 04:57:20 |
|          78 |        1 | LORI        | WOOD         | LORI.WOOD@sakilacustomer.org             |         82 |      1 | 2006-02-14 22:04:36 | 2006-02-15 04:57:20 |
|          79 |        1 | RACHEL      | BARNES       | RACHEL.BARNES@sakilacustomer.org         |         83 |      1 | 2006-02-14 22:04:36 | 2006-02-15 04:57:20 |
|          80 |        1 | MARILYN     | ROSS         | MARILYN.ROSS@sakilacustomer.org          |         84 |      1 | 2006-02-14 22:04:36 | 2006-02-15 04:57:20 |
|          81 |        1 | ANDREA      | HENDERSON    | ANDREA.HENDERSON@sakilacustomer.org      |         85 |      1 | 2006-02-14 22:04:36 | 2006-02-15 04:57:20 |
|          82 |        1 | KATHRYN     | COLEMAN      | KATHRYN.COLEMAN@sakilacustomer.org       |         86 |      1 | 2006-02-14 22:04:36 | 2006-02-15 04:57:20 |
|          83 |        1 | LOUISE      | JENKINS      | LOUISE.JENKINS@sakilacustomer.org        |         87 |      1 | 2006-02-14 22:04:36 | 2006-02-15 04:57:20 |
|          84 |        2 | SARA        | PERRY        | SARA.PERRY@sakilacustomer.org            |         88 |      1 | 2006-02-14 22:04:36 | 2006-02-15 04:57:20 |
|          85 |        2 | ANNE        | POWELL       | ANNE.POWELL@sakilacustomer.org           |         89 |      1 | 2006-02-14 22:04:36 | 2006-02-15 04:57:20 |
|          86 |        2 | JACQUELINE  | LONG         | JACQUELINE.LONG@sakilacustomer.org       |         90 |      1 | 2006-02-14 22:04:36 | 2006-02-15 04:57:20 |
|          87 |        1 | WANDA       | PATTERSON    | WANDA.PATTERSON@sakilacustomer.org       |         91 |      1 | 2006-02-14 22:04:36 | 2006-02-15 04:57:20 |
|          88 |        2 | BONNIE      | HUGHES       | BONNIE.HUGHES@sakilacustomer.org         |         92 |      1 | 2006-02-14 22:04:36 | 2006-02-15 04:57:20 |
|          89 |        1 | JULIA       | FLORES       | JULIA.FLORES@sakilacustomer.org          |         93 |      1 | 2006-02-14 22:04:36 | 2006-02-15 04:57:20 |
|          90 |        2 | RUBY        | WASHINGTON   | RUBY.WASHINGTON@sakilacustomer.org       |         94 |      1 | 2006-02-14 22:04:36 | 2006-02-15 04:57:20 |
|          91 |        2 | LOIS        | BUTLER       | LOIS.BUTLER@sakilacustomer.org           |         95 |      1 | 2006-02-14 22:04:36 | 2006-02-15 04:57:20 |
|          92 |        2 | TINA        | SIMMONS      | TINA.SIMMONS@sakilacustomer.org          |         96 |      1 | 2006-02-14 22:04:36 | 2006-02-15 04:57:20 |
|          93 |        1 | PHYLLIS     | FOSTER       | PHYLLIS.FOSTER@sakilacustomer.org        |         97 |      1 | 2006-02-14 22:04:36 | 2006-02-15 04:57:20 |
|          94 |        1 | NORMA       | GONZALES     | NORMA.GONZALES@sakilacustomer.org        |         98 |      1 | 2006-02-14 22:04:36 | 2006-02-15 04:57:20 |
|          95 |        2 | PAULA       | BRYANT       | PAULA.BRYANT@sakilacustomer.org          |         99 |      1 | 2006-02-14 22:04:36 | 2006-02-15 04:57:20 |
|          96 |        1 | DIANA       | ALEXANDER    | DIANA.ALEXANDER@sakilacustomer.org       |        100 |      1 | 2006-02-14 22:04:36 | 2006-02-15 04:57:20 |
|          97 |        2 | ANNIE       | RUSSELL      | ANNIE.RUSSELL@sakilacustomer.org         |        101 |      1 | 2006-02-14 22:04:36 | 2006-02-15 04:57:20 |
|          98 |        1 | LILLIAN     | GRIFFIN      | LILLIAN.GRIFFIN@sakilacustomer.org       |        102 |      1 | 2006-02-14 22:04:36 | 2006-02-15 04:57:20 |
|          99 |        2 | EMILY       | DIAZ         | EMILY.DIAZ@sakilacustomer.org            |        103 |      1 | 2006-02-14 22:04:36 | 2006-02-15 04:57:20 |
|         100 |        1 | ROBIN       | HAYES        | ROBIN.HAYES@sakilacustomer.org           |        104 |      1 | 2006-02-14 22:04:36 | 2006-02-15 04:57:20 |
|         101 |        1 | PEGGY       | MYERS        | PEGGY.MYERS@sakilacustomer.org           |        105 |      1 | 2006-02-14 22:04:36 | 2006-02-15 04:57:20 |
|         102 |        1 | CRYSTAL     | FORD         | CRYSTAL.FORD@sakilacustomer.org          |        106 |      1 | 2006-02-14 22:04:36 | 2006-02-15 04:57:20 |
|         103 |        1 | GLADYS      | HAMILTON     | GLADYS.HAMILTON@sakilacustomer.org       |        107 |      1 | 2006-02-14 22:04:36 | 2006-02-15 04:57:20 |
|         104 |        1 | RITA        | GRAHAM       | RITA.GRAHAM@sakilacustomer.org           |        108 |      1 | 2006-02-14 22:04:36 | 2006-02-15 04:57:20 |
|         105 |        1 | DAWN        | SULLIVAN     | DAWN.SULLIVAN@sakilacustomer.org         |        109 |      1 | 2006-02-14 22:04:36 | 2006-02-15 04:57:20 |
|         106 |        1 | CONNIE      | WALLACE      | CONNIE.WALLACE@sakilacustomer.org        |        110 |      1 | 2006-02-14 22:04:36 | 2006-02-15 04:57:20 |
|         107 |        1 | FLORENCE    | WOODS        | FLORENCE.WOODS@sakilacustomer.org        |        111 |      1 | 2006-02-14 22:04:36 | 2006-02-15 04:57:20 |
|         108 |        1 | TRACY       | COLE         | TRACY.COLE@sakilacustomer.org            |        112 |      1 | 2006-02-14 22:04:36 | 2006-02-15 04:57:20 |
|         109 |        2 | EDNA        | WEST         | EDNA.WEST@sakilacustomer.org             |        113 |      1 | 2006-02-14 22:04:36 | 2006-02-15 04:57:20 |
|         110 |        2 | TIFFANY     | JORDAN       | TIFFANY.JORDAN@sakilacustomer.org        |        114 |      1 | 2006-02-14 22:04:36 | 2006-02-15 04:57:20 |
|         111 |        1 | CARMEN      | OWENS        | CARMEN.OWENS@sakilacustomer.org          |        115 |      1 | 2006-02-14 22:04:36 | 2006-02-15 04:57:20 |
|         112 |        2 | ROSA        | REYNOLDS     | ROSA.REYNOLDS@sakilacustomer.org         |        116 |      1 | 2006-02-14 22:04:36 | 2006-02-15 04:57:20 |
|         113 |        2 | CINDY       | FISHER       | CINDY.FISHER@sakilacustomer.org          |        117 |      1 | 2006-02-14 22:04:36 | 2006-02-15 04:57:20 |
|         114 |        2 | GRACE       | ELLIS        | GRACE.ELLIS@sakilacustomer.org           |        118 |      1 | 2006-02-14 22:04:36 | 2006-02-15 04:57:20 |
|         115 |        1 | WENDY       | HARRISON     | WENDY.HARRISON@sakilacustomer.org        |        119 |      1 | 2006-02-14 22:04:36 | 2006-02-15 04:57:20 |
|         116 |        1 | VICTORIA    | GIBSON       | VICTORIA.GIBSON@sakilacustomer.org       |        120 |      1 | 2006-02-14 22:04:36 | 2006-02-15 04:57:20 |
|         117 |        1 | EDITH       | MCDONALD     | EDITH.MCDONALD@sakilacustomer.org        |        121 |      1 | 2006-02-14 22:04:36 | 2006-02-15 04:57:20 |
|         118 |        1 | KIM         | CRUZ         | KIM.CRUZ@sakilacustomer.org              |        122 |      1 | 2006-02-14 22:04:36 | 2006-02-15 04:57:20 |
|         119 |        1 | SHERRY      | MARSHALL     | SHERRY.MARSHALL@sakilacustomer.org       |        123 |      1 | 2006-02-14 22:04:36 | 2006-02-15 04:57:20 |
|         120 |        2 | SYLVIA      | ORTIZ        | SYLVIA.ORTIZ@sakilacustomer.org          |        124 |      1 | 2006-02-14 22:04:36 | 2006-02-15 04:57:20 |
|         121 |        1 | JOSEPHINE   | GOMEZ        | JOSEPHINE.GOMEZ@sakilacustomer.org       |        125 |      1 | 2006-02-14 22:04:36 | 2006-02-15 04:57:20 |
|         122 |        1 | THELMA      | MURRAY       | THELMA.MURRAY@sakilacustomer.org         |        126 |      1 | 2006-02-14 22:04:36 | 2006-02-15 04:57:20 |
|         123 |        2 | SHANNON     | FREEMAN      | SHANNON.FREEMAN@sakilacustomer.org       |        127 |      1 | 2006-02-14 22:04:36 | 2006-02-15 04:57:20 |
|         124 |        1 | SHEILA      | WELLS        | SHEILA.WELLS@sakilacustomer.org          |        128 |      0 | 2006-02-14 22:04:36 | 2006-02-15 04:57:20 |
|         125 |        1 | ETHEL       | WEBB         | ETHEL.WEBB@sakilacustomer.org            |        129 |      1 | 2006-02-14 22:04:36 | 2006-02-15 04:57:20 |
|         126 |        1 | ELLEN       | SIMPSON      | ELLEN.SIMPSON@sakilacustomer.org         |        130 |      1 | 2006-02-14 22:04:36 | 2006-02-15 04:57:20 |
|         127 |        2 | ELAINE      | STEVENS      | ELAINE.STEVENS@sakilacustomer.org        |        131 |      1 | 2006-02-14 22:04:36 | 2006-02-15 04:57:20 |
|         128 |        1 | MARJORIE    | TUCKER       | MARJORIE.TUCKER@sakilacustomer.org       |        132 |      1 | 2006-02-14 22:04:36 | 2006-02-15 04:57:20 |
|         129 |        1 | CARRIE      | PORTER       | CARRIE.PORTER@sakilacustomer.org         |        133 |      1 | 2006-02-14 22:04:36 | 2006-02-15 04:57:20 |
|         130 |        1 | CHARLOTTE   | HUNTER       | CHARLOTTE.HUNTER@sakilacustomer.org      |        134 |      1 | 2006-02-14 22:04:36 | 2006-02-15 04:57:20 |
|         131 |        2 | MONICA      | HICKS        | MONICA.HICKS@sakilacustomer.org          |        135 |      1 | 2006-02-14 22:04:36 | 2006-02-15 04:57:20 |
|         132 |        2 | ESTHER      | CRAWFORD     | ESTHER.CRAWFORD@sakilacustomer.org       |        136 |      1 | 2006-02-14 22:04:36 | 2006-02-15 04:57:20 |
|         133 |        1 | PAULINE     | HENRY        | PAULINE.HENRY@sakilacustomer.org         |        137 |      1 | 2006-02-14 22:04:36 | 2006-02-15 04:57:20 |
|         134 |        1 | EMMA        | BOYD         | EMMA.BOYD@sakilacustomer.org             |        138 |      1 | 2006-02-14 22:04:36 | 2006-02-15 04:57:20 |
|         135 |        2 | JUANITA     | MASON        | JUANITA.MASON@sakilacustomer.org         |        139 |      1 | 2006-02-14 22:04:36 | 2006-02-15 04:57:20 |
|         136 |        2 | ANITA       | MORALES      | ANITA.MORALES@sakilacustomer.org         |        140 |      1 | 2006-02-14 22:04:36 | 2006-02-15 04:57:20 |
|         137 |        2 | RHONDA      | KENNEDY      | RHONDA.KENNEDY@sakilacustomer.org        |        141 |      1 | 2006-02-14 22:04:36 | 2006-02-15 04:57:20 |
|         138 |        1 | HAZEL       | WARREN       | HAZEL.WARREN@sakilacustomer.org          |        142 |      1 | 2006-02-14 22:04:36 | 2006-02-15 04:57:20 |
|         139 |        1 | AMBER       | DIXON        | AMBER.DIXON@sakilacustomer.org           |        143 |      1 | 2006-02-14 22:04:36 | 2006-02-15 04:57:20 |
|         140 |        1 | EVA         | RAMOS        | EVA.RAMOS@sakilacustomer.org             |        144 |      1 | 2006-02-14 22:04:36 | 2006-02-15 04:57:20 |
|         141 |        1 | DEBBIE      | REYES        | DEBBIE.REYES@sakilacustomer.org          |        145 |      1 | 2006-02-14 22:04:36 | 2006-02-15 04:57:20 |
|         142 |        1 | APRIL       | BURNS        | APRIL.BURNS@sakilacustomer.org           |        146 |      1 | 2006-02-14 22:04:36 | 2006-02-15 04:57:20 |
|         143 |        1 | LESLIE      | GORDON       | LESLIE.GORDON@sakilacustomer.org         |        147 |      1 | 2006-02-14 22:04:36 | 2006-02-15 04:57:20 |
|         144 |        1 | CLARA       | SHAW         | CLARA.SHAW@sakilacustomer.org            |        148 |      1 | 2006-02-14 22:04:36 | 2006-02-15 04:57:20 |
|         145 |        1 | LUCILLE     | HOLMES       | LUCILLE.HOLMES@sakilacustomer.org        |        149 |      1 | 2006-02-14 22:04:36 | 2006-02-15 04:57:20 |
|         146 |        1 | JAMIE       | RICE         | JAMIE.RICE@sakilacustomer.org            |        150 |      1 | 2006-02-14 22:04:36 | 2006-02-15 04:57:20 |
|         147 |        2 | JOANNE      | ROBERTSON    | JOANNE.ROBERTSON@sakilacustomer.org      |        151 |      1 | 2006-02-14 22:04:36 | 2006-02-15 04:57:20 |
|         148 |        1 | ELEANOR     | HUNT         | ELEANOR.HUNT@sakilacustomer.org          |        152 |      1 | 2006-02-14 22:04:36 | 2006-02-15 04:57:20 |
|         149 |        1 | VALERIE     | BLACK        | VALERIE.BLACK@sakilacustomer.org         |        153 |      1 | 2006-02-14 22:04:36 | 2006-02-15 04:57:20 |
|         150 |        2 | DANIELLE    | DANIELS      | DANIELLE.DANIELS@sakilacustomer.org      |        154 |      1 | 2006-02-14 22:04:36 | 2006-02-15 04:57:20 |
|         151 |        2 | MEGAN       | PALMER       | MEGAN.PALMER@sakilacustomer.org          |        155 |      1 | 2006-02-14 22:04:36 | 2006-02-15 04:57:20 |
|         152 |        1 | ALICIA      | MILLS        | ALICIA.MILLS@sakilacustomer.org          |        156 |      1 | 2006-02-14 22:04:36 | 2006-02-15 04:57:20 |
|         153 |        2 | SUZANNE     | NICHOLS      | SUZANNE.NICHOLS@sakilacustomer.org       |        157 |      1 | 2006-02-14 22:04:36 | 2006-02-15 04:57:20 |
|         154 |        2 | MICHELE     | GRANT        | MICHELE.GRANT@sakilacustomer.org         |        158 |      1 | 2006-02-14 22:04:36 | 2006-02-15 04:57:20 |
|         155 |        1 | GAIL        | KNIGHT       | GAIL.KNIGHT@sakilacustomer.org           |        159 |      1 | 2006-02-14 22:04:36 | 2006-02-15 04:57:20 |
|         156 |        1 | BERTHA      | FERGUSON     | BERTHA.FERGUSON@sakilacustomer.org       |        160 |      1 | 2006-02-14 22:04:36 | 2006-02-15 04:57:20 |
|         157 |        2 | DARLENE     | ROSE         | DARLENE.ROSE@sakilacustomer.org          |        161 |      1 | 2006-02-14 22:04:36 | 2006-02-15 04:57:20 |
|         158 |        1 | VERONICA    | STONE        | VERONICA.STONE@sakilacustomer.org        |        162 |      1 | 2006-02-14 22:04:36 | 2006-02-15 04:57:20 |
|         159 |        1 | JILL        | HAWKINS      | JILL.HAWKINS@sakilacustomer.org          |        163 |      1 | 2006-02-14 22:04:36 | 2006-02-15 04:57:20 |
|         160 |        2 | ERIN        | DUNN         | ERIN.DUNN@sakilacustomer.org             |        164 |      1 | 2006-02-14 22:04:36 | 2006-02-15 04:57:20 |
|         161 |        1 | GERALDINE   | PERKINS      | GERALDINE.PERKINS@sakilacustomer.org     |        165 |      1 | 2006-02-14 22:04:36 | 2006-02-15 04:57:20 |
|         162 |        2 | LAUREN      | HUDSON       | LAUREN.HUDSON@sakilacustomer.org         |        166 |      1 | 2006-02-14 22:04:36 | 2006-02-15 04:57:20 |
|         163 |        1 | CATHY       | SPENCER      | CATHY.SPENCER@sakilacustomer.org         |        167 |      1 | 2006-02-14 22:04:36 | 2006-02-15 04:57:20 |
|         164 |        2 | JOANN       | GARDNER      | JOANN.GARDNER@sakilacustomer.org         |        168 |      1 | 2006-02-14 22:04:36 | 2006-02-15 04:57:20 |
|         165 |        2 | LORRAINE    | STEPHENS     | LORRAINE.STEPHENS@sakilacustomer.org     |        169 |      1 | 2006-02-14 22:04:36 | 2006-02-15 04:57:20 |
|         166 |        1 | LYNN        | PAYNE        | LYNN.PAYNE@sakilacustomer.org            |        170 |      1 | 2006-02-14 22:04:36 | 2006-02-15 04:57:20 |
|         167 |        2 | SALLY       | PIERCE       | SALLY.PIERCE@sakilacustomer.org          |        171 |      1 | 2006-02-14 22:04:36 | 2006-02-15 04:57:20 |
|         168 |        1 | REGINA      | BERRY        | REGINA.BERRY@sakilacustomer.org          |        172 |      1 | 2006-02-14 22:04:36 | 2006-02-15 04:57:20 |
|         169 |        2 | ERICA       | MATTHEWS     | ERICA.MATTHEWS@sakilacustomer.org        |        173 |      0 | 2006-02-14 22:04:36 | 2006-02-15 04:57:20 |
|         170 |        1 | BEATRICE    | ARNOLD       | BEATRICE.ARNOLD@sakilacustomer.org       |        174 |      1 | 2006-02-14 22:04:36 | 2006-02-15 04:57:20 |
|         171 |        2 | DOLORES     | WAGNER       | DOLORES.WAGNER@sakilacustomer.org        |        175 |      1 | 2006-02-14 22:04:36 | 2006-02-15 04:57:20 |
|         172 |        1 | BERNICE     | WILLIS       | BERNICE.WILLIS@sakilacustomer.org        |        176 |      1 | 2006-02-14 22:04:36 | 2006-02-15 04:57:20 |
|         173 |        1 | AUDREY      | RAY          | AUDREY.RAY@sakilacustomer.org            |        177 |      1 | 2006-02-14 22:04:36 | 2006-02-15 04:57:20 |
|         174 |        2 | YVONNE      | WATKINS      | YVONNE.WATKINS@sakilacustomer.org        |        178 |      1 | 2006-02-14 22:04:36 | 2006-02-15 04:57:20 |
|         175 |        1 | ANNETTE     | OLSON        | ANNETTE.OLSON@sakilacustomer.org         |        179 |      1 | 2006-02-14 22:04:36 | 2006-02-15 04:57:20 |
|         176 |        1 | JUNE        | CARROLL      | JUNE.CARROLL@sakilacustomer.org          |        180 |      1 | 2006-02-14 22:04:36 | 2006-02-15 04:57:20 |
|         177 |        2 | SAMANTHA    | DUNCAN       | SAMANTHA.DUNCAN@sakilacustomer.org       |        181 |      1 | 2006-02-14 22:04:36 | 2006-02-15 04:57:20 |
|         178 |        2 | MARION      | SNYDER       | MARION.SNYDER@sakilacustomer.org         |        182 |      1 | 2006-02-14 22:04:36 | 2006-02-15 04:57:20 |
|         179 |        1 | DANA        | HART         | DANA.HART@sakilacustomer.org             |        183 |      1 | 2006-02-14 22:04:36 | 2006-02-15 04:57:20 |
|         180 |        2 | STACY       | CUNNINGHAM   | STACY.CUNNINGHAM@sakilacustomer.org      |        184 |      1 | 2006-02-14 22:04:36 | 2006-02-15 04:57:20 |
|         181 |        2 | ANA         | BRADLEY      | ANA.BRADLEY@sakilacustomer.org           |        185 |      1 | 2006-02-14 22:04:36 | 2006-02-15 04:57:20 |
|         182 |        1 | RENEE       | LANE         | RENEE.LANE@sakilacustomer.org            |        186 |      1 | 2006-02-14 22:04:36 | 2006-02-15 04:57:20 |
|         183 |        2 | IDA         | ANDREWS      | IDA.ANDREWS@sakilacustomer.org           |        187 |      1 | 2006-02-14 22:04:36 | 2006-02-15 04:57:20 |
|         184 |        1 | VIVIAN      | RUIZ         | VIVIAN.RUIZ@sakilacustomer.org           |        188 |      1 | 2006-02-14 22:04:36 | 2006-02-15 04:57:20 |
|         185 |        1 | ROBERTA     | HARPER       | ROBERTA.HARPER@sakilacustomer.org        |        189 |      1 | 2006-02-14 22:04:36 | 2006-02-15 04:57:20 |
|         186 |        2 | HOLLY       | FOX          | HOLLY.FOX@sakilacustomer.org             |        190 |      1 | 2006-02-14 22:04:36 | 2006-02-15 04:57:20 |
|         187 |        2 | BRITTANY    | RILEY        | BRITTANY.RILEY@sakilacustomer.org        |        191 |      1 | 2006-02-14 22:04:36 | 2006-02-15 04:57:20 |
|         188 |        1 | MELANIE     | ARMSTRONG    | MELANIE.ARMSTRONG@sakilacustomer.org     |        192 |      1 | 2006-02-14 22:04:36 | 2006-02-15 04:57:20 |
|         189 |        1 | LORETTA     | CARPENTER    | LORETTA.CARPENTER@sakilacustomer.org     |        193 |      1 | 2006-02-14 22:04:36 | 2006-02-15 04:57:20 |
|         190 |        2 | YOLANDA     | WEAVER       | YOLANDA.WEAVER@sakilacustomer.org        |        194 |      1 | 2006-02-14 22:04:36 | 2006-02-15 04:57:20 |
|         191 |        1 | JEANETTE    | GREENE       | JEANETTE.GREENE@sakilacustomer.org       |        195 |      1 | 2006-02-14 22:04:36 | 2006-02-15 04:57:20 |
|         192 |        1 | LAURIE      | LAWRENCE     | LAURIE.LAWRENCE@sakilacustomer.org       |        196 |      1 | 2006-02-14 22:04:36 | 2006-02-15 04:57:20 |
|         193 |        2 | KATIE       | ELLIOTT      | KATIE.ELLIOTT@sakilacustomer.org         |        197 |      1 | 2006-02-14 22:04:36 | 2006-02-15 04:57:20 |
|         194 |        2 | KRISTEN     | CHAVEZ       | KRISTEN.CHAVEZ@sakilacustomer.org        |        198 |      1 | 2006-02-14 22:04:36 | 2006-02-15 04:57:20 |
|         195 |        1 | VANESSA     | SIMS         | VANESSA.SIMS@sakilacustomer.org          |        199 |      1 | 2006-02-14 22:04:36 | 2006-02-15 04:57:20 |
|         196 |        1 | ALMA        | AUSTIN       | ALMA.AUSTIN@sakilacustomer.org           |        200 |      1 | 2006-02-14 22:04:36 | 2006-02-15 04:57:20 |
|         197 |        2 | SUE         | PETERS       | SUE.PETERS@sakilacustomer.org            |        201 |      1 | 2006-02-14 22:04:36 | 2006-02-15 04:57:20 |
|         198 |        2 | ELSIE       | KELLEY       | ELSIE.KELLEY@sakilacustomer.org          |        202 |      1 | 2006-02-14 22:04:36 | 2006-02-15 04:57:20 |
|         199 |        2 | BETH        | FRANKLIN     | BETH.FRANKLIN@sakilacustomer.org         |        203 |      1 | 2006-02-14 22:04:36 | 2006-02-15 04:57:20 |
|         200 |        2 | JEANNE      | LAWSON       | JEANNE.LAWSON@sakilacustomer.org         |        204 |      1 | 2006-02-14 22:04:36 | 2006-02-15 04:57:20 |
|         201 |        1 | VICKI       | FIELDS       | VICKI.FIELDS@sakilacustomer.org          |        205 |      1 | 2006-02-14 22:04:36 | 2006-02-15 04:57:20 |
|         202 |        2 | CARLA       | GUTIERREZ    | CARLA.GUTIERREZ@sakilacustomer.org       |        206 |      1 | 2006-02-14 22:04:36 | 2006-02-15 04:57:20 |
|         203 |        1 | TARA        | RYAN         | TARA.RYAN@sakilacustomer.org             |        207 |      1 | 2006-02-14 22:04:36 | 2006-02-15 04:57:20 |
|         204 |        1 | ROSEMARY    | SCHMIDT      | ROSEMARY.SCHMIDT@sakilacustomer.org      |        208 |      1 | 2006-02-14 22:04:36 | 2006-02-15 04:57:20 |
|         205 |        2 | EILEEN      | CARR         | EILEEN.CARR@sakilacustomer.org           |        209 |      1 | 2006-02-14 22:04:36 | 2006-02-15 04:57:20 |
|         206 |        1 | TERRI       | VASQUEZ      | TERRI.VASQUEZ@sakilacustomer.org         |        210 |      1 | 2006-02-14 22:04:36 | 2006-02-15 04:57:20 |
|         207 |        1 | GERTRUDE    | CASTILLO     | GERTRUDE.CASTILLO@sakilacustomer.org     |        211 |      1 | 2006-02-14 22:04:36 | 2006-02-15 04:57:20 |
|         208 |        1 | LUCY        | WHEELER      | LUCY.WHEELER@sakilacustomer.org          |        212 |      1 | 2006-02-14 22:04:36 | 2006-02-15 04:57:20 |
|         209 |        2 | TONYA       | CHAPMAN      | TONYA.CHAPMAN@sakilacustomer.org         |        213 |      1 | 2006-02-14 22:04:36 | 2006-02-15 04:57:20 |
|         210 |        2 | ELLA        | OLIVER       | ELLA.OLIVER@sakilacustomer.org           |        214 |      1 | 2006-02-14 22:04:36 | 2006-02-15 04:57:20 |
|         211 |        1 | STACEY      | MONTGOMERY   | STACEY.MONTGOMERY@sakilacustomer.org     |        215 |      1 | 2006-02-14 22:04:36 | 2006-02-15 04:57:20 |
|         212 |        2 | WILMA       | RICHARDS     | WILMA.RICHARDS@sakilacustomer.org        |        216 |      1 | 2006-02-14 22:04:36 | 2006-02-15 04:57:20 |
|         213 |        1 | GINA        | WILLIAMSON   | GINA.WILLIAMSON@sakilacustomer.org       |        217 |      1 | 2006-02-14 22:04:36 | 2006-02-15 04:57:20 |
|         214 |        1 | KRISTIN     | JOHNSTON     | KRISTIN.JOHNSTON@sakilacustomer.org      |        218 |      1 | 2006-02-14 22:04:36 | 2006-02-15 04:57:20 |
|         215 |        2 | JESSIE      | BANKS        | JESSIE.BANKS@sakilacustomer.org          |        219 |      1 | 2006-02-14 22:04:36 | 2006-02-15 04:57:20 |
|         216 |        1 | NATALIE     | MEYER        | NATALIE.MEYER@sakilacustomer.org         |        220 |      1 | 2006-02-14 22:04:36 | 2006-02-15 04:57:20 |
|         217 |        2 | AGNES       | BISHOP       | AGNES.BISHOP@sakilacustomer.org          |        221 |      1 | 2006-02-14 22:04:36 | 2006-02-15 04:57:20 |
|         218 |        1 | VERA        | MCCOY        | VERA.MCCOY@sakilacustomer.org            |        222 |      1 | 2006-02-14 22:04:36 | 2006-02-15 04:57:20 |
|         219 |        2 | WILLIE      | HOWELL       | WILLIE.HOWELL@sakilacustomer.org         |        223 |      1 | 2006-02-14 22:04:36 | 2006-02-15 04:57:20 |
|         220 |        2 | CHARLENE    | ALVAREZ      | CHARLENE.ALVAREZ@sakilacustomer.org      |        224 |      1 | 2006-02-14 22:04:36 | 2006-02-15 04:57:20 |
|         221 |        1 | BESSIE      | MORRISON     | BESSIE.MORRISON@sakilacustomer.org       |        225 |      1 | 2006-02-14 22:04:36 | 2006-02-15 04:57:20 |
|         222 |        2 | DELORES     | HANSEN       | DELORES.HANSEN@sakilacustomer.org        |        226 |      1 | 2006-02-14 22:04:36 | 2006-02-15 04:57:20 |
|         223 |        1 | MELINDA     | FERNANDEZ    | MELINDA.FERNANDEZ@sakilacustomer.org     |        227 |      1 | 2006-02-14 22:04:36 | 2006-02-15 04:57:20 |
|         224 |        2 | PEARL       | GARZA        | PEARL.GARZA@sakilacustomer.org           |        228 |      1 | 2006-02-14 22:04:36 | 2006-02-15 04:57:20 |
|         225 |        1 | ARLENE      | HARVEY       | ARLENE.HARVEY@sakilacustomer.org         |        229 |      1 | 2006-02-14 22:04:36 | 2006-02-15 04:57:20 |
|         226 |        2 | MAUREEN     | LITTLE       | MAUREEN.LITTLE@sakilacustomer.org        |        230 |      1 | 2006-02-14 22:04:36 | 2006-02-15 04:57:20 |
|         227 |        1 | COLLEEN     | BURTON       | COLLEEN.BURTON@sakilacustomer.org        |        231 |      1 | 2006-02-14 22:04:36 | 2006-02-15 04:57:20 |
|         228 |        2 | ALLISON     | STANLEY      | ALLISON.STANLEY@sakilacustomer.org       |        232 |      1 | 2006-02-14 22:04:36 | 2006-02-15 04:57:20 |
|         229 |        1 | TAMARA      | NGUYEN       | TAMARA.NGUYEN@sakilacustomer.org         |        233 |      1 | 2006-02-14 22:04:36 | 2006-02-15 04:57:20 |
|         230 |        2 | JOY         | GEORGE       | JOY.GEORGE@sakilacustomer.org            |        234 |      1 | 2006-02-14 22:04:36 | 2006-02-15 04:57:20 |
|         231 |        1 | GEORGIA     | JACOBS       | GEORGIA.JACOBS@sakilacustomer.org        |        235 |      1 | 2006-02-14 22:04:36 | 2006-02-15 04:57:20 |
|         232 |        2 | CONSTANCE   | REID         | CONSTANCE.REID@sakilacustomer.org        |        236 |      1 | 2006-02-14 22:04:36 | 2006-02-15 04:57:20 |
|         233 |        2 | LILLIE      | KIM          | LILLIE.KIM@sakilacustomer.org            |        237 |      1 | 2006-02-14 22:04:36 | 2006-02-15 04:57:20 |
|         234 |        1 | CLAUDIA     | FULLER       | CLAUDIA.FULLER@sakilacustomer.org        |        238 |      1 | 2006-02-14 22:04:36 | 2006-02-15 04:57:20 |
|         235 |        1 | JACKIE      | LYNCH        | JACKIE.LYNCH@sakilacustomer.org          |        239 |      1 | 2006-02-14 22:04:36 | 2006-02-15 04:57:20 |
|         236 |        1 | MARCIA      | DEAN         | MARCIA.DEAN@sakilacustomer.org           |        240 |      1 | 2006-02-14 22:04:36 | 2006-02-15 04:57:20 |
|         237 |        1 | TANYA       | GILBERT      | TANYA.GILBERT@sakilacustomer.org         |        241 |      1 | 2006-02-14 22:04:36 | 2006-02-15 04:57:20 |
|         238 |        1 | NELLIE      | GARRETT      | NELLIE.GARRETT@sakilacustomer.org        |        242 |      1 | 2006-02-14 22:04:36 | 2006-02-15 04:57:20 |
|         239 |        2 | MINNIE      | ROMERO       | MINNIE.ROMERO@sakilacustomer.org         |        243 |      1 | 2006-02-14 22:04:36 | 2006-02-15 04:57:20 |
|         240 |        1 | MARLENE     | WELCH        | MARLENE.WELCH@sakilacustomer.org         |        244 |      1 | 2006-02-14 22:04:36 | 2006-02-15 04:57:20 |
|         241 |        2 | HEIDI       | LARSON       | HEIDI.LARSON@sakilacustomer.org          |        245 |      0 | 2006-02-14 22:04:36 | 2006-02-15 04:57:20 |
|         242 |        1 | GLENDA      | FRAZIER      | GLENDA.FRAZIER@sakilacustomer.org        |        246 |      1 | 2006-02-14 22:04:36 | 2006-02-15 04:57:20 |
|         243 |        1 | LYDIA       | BURKE        | LYDIA.BURKE@sakilacustomer.org           |        247 |      1 | 2006-02-14 22:04:36 | 2006-02-15 04:57:20 |
|         244 |        2 | VIOLA       | HANSON       | VIOLA.HANSON@sakilacustomer.org          |        248 |      1 | 2006-02-14 22:04:36 | 2006-02-15 04:57:20 |
|         245 |        1 | COURTNEY    | DAY          | COURTNEY.DAY@sakilacustomer.org          |        249 |      1 | 2006-02-14 22:04:36 | 2006-02-15 04:57:20 |
|         246 |        1 | MARIAN      | MENDOZA      | MARIAN.MENDOZA@sakilacustomer.org        |        250 |      1 | 2006-02-14 22:04:36 | 2006-02-15 04:57:20 |
|         247 |        1 | STELLA      | MORENO       | STELLA.MORENO@sakilacustomer.org         |        251 |      1 | 2006-02-14 22:04:36 | 2006-02-15 04:57:20 |
|         248 |        1 | CAROLINE    | BOWMAN       | CAROLINE.BOWMAN@sakilacustomer.org       |        252 |      1 | 2006-02-14 22:04:36 | 2006-02-15 04:57:20 |
|         249 |        2 | DORA        | MEDINA       | DORA.MEDINA@sakilacustomer.org           |        253 |      1 | 2006-02-14 22:04:36 | 2006-02-15 04:57:20 |
|         250 |        2 | JO          | FOWLER       | JO.FOWLER@sakilacustomer.org             |        254 |      1 | 2006-02-14 22:04:36 | 2006-02-15 04:57:20 |
|         251 |        2 | VICKIE      | BREWER       | VICKIE.BREWER@sakilacustomer.org         |        255 |      1 | 2006-02-14 22:04:36 | 2006-02-15 04:57:20 |
|         252 |        2 | MATTIE      | HOFFMAN      | MATTIE.HOFFMAN@sakilacustomer.org        |        256 |      1 | 2006-02-14 22:04:36 | 2006-02-15 04:57:20 |
|         253 |        1 | TERRY       | CARLSON      | TERRY.CARLSON@sakilacustomer.org         |        258 |      1 | 2006-02-14 22:04:36 | 2006-02-15 04:57:20 |
|         254 |        2 | MAXINE      | SILVA        | MAXINE.SILVA@sakilacustomer.org          |        259 |      1 | 2006-02-14 22:04:36 | 2006-02-15 04:57:20 |
|         255 |        2 | IRMA        | PEARSON      | IRMA.PEARSON@sakilacustomer.org          |        260 |      1 | 2006-02-14 22:04:36 | 2006-02-15 04:57:20 |
|         256 |        2 | MABEL       | HOLLAND      | MABEL.HOLLAND@sakilacustomer.org         |        261 |      1 | 2006-02-14 22:04:36 | 2006-02-15 04:57:20 |
|         257 |        2 | MARSHA      | DOUGLAS      | MARSHA.DOUGLAS@sakilacustomer.org        |        262 |      1 | 2006-02-14 22:04:36 | 2006-02-15 04:57:20 |
|         258 |        1 | MYRTLE      | FLEMING      | MYRTLE.FLEMING@sakilacustomer.org        |        263 |      1 | 2006-02-14 22:04:36 | 2006-02-15 04:57:20 |
|         259 |        2 | LENA        | JENSEN       | LENA.JENSEN@sakilacustomer.org           |        264 |      1 | 2006-02-14 22:04:36 | 2006-02-15 04:57:20 |
|         260 |        1 | CHRISTY     | VARGAS       | CHRISTY.VARGAS@sakilacustomer.org        |        265 |      1 | 2006-02-14 22:04:36 | 2006-02-15 04:57:20 |
|         261 |        1 | DEANNA      | BYRD         | DEANNA.BYRD@sakilacustomer.org           |        266 |      1 | 2006-02-14 22:04:36 | 2006-02-15 04:57:20 |
|         262 |        2 | PATSY       | DAVIDSON     | PATSY.DAVIDSON@sakilacustomer.org        |        267 |      1 | 2006-02-14 22:04:36 | 2006-02-15 04:57:20 |
|         263 |        1 | HILDA       | HOPKINS      | HILDA.HOPKINS@sakilacustomer.org         |        268 |      1 | 2006-02-14 22:04:36 | 2006-02-15 04:57:20 |
|         264 |        1 | GWENDOLYN   | MAY          | GWENDOLYN.MAY@sakilacustomer.org         |        269 |      1 | 2006-02-14 22:04:36 | 2006-02-15 04:57:20 |
|         265 |        2 | JENNIE      | TERRY        | JENNIE.TERRY@sakilacustomer.org          |        270 |      1 | 2006-02-14 22:04:36 | 2006-02-15 04:57:20 |
|         266 |        2 | NORA        | HERRERA      | NORA.HERRERA@sakilacustomer.org          |        271 |      1 | 2006-02-14 22:04:36 | 2006-02-15 04:57:20 |
|         267 |        1 | MARGIE      | WADE         | MARGIE.WADE@sakilacustomer.org           |        272 |      1 | 2006-02-14 22:04:36 | 2006-02-15 04:57:20 |
|         268 |        1 | NINA        | SOTO         | NINA.SOTO@sakilacustomer.org             |        273 |      1 | 2006-02-14 22:04:36 | 2006-02-15 04:57:20 |
|         269 |        1 | CASSANDRA   | WALTERS      | CASSANDRA.WALTERS@sakilacustomer.org     |        274 |      1 | 2006-02-14 22:04:36 | 2006-02-15 04:57:20 |
|         270 |        1 | LEAH        | CURTIS       | LEAH.CURTIS@sakilacustomer.org           |        275 |      1 | 2006-02-14 22:04:36 | 2006-02-15 04:57:20 |
|         271 |        1 | PENNY       | NEAL         | PENNY.NEAL@sakilacustomer.org            |        276 |      0 | 2006-02-14 22:04:36 | 2006-02-15 04:57:20 |
|         272 |        1 | KAY         | CALDWELL     | KAY.CALDWELL@sakilacustomer.org          |        277 |      1 | 2006-02-14 22:04:37 | 2006-02-15 04:57:20 |
|         273 |        2 | PRISCILLA   | LOWE         | PRISCILLA.LOWE@sakilacustomer.org        |        278 |      1 | 2006-02-14 22:04:37 | 2006-02-15 04:57:20 |
|         274 |        1 | NAOMI       | JENNINGS     | NAOMI.JENNINGS@sakilacustomer.org        |        279 |      1 | 2006-02-14 22:04:37 | 2006-02-15 04:57:20 |
|         275 |        2 | CAROLE      | BARNETT      | CAROLE.BARNETT@sakilacustomer.org        |        280 |      1 | 2006-02-14 22:04:37 | 2006-02-15 04:57:20 |
|         276 |        1 | BRANDY      | GRAVES       | BRANDY.GRAVES@sakilacustomer.org         |        281 |      1 | 2006-02-14 22:04:37 | 2006-02-15 04:57:20 |
|         277 |        2 | OLGA        | JIMENEZ      | OLGA.JIMENEZ@sakilacustomer.org          |        282 |      1 | 2006-02-14 22:04:37 | 2006-02-15 04:57:20 |
|         278 |        2 | BILLIE      | HORTON       | BILLIE.HORTON@sakilacustomer.org         |        283 |      1 | 2006-02-14 22:04:37 | 2006-02-15 04:57:20 |
|         279 |        2 | DIANNE      | SHELTON      | DIANNE.SHELTON@sakilacustomer.org        |        284 |      1 | 2006-02-14 22:04:37 | 2006-02-15 04:57:20 |
|         280 |        2 | TRACEY      | BARRETT      | TRACEY.BARRETT@sakilacustomer.org        |        285 |      1 | 2006-02-14 22:04:37 | 2006-02-15 04:57:20 |
|         281 |        2 | LEONA       | OBRIEN       | LEONA.OBRIEN@sakilacustomer.org          |        286 |      1 | 2006-02-14 22:04:37 | 2006-02-15 04:57:20 |
|         282 |        2 | JENNY       | CASTRO       | JENNY.CASTRO@sakilacustomer.org          |        287 |      1 | 2006-02-14 22:04:37 | 2006-02-15 04:57:20 |
|         283 |        1 | FELICIA     | SUTTON       | FELICIA.SUTTON@sakilacustomer.org        |        288 |      1 | 2006-02-14 22:04:37 | 2006-02-15 04:57:20 |
|         284 |        1 | SONIA       | GREGORY      | SONIA.GREGORY@sakilacustomer.org         |        289 |      1 | 2006-02-14 22:04:37 | 2006-02-15 04:57:20 |
|         285 |        1 | MIRIAM      | MCKINNEY     | MIRIAM.MCKINNEY@sakilacustomer.org       |        290 |      1 | 2006-02-14 22:04:37 | 2006-02-15 04:57:20 |
|         286 |        1 | VELMA       | LUCAS        | VELMA.LUCAS@sakilacustomer.org           |        291 |      1 | 2006-02-14 22:04:37 | 2006-02-15 04:57:20 |
|         287 |        2 | BECKY       | MILES        | BECKY.MILES@sakilacustomer.org           |        292 |      1 | 2006-02-14 22:04:37 | 2006-02-15 04:57:20 |
|         288 |        1 | BOBBIE      | CRAIG        | BOBBIE.CRAIG@sakilacustomer.org          |        293 |      1 | 2006-02-14 22:04:37 | 2006-02-15 04:57:20 |
|         289 |        1 | VIOLET      | RODRIQUEZ    | VIOLET.RODRIQUEZ@sakilacustomer.org      |        294 |      1 | 2006-02-14 22:04:37 | 2006-02-15 04:57:20 |
|         290 |        1 | KRISTINA    | CHAMBERS     | KRISTINA.CHAMBERS@sakilacustomer.org     |        295 |      1 | 2006-02-14 22:04:37 | 2006-02-15 04:57:20 |
|         291 |        1 | TONI        | HOLT         | TONI.HOLT@sakilacustomer.org             |        296 |      1 | 2006-02-14 22:04:37 | 2006-02-15 04:57:20 |
|         292 |        2 | MISTY       | LAMBERT      | MISTY.LAMBERT@sakilacustomer.org         |        297 |      1 | 2006-02-14 22:04:37 | 2006-02-15 04:57:20 |
|         293 |        2 | MAE         | FLETCHER     | MAE.FLETCHER@sakilacustomer.org          |        298 |      1 | 2006-02-14 22:04:37 | 2006-02-15 04:57:20 |
|         294 |        2 | SHELLY      | WATTS        | SHELLY.WATTS@sakilacustomer.org          |        299 |      1 | 2006-02-14 22:04:37 | 2006-02-15 04:57:20 |
|         295 |        1 | DAISY       | BATES        | DAISY.BATES@sakilacustomer.org           |        300 |      1 | 2006-02-14 22:04:37 | 2006-02-15 04:57:20 |
|         296 |        2 | RAMONA      | HALE         | RAMONA.HALE@sakilacustomer.org           |        301 |      1 | 2006-02-14 22:04:37 | 2006-02-15 04:57:20 |
|         297 |        1 | SHERRI      | RHODES       | SHERRI.RHODES@sakilacustomer.org         |        302 |      1 | 2006-02-14 22:04:37 | 2006-02-15 04:57:20 |
|         298 |        1 | ERIKA       | PENA         | ERIKA.PENA@sakilacustomer.org            |        303 |      1 | 2006-02-14 22:04:37 | 2006-02-15 04:57:20 |
|         299 |        2 | JAMES       | GANNON       | JAMES.GANNON@sakilacustomer.org          |        304 |      1 | 2006-02-14 22:04:37 | 2006-02-15 04:57:20 |
|         300 |        1 | JOHN        | FARNSWORTH   | JOHN.FARNSWORTH@sakilacustomer.org       |        305 |      1 | 2006-02-14 22:04:37 | 2006-02-15 04:57:20 |
|         301 |        2 | ROBERT      | BAUGHMAN     | ROBERT.BAUGHMAN@sakilacustomer.org       |        306 |      1 | 2006-02-14 22:04:37 | 2006-02-15 04:57:20 |
|         302 |        1 | MICHAEL     | SILVERMAN    | MICHAEL.SILVERMAN@sakilacustomer.org     |        307 |      1 | 2006-02-14 22:04:37 | 2006-02-15 04:57:20 |
|         303 |        2 | WILLIAM     | SATTERFIELD  | WILLIAM.SATTERFIELD@sakilacustomer.org   |        308 |      1 | 2006-02-14 22:04:37 | 2006-02-15 04:57:20 |
|         304 |        2 | DAVID       | ROYAL        | DAVID.ROYAL@sakilacustomer.org           |        309 |      1 | 2006-02-14 22:04:37 | 2006-02-15 04:57:20 |
|         305 |        1 | RICHARD     | MCCRARY      | RICHARD.MCCRARY@sakilacustomer.org       |        310 |      1 | 2006-02-14 22:04:37 | 2006-02-15 04:57:20 |
|         306 |        1 | CHARLES     | KOWALSKI     | CHARLES.KOWALSKI@sakilacustomer.org      |        311 |      1 | 2006-02-14 22:04:37 | 2006-02-15 04:57:20 |
|         307 |        2 | JOSEPH      | JOY          | JOSEPH.JOY@sakilacustomer.org            |        312 |      1 | 2006-02-14 22:04:37 | 2006-02-15 04:57:20 |
|         308 |        1 | THOMAS      | GRIGSBY      | THOMAS.GRIGSBY@sakilacustomer.org        |        313 |      1 | 2006-02-14 22:04:37 | 2006-02-15 04:57:20 |
|         309 |        1 | CHRISTOPHER | GRECO        | CHRISTOPHER.GRECO@sakilacustomer.org     |        314 |      1 | 2006-02-14 22:04:37 | 2006-02-15 04:57:20 |
|         310 |        2 | DANIEL      | CABRAL       | DANIEL.CABRAL@sakilacustomer.org         |        315 |      1 | 2006-02-14 22:04:37 | 2006-02-15 04:57:20 |
|         311 |        2 | PAUL        | TROUT        | PAUL.TROUT@sakilacustomer.org            |        316 |      1 | 2006-02-14 22:04:37 | 2006-02-15 04:57:20 |
|         312 |        2 | MARK        | RINEHART     | MARK.RINEHART@sakilacustomer.org         |        317 |      1 | 2006-02-14 22:04:37 | 2006-02-15 04:57:20 |
|         313 |        2 | DONALD      | MAHON        | DONALD.MAHON@sakilacustomer.org          |        318 |      1 | 2006-02-14 22:04:37 | 2006-02-15 04:57:20 |
|         314 |        1 | GEORGE      | LINTON       | GEORGE.LINTON@sakilacustomer.org         |        319 |      1 | 2006-02-14 22:04:37 | 2006-02-15 04:57:20 |
|         315 |        2 | KENNETH     | GOODEN       | KENNETH.GOODEN@sakilacustomer.org        |        320 |      0 | 2006-02-14 22:04:37 | 2006-02-15 04:57:20 |
|         316 |        1 | STEVEN      | CURLEY       | STEVEN.CURLEY@sakilacustomer.org         |        321 |      1 | 2006-02-14 22:04:37 | 2006-02-15 04:57:20 |
|         317 |        2 | EDWARD      | BAUGH        | EDWARD.BAUGH@sakilacustomer.org          |        322 |      1 | 2006-02-14 22:04:37 | 2006-02-15 04:57:20 |
|         318 |        1 | BRIAN       | WYMAN        | BRIAN.WYMAN@sakilacustomer.org           |        323 |      1 | 2006-02-14 22:04:37 | 2006-02-15 04:57:20 |
|         319 |        2 | RONALD      | WEINER       | RONALD.WEINER@sakilacustomer.org         |        324 |      1 | 2006-02-14 22:04:37 | 2006-02-15 04:57:20 |
|         320 |        2 | ANTHONY     | SCHWAB       | ANTHONY.SCHWAB@sakilacustomer.org        |        325 |      1 | 2006-02-14 22:04:37 | 2006-02-15 04:57:20 |
|         321 |        1 | KEVIN       | SCHULER      | KEVIN.SCHULER@sakilacustomer.org         |        326 |      1 | 2006-02-14 22:04:37 | 2006-02-15 04:57:20 |
|         322 |        1 | JASON       | MORRISSEY    | JASON.MORRISSEY@sakilacustomer.org       |        327 |      1 | 2006-02-14 22:04:37 | 2006-02-15 04:57:20 |
|         323 |        2 | MATTHEW     | MAHAN        | MATTHEW.MAHAN@sakilacustomer.org         |        328 |      1 | 2006-02-14 22:04:37 | 2006-02-15 04:57:20 |
|         324 |        2 | GARY        | COY          | GARY.COY@sakilacustomer.org              |        329 |      1 | 2006-02-14 22:04:37 | 2006-02-15 04:57:20 |
|         325 |        1 | TIMOTHY     | BUNN         | TIMOTHY.BUNN@sakilacustomer.org          |        330 |      1 | 2006-02-14 22:04:37 | 2006-02-15 04:57:20 |
|         326 |        1 | JOSE        | ANDREW       | JOSE.ANDREW@sakilacustomer.org           |        331 |      1 | 2006-02-14 22:04:37 | 2006-02-15 04:57:20 |
|         327 |        2 | LARRY       | THRASHER     | LARRY.THRASHER@sakilacustomer.org        |        332 |      1 | 2006-02-14 22:04:37 | 2006-02-15 04:57:20 |
|         328 |        2 | JEFFREY     | SPEAR        | JEFFREY.SPEAR@sakilacustomer.org         |        333 |      1 | 2006-02-14 22:04:37 | 2006-02-15 04:57:20 |
|         329 |        2 | FRANK       | WAGGONER     | FRANK.WAGGONER@sakilacustomer.org        |        334 |      1 | 2006-02-14 22:04:37 | 2006-02-15 04:57:20 |
|         330 |        1 | SCOTT       | SHELLEY      | SCOTT.SHELLEY@sakilacustomer.org         |        335 |      1 | 2006-02-14 22:04:37 | 2006-02-15 04:57:20 |
|         331 |        1 | ERIC        | ROBERT       | ERIC.ROBERT@sakilacustomer.org           |        336 |      1 | 2006-02-14 22:04:37 | 2006-02-15 04:57:20 |
|         332 |        1 | STEPHEN     | QUALLS       | STEPHEN.QUALLS@sakilacustomer.org        |        337 |      1 | 2006-02-14 22:04:37 | 2006-02-15 04:57:20 |
|         333 |        2 | ANDREW      | PURDY        | ANDREW.PURDY@sakilacustomer.org          |        338 |      1 | 2006-02-14 22:04:37 | 2006-02-15 04:57:20 |
|         334 |        2 | RAYMOND     | MCWHORTER    | RAYMOND.MCWHORTER@sakilacustomer.org     |        339 |      1 | 2006-02-14 22:04:37 | 2006-02-15 04:57:20 |
|         335 |        1 | GREGORY     | MAULDIN      | GREGORY.MAULDIN@sakilacustomer.org       |        340 |      1 | 2006-02-14 22:04:37 | 2006-02-15 04:57:20 |
|         336 |        1 | JOSHUA      | MARK         | JOSHUA.MARK@sakilacustomer.org           |        341 |      1 | 2006-02-14 22:04:37 | 2006-02-15 04:57:20 |
|         337 |        1 | JERRY       | JORDON       | JERRY.JORDON@sakilacustomer.org          |        342 |      1 | 2006-02-14 22:04:37 | 2006-02-15 04:57:20 |
|         338 |        1 | DENNIS      | GILMAN       | DENNIS.GILMAN@sakilacustomer.org         |        343 |      1 | 2006-02-14 22:04:37 | 2006-02-15 04:57:20 |
|         339 |        2 | WALTER      | PERRYMAN     | WALTER.PERRYMAN@sakilacustomer.org       |        344 |      1 | 2006-02-14 22:04:37 | 2006-02-15 04:57:20 |
|         340 |        1 | PATRICK     | NEWSOM       | PATRICK.NEWSOM@sakilacustomer.org        |        345 |      1 | 2006-02-14 22:04:37 | 2006-02-15 04:57:20 |
|         341 |        1 | PETER       | MENARD       | PETER.MENARD@sakilacustomer.org          |        346 |      1 | 2006-02-14 22:04:37 | 2006-02-15 04:57:20 |
|         342 |        1 | HAROLD      | MARTINO      | HAROLD.MARTINO@sakilacustomer.org        |        347 |      1 | 2006-02-14 22:04:37 | 2006-02-15 04:57:20 |
|         343 |        1 | DOUGLAS     | GRAF         | DOUGLAS.GRAF@sakilacustomer.org          |        348 |      1 | 2006-02-14 22:04:37 | 2006-02-15 04:57:20 |
|         344 |        1 | HENRY       | BILLINGSLEY  | HENRY.BILLINGSLEY@sakilacustomer.org     |        349 |      1 | 2006-02-14 22:04:37 | 2006-02-15 04:57:20 |
|         345 |        1 | CARL        | ARTIS        | CARL.ARTIS@sakilacustomer.org            |        350 |      1 | 2006-02-14 22:04:37 | 2006-02-15 04:57:20 |
|         346 |        1 | ARTHUR      | SIMPKINS     | ARTHUR.SIMPKINS@sakilacustomer.org       |        351 |      1 | 2006-02-14 22:04:37 | 2006-02-15 04:57:20 |
|         347 |        2 | RYAN        | SALISBURY    | RYAN.SALISBURY@sakilacustomer.org        |        352 |      1 | 2006-02-14 22:04:37 | 2006-02-15 04:57:20 |
|         348 |        2 | ROGER       | QUINTANILLA  | ROGER.QUINTANILLA@sakilacustomer.org     |        353 |      1 | 2006-02-14 22:04:37 | 2006-02-15 04:57:20 |
|         349 |        2 | JOE         | GILLILAND    | JOE.GILLILAND@sakilacustomer.org         |        354 |      1 | 2006-02-14 22:04:37 | 2006-02-15 04:57:20 |
|         350 |        1 | JUAN        | FRALEY       | JUAN.FRALEY@sakilacustomer.org           |        355 |      1 | 2006-02-14 22:04:37 | 2006-02-15 04:57:20 |
|         351 |        1 | JACK        | FOUST        | JACK.FOUST@sakilacustomer.org            |        356 |      1 | 2006-02-14 22:04:37 | 2006-02-15 04:57:20 |
|         352 |        1 | ALBERT      | CROUSE       | ALBERT.CROUSE@sakilacustomer.org         |        357 |      1 | 2006-02-14 22:04:37 | 2006-02-15 04:57:20 |
|         353 |        1 | JONATHAN    | SCARBOROUGH  | JONATHAN.SCARBOROUGH@sakilacustomer.org  |        358 |      1 | 2006-02-14 22:04:37 | 2006-02-15 04:57:20 |
|         354 |        2 | JUSTIN      | NGO          | JUSTIN.NGO@sakilacustomer.org            |        359 |      1 | 2006-02-14 22:04:37 | 2006-02-15 04:57:20 |
|         355 |        2 | TERRY       | GRISSOM      | TERRY.GRISSOM@sakilacustomer.org         |        360 |      1 | 2006-02-14 22:04:37 | 2006-02-15 04:57:20 |
|         356 |        2 | GERALD      | FULTZ        | GERALD.FULTZ@sakilacustomer.org          |        361 |      1 | 2006-02-14 22:04:37 | 2006-02-15 04:57:20 |
|         357 |        1 | KEITH       | RICO         | KEITH.RICO@sakilacustomer.org            |        362 |      1 | 2006-02-14 22:04:37 | 2006-02-15 04:57:20 |
|         358 |        2 | SAMUEL      | MARLOW       | SAMUEL.MARLOW@sakilacustomer.org         |        363 |      1 | 2006-02-14 22:04:37 | 2006-02-15 04:57:20 |
|         359 |        2 | WILLIE      | MARKHAM      | WILLIE.MARKHAM@sakilacustomer.org        |        364 |      1 | 2006-02-14 22:04:37 | 2006-02-15 04:57:20 |
|         360 |        2 | RALPH       | MADRIGAL     | RALPH.MADRIGAL@sakilacustomer.org        |        365 |      1 | 2006-02-14 22:04:37 | 2006-02-15 04:57:20 |
|         361 |        2 | LAWRENCE    | LAWTON       | LAWRENCE.LAWTON@sakilacustomer.org       |        366 |      1 | 2006-02-14 22:04:37 | 2006-02-15 04:57:20 |
|         362 |        1 | NICHOLAS    | BARFIELD     | NICHOLAS.BARFIELD@sakilacustomer.org     |        367 |      1 | 2006-02-14 22:04:37 | 2006-02-15 04:57:20 |
|         363 |        2 | ROY         | WHITING      | ROY.WHITING@sakilacustomer.org           |        368 |      1 | 2006-02-14 22:04:37 | 2006-02-15 04:57:20 |
|         364 |        1 | BENJAMIN    | VARNEY       | BENJAMIN.VARNEY@sakilacustomer.org       |        369 |      1 | 2006-02-14 22:04:37 | 2006-02-15 04:57:20 |
|         365 |        2 | BRUCE       | SCHWARZ      | BRUCE.SCHWARZ@sakilacustomer.org         |        370 |      1 | 2006-02-14 22:04:37 | 2006-02-15 04:57:20 |
|         366 |        1 | BRANDON     | HUEY         | BRANDON.HUEY@sakilacustomer.org          |        371 |      1 | 2006-02-14 22:04:37 | 2006-02-15 04:57:20 |
|         367 |        1 | ADAM        | GOOCH        | ADAM.GOOCH@sakilacustomer.org            |        372 |      1 | 2006-02-14 22:04:37 | 2006-02-15 04:57:20 |
|         368 |        1 | HARRY       | ARCE         | HARRY.ARCE@sakilacustomer.org            |        373 |      0 | 2006-02-14 22:04:37 | 2006-02-15 04:57:20 |
|         369 |        2 | FRED        | WHEAT        | FRED.WHEAT@sakilacustomer.org            |        374 |      1 | 2006-02-14 22:04:37 | 2006-02-15 04:57:20 |
|         370 |        2 | WAYNE       | TRUONG       | WAYNE.TRUONG@sakilacustomer.org          |        375 |      1 | 2006-02-14 22:04:37 | 2006-02-15 04:57:20 |
|         371 |        1 | BILLY       | POULIN       | BILLY.POULIN@sakilacustomer.org          |        376 |      1 | 2006-02-14 22:04:37 | 2006-02-15 04:57:20 |
|         372 |        2 | STEVE       | MACKENZIE    | STEVE.MACKENZIE@sakilacustomer.org       |        377 |      1 | 2006-02-14 22:04:37 | 2006-02-15 04:57:20 |
|         373 |        1 | LOUIS       | LEONE        | LOUIS.LEONE@sakilacustomer.org           |        378 |      1 | 2006-02-14 22:04:37 | 2006-02-15 04:57:20 |
|         374 |        2 | JEREMY      | HURTADO      | JEREMY.HURTADO@sakilacustomer.org        |        379 |      1 | 2006-02-14 22:04:37 | 2006-02-15 04:57:20 |
|         375 |        2 | AARON       | SELBY        | AARON.SELBY@sakilacustomer.org           |        380 |      1 | 2006-02-14 22:04:37 | 2006-02-15 04:57:20 |
|         376 |        1 | RANDY       | GAITHER      | RANDY.GAITHER@sakilacustomer.org         |        381 |      1 | 2006-02-14 22:04:37 | 2006-02-15 04:57:20 |
|         377 |        1 | HOWARD      | FORTNER      | HOWARD.FORTNER@sakilacustomer.org        |        382 |      1 | 2006-02-14 22:04:37 | 2006-02-15 04:57:20 |
|         378 |        1 | EUGENE      | CULPEPPER    | EUGENE.CULPEPPER@sakilacustomer.org      |        383 |      1 | 2006-02-14 22:04:37 | 2006-02-15 04:57:20 |
|         379 |        1 | CARLOS      | COUGHLIN     | CARLOS.COUGHLIN@sakilacustomer.org       |        384 |      1 | 2006-02-14 22:04:37 | 2006-02-15 04:57:20 |
|         380 |        1 | RUSSELL     | BRINSON      | RUSSELL.BRINSON@sakilacustomer.org       |        385 |      1 | 2006-02-14 22:04:37 | 2006-02-15 04:57:20 |
|         381 |        2 | BOBBY       | BOUDREAU     | BOBBY.BOUDREAU@sakilacustomer.org        |        386 |      1 | 2006-02-14 22:04:37 | 2006-02-15 04:57:20 |
|         382 |        2 | VICTOR      | BARKLEY      | VICTOR.BARKLEY@sakilacustomer.org        |        387 |      1 | 2006-02-14 22:04:37 | 2006-02-15 04:57:20 |
|         383 |        1 | MARTIN      | BALES        | MARTIN.BALES@sakilacustomer.org          |        388 |      1 | 2006-02-14 22:04:37 | 2006-02-15 04:57:20 |
|         384 |        2 | ERNEST      | STEPP        | ERNEST.STEPP@sakilacustomer.org          |        389 |      1 | 2006-02-14 22:04:37 | 2006-02-15 04:57:20 |
|         385 |        1 | PHILLIP     | HOLM         | PHILLIP.HOLM@sakilacustomer.org          |        390 |      1 | 2006-02-14 22:04:37 | 2006-02-15 04:57:20 |
|         386 |        1 | TODD        | TAN          | TODD.TAN@sakilacustomer.org              |        391 |      1 | 2006-02-14 22:04:37 | 2006-02-15 04:57:20 |
|         387 |        2 | JESSE       | SCHILLING    | JESSE.SCHILLING@sakilacustomer.org       |        392 |      1 | 2006-02-14 22:04:37 | 2006-02-15 04:57:20 |
|         388 |        2 | CRAIG       | MORRELL      | CRAIG.MORRELL@sakilacustomer.org         |        393 |      1 | 2006-02-14 22:04:37 | 2006-02-15 04:57:20 |
|         389 |        1 | ALAN        | KAHN         | ALAN.KAHN@sakilacustomer.org             |        394 |      1 | 2006-02-14 22:04:37 | 2006-02-15 04:57:20 |
|         390 |        1 | SHAWN       | HEATON       | SHAWN.HEATON@sakilacustomer.org          |        395 |      1 | 2006-02-14 22:04:37 | 2006-02-15 04:57:20 |
|         391 |        1 | CLARENCE    | GAMEZ        | CLARENCE.GAMEZ@sakilacustomer.org        |        396 |      1 | 2006-02-14 22:04:37 | 2006-02-15 04:57:20 |
|         392 |        2 | SEAN        | DOUGLASS     | SEAN.DOUGLASS@sakilacustomer.org         |        397 |      1 | 2006-02-14 22:04:37 | 2006-02-15 04:57:20 |
|         393 |        1 | PHILIP      | CAUSEY       | PHILIP.CAUSEY@sakilacustomer.org         |        398 |      1 | 2006-02-14 22:04:37 | 2006-02-15 04:57:20 |
|         394 |        2 | CHRIS       | BROTHERS     | CHRIS.BROTHERS@sakilacustomer.org        |        399 |      1 | 2006-02-14 22:04:37 | 2006-02-15 04:57:20 |
|         395 |        2 | JOHNNY      | TURPIN       | JOHNNY.TURPIN@sakilacustomer.org         |        400 |      1 | 2006-02-14 22:04:37 | 2006-02-15 04:57:20 |
|         396 |        1 | EARL        | SHANKS       | EARL.SHANKS@sakilacustomer.org           |        401 |      1 | 2006-02-14 22:04:37 | 2006-02-15 04:57:20 |
|         397 |        1 | JIMMY       | SCHRADER     | JIMMY.SCHRADER@sakilacustomer.org        |        402 |      1 | 2006-02-14 22:04:37 | 2006-02-15 04:57:20 |
|         398 |        1 | ANTONIO     | MEEK         | ANTONIO.MEEK@sakilacustomer.org          |        403 |      1 | 2006-02-14 22:04:37 | 2006-02-15 04:57:20 |
|         399 |        1 | DANNY       | ISOM         | DANNY.ISOM@sakilacustomer.org            |        404 |      1 | 2006-02-14 22:04:37 | 2006-02-15 04:57:20 |
|         400 |        2 | BRYAN       | HARDISON     | BRYAN.HARDISON@sakilacustomer.org        |        405 |      1 | 2006-02-14 22:04:37 | 2006-02-15 04:57:20 |
|         401 |        2 | TONY        | CARRANZA     | TONY.CARRANZA@sakilacustomer.org         |        406 |      1 | 2006-02-14 22:04:37 | 2006-02-15 04:57:20 |
|         402 |        1 | LUIS        | YANEZ        | LUIS.YANEZ@sakilacustomer.org            |        407 |      1 | 2006-02-14 22:04:37 | 2006-02-15 04:57:20 |
|         403 |        1 | MIKE        | WAY          | MIKE.WAY@sakilacustomer.org              |        408 |      1 | 2006-02-14 22:04:37 | 2006-02-15 04:57:20 |
|         404 |        2 | STANLEY     | SCROGGINS    | STANLEY.SCROGGINS@sakilacustomer.org     |        409 |      1 | 2006-02-14 22:04:37 | 2006-02-15 04:57:20 |
|         405 |        1 | LEONARD     | SCHOFIELD    | LEONARD.SCHOFIELD@sakilacustomer.org     |        410 |      1 | 2006-02-14 22:04:37 | 2006-02-15 04:57:20 |
|         406 |        1 | NATHAN      | RUNYON       | NATHAN.RUNYON@sakilacustomer.org         |        411 |      0 | 2006-02-14 22:04:37 | 2006-02-15 04:57:20 |
|         407 |        1 | DALE        | RATCLIFF     | DALE.RATCLIFF@sakilacustomer.org         |        412 |      1 | 2006-02-14 22:04:37 | 2006-02-15 04:57:20 |
|         408 |        1 | MANUEL      | MURRELL      | MANUEL.MURRELL@sakilacustomer.org        |        413 |      1 | 2006-02-14 22:04:37 | 2006-02-15 04:57:20 |
|         409 |        2 | RODNEY      | MOELLER      | RODNEY.MOELLER@sakilacustomer.org        |        414 |      1 | 2006-02-14 22:04:37 | 2006-02-15 04:57:20 |
|         410 |        2 | CURTIS      | IRBY         | CURTIS.IRBY@sakilacustomer.org           |        415 |      1 | 2006-02-14 22:04:37 | 2006-02-15 04:57:20 |
|         411 |        1 | NORMAN      | CURRIER      | NORMAN.CURRIER@sakilacustomer.org        |        416 |      1 | 2006-02-14 22:04:37 | 2006-02-15 04:57:20 |
|         412 |        2 | ALLEN       | BUTTERFIELD  | ALLEN.BUTTERFIELD@sakilacustomer.org     |        417 |      1 | 2006-02-14 22:04:37 | 2006-02-15 04:57:20 |
|         413 |        2 | MARVIN      | YEE          | MARVIN.YEE@sakilacustomer.org            |        418 |      1 | 2006-02-14 22:04:37 | 2006-02-15 04:57:20 |
|         414 |        1 | VINCENT     | RALSTON      | VINCENT.RALSTON@sakilacustomer.org       |        419 |      1 | 2006-02-14 22:04:37 | 2006-02-15 04:57:20 |
|         415 |        1 | GLENN       | PULLEN       | GLENN.PULLEN@sakilacustomer.org          |        420 |      1 | 2006-02-14 22:04:37 | 2006-02-15 04:57:20 |
|         416 |        2 | JEFFERY     | PINSON       | JEFFERY.PINSON@sakilacustomer.org        |        421 |      1 | 2006-02-14 22:04:37 | 2006-02-15 04:57:20 |
|         417 |        1 | TRAVIS      | ESTEP        | TRAVIS.ESTEP@sakilacustomer.org          |        422 |      1 | 2006-02-14 22:04:37 | 2006-02-15 04:57:20 |
|         418 |        2 | JEFF        | EAST         | JEFF.EAST@sakilacustomer.org             |        423 |      1 | 2006-02-14 22:04:37 | 2006-02-15 04:57:20 |
|         419 |        1 | CHAD        | CARBONE      | CHAD.CARBONE@sakilacustomer.org          |        424 |      1 | 2006-02-14 22:04:37 | 2006-02-15 04:57:20 |
|         420 |        1 | JACOB       | LANCE        | JACOB.LANCE@sakilacustomer.org           |        425 |      1 | 2006-02-14 22:04:37 | 2006-02-15 04:57:20 |
|         421 |        1 | LEE         | HAWKS        | LEE.HAWKS@sakilacustomer.org             |        426 |      1 | 2006-02-14 22:04:37 | 2006-02-15 04:57:20 |
|         422 |        1 | MELVIN      | ELLINGTON    | MELVIN.ELLINGTON@sakilacustomer.org      |        427 |      1 | 2006-02-14 22:04:37 | 2006-02-15 04:57:20 |
|         423 |        2 | ALFRED      | CASILLAS     | ALFRED.CASILLAS@sakilacustomer.org       |        428 |      1 | 2006-02-14 22:04:37 | 2006-02-15 04:57:20 |
|         424 |        2 | KYLE        | SPURLOCK     | KYLE.SPURLOCK@sakilacustomer.org         |        429 |      1 | 2006-02-14 22:04:37 | 2006-02-15 04:57:20 |
|         425 |        2 | FRANCIS     | SIKES        | FRANCIS.SIKES@sakilacustomer.org         |        430 |      1 | 2006-02-14 22:04:37 | 2006-02-15 04:57:20 |
|         426 |        1 | BRADLEY     | MOTLEY       | BRADLEY.MOTLEY@sakilacustomer.org        |        431 |      1 | 2006-02-14 22:04:37 | 2006-02-15 04:57:20 |
|         427 |        2 | JESUS       | MCCARTNEY    | JESUS.MCCARTNEY@sakilacustomer.org       |        432 |      1 | 2006-02-14 22:04:37 | 2006-02-15 04:57:20 |
|         428 |        2 | HERBERT     | KRUGER       | HERBERT.KRUGER@sakilacustomer.org        |        433 |      1 | 2006-02-14 22:04:37 | 2006-02-15 04:57:20 |
|         429 |        2 | FREDERICK   | ISBELL       | FREDERICK.ISBELL@sakilacustomer.org      |        434 |      1 | 2006-02-14 22:04:37 | 2006-02-15 04:57:20 |
|         430 |        1 | RAY         | HOULE        | RAY.HOULE@sakilacustomer.org             |        435 |      1 | 2006-02-14 22:04:37 | 2006-02-15 04:57:20 |
|         431 |        2 | JOEL        | FRANCISCO    | JOEL.FRANCISCO@sakilacustomer.org        |        436 |      1 | 2006-02-14 22:04:37 | 2006-02-15 04:57:20 |
|         432 |        1 | EDWIN       | BURK         | EDWIN.BURK@sakilacustomer.org            |        437 |      1 | 2006-02-14 22:04:37 | 2006-02-15 04:57:20 |
|         433 |        1 | DON         | BONE         | DON.BONE@sakilacustomer.org              |        438 |      1 | 2006-02-14 22:04:37 | 2006-02-15 04:57:20 |
|         434 |        1 | EDDIE       | TOMLIN       | EDDIE.TOMLIN@sakilacustomer.org          |        439 |      1 | 2006-02-14 22:04:37 | 2006-02-15 04:57:20 |
|         435 |        2 | RICKY       | SHELBY       | RICKY.SHELBY@sakilacustomer.org          |        440 |      1 | 2006-02-14 22:04:37 | 2006-02-15 04:57:20 |
|         436 |        1 | TROY        | QUIGLEY      | TROY.QUIGLEY@sakilacustomer.org          |        441 |      1 | 2006-02-14 22:04:37 | 2006-02-15 04:57:20 |
|         437 |        2 | RANDALL     | NEUMANN      | RANDALL.NEUMANN@sakilacustomer.org       |        442 |      1 | 2006-02-14 22:04:37 | 2006-02-15 04:57:20 |
|         438 |        1 | BARRY       | LOVELACE     | BARRY.LOVELACE@sakilacustomer.org        |        443 |      1 | 2006-02-14 22:04:37 | 2006-02-15 04:57:20 |
|         439 |        2 | ALEXANDER   | FENNELL      | ALEXANDER.FENNELL@sakilacustomer.org     |        444 |      1 | 2006-02-14 22:04:37 | 2006-02-15 04:57:20 |
|         440 |        1 | BERNARD     | COLBY        | BERNARD.COLBY@sakilacustomer.org         |        445 |      1 | 2006-02-14 22:04:37 | 2006-02-15 04:57:20 |
|         441 |        1 | MARIO       | CHEATHAM     | MARIO.CHEATHAM@sakilacustomer.org        |        446 |      1 | 2006-02-14 22:04:37 | 2006-02-15 04:57:20 |
|         442 |        1 | LEROY       | BUSTAMANTE   | LEROY.BUSTAMANTE@sakilacustomer.org      |        447 |      1 | 2006-02-14 22:04:37 | 2006-02-15 04:57:20 |
|         443 |        2 | FRANCISCO   | SKIDMORE     | FRANCISCO.SKIDMORE@sakilacustomer.org    |        448 |      1 | 2006-02-14 22:04:37 | 2006-02-15 04:57:20 |
|         444 |        2 | MARCUS      | HIDALGO      | MARCUS.HIDALGO@sakilacustomer.org        |        449 |      1 | 2006-02-14 22:04:37 | 2006-02-15 04:57:20 |
|         445 |        1 | MICHEAL     | FORMAN       | MICHEAL.FORMAN@sakilacustomer.org        |        450 |      1 | 2006-02-14 22:04:37 | 2006-02-15 04:57:20 |
|         446 |        2 | THEODORE    | CULP         | THEODORE.CULP@sakilacustomer.org         |        451 |      0 | 2006-02-14 22:04:37 | 2006-02-15 04:57:20 |
|         447 |        1 | CLIFFORD    | BOWENS       | CLIFFORD.BOWENS@sakilacustomer.org       |        452 |      1 | 2006-02-14 22:04:37 | 2006-02-15 04:57:20 |
|         448 |        1 | MIGUEL      | BETANCOURT   | MIGUEL.BETANCOURT@sakilacustomer.org     |        453 |      1 | 2006-02-14 22:04:37 | 2006-02-15 04:57:20 |
|         449 |        2 | OSCAR       | AQUINO       | OSCAR.AQUINO@sakilacustomer.org          |        454 |      1 | 2006-02-14 22:04:37 | 2006-02-15 04:57:20 |
|         450 |        1 | JAY         | ROBB         | JAY.ROBB@sakilacustomer.org              |        455 |      1 | 2006-02-14 22:04:37 | 2006-02-15 04:57:20 |
|         451 |        1 | JIM         | REA          | JIM.REA@sakilacustomer.org               |        456 |      1 | 2006-02-14 22:04:37 | 2006-02-15 04:57:20 |
|         452 |        1 | TOM         | MILNER       | TOM.MILNER@sakilacustomer.org            |        457 |      1 | 2006-02-14 22:04:37 | 2006-02-15 04:57:20 |
|         453 |        1 | CALVIN      | MARTEL       | CALVIN.MARTEL@sakilacustomer.org         |        458 |      1 | 2006-02-14 22:04:37 | 2006-02-15 04:57:20 |
|         454 |        2 | ALEX        | GRESHAM      | ALEX.GRESHAM@sakilacustomer.org          |        459 |      1 | 2006-02-14 22:04:37 | 2006-02-15 04:57:20 |
|         455 |        2 | JON         | WILES        | JON.WILES@sakilacustomer.org             |        460 |      1 | 2006-02-14 22:04:37 | 2006-02-15 04:57:20 |
|         456 |        2 | RONNIE      | RICKETTS     | RONNIE.RICKETTS@sakilacustomer.org       |        461 |      1 | 2006-02-14 22:04:37 | 2006-02-15 04:57:20 |
|         457 |        2 | BILL        | GAVIN        | BILL.GAVIN@sakilacustomer.org            |        462 |      1 | 2006-02-14 22:04:37 | 2006-02-15 04:57:20 |
|         458 |        1 | LLOYD       | DOWD         | LLOYD.DOWD@sakilacustomer.org            |        463 |      1 | 2006-02-14 22:04:37 | 2006-02-15 04:57:20 |
|         459 |        1 | TOMMY       | COLLAZO      | TOMMY.COLLAZO@sakilacustomer.org         |        464 |      1 | 2006-02-14 22:04:37 | 2006-02-15 04:57:20 |
|         460 |        1 | LEON        | BOSTIC       | LEON.BOSTIC@sakilacustomer.org           |        465 |      1 | 2006-02-14 22:04:37 | 2006-02-15 04:57:20 |
|         461 |        1 | DEREK       | BLAKELY      | DEREK.BLAKELY@sakilacustomer.org         |        466 |      1 | 2006-02-14 22:04:37 | 2006-02-15 04:57:20 |
|         462 |        2 | WARREN      | SHERROD      | WARREN.SHERROD@sakilacustomer.org        |        467 |      1 | 2006-02-14 22:04:37 | 2006-02-15 04:57:20 |
|         463 |        2 | DARRELL     | POWER        | DARRELL.POWER@sakilacustomer.org         |        468 |      1 | 2006-02-14 22:04:37 | 2006-02-15 04:57:20 |
|         464 |        1 | JEROME      | KENYON       | JEROME.KENYON@sakilacustomer.org         |        469 |      1 | 2006-02-14 22:04:37 | 2006-02-15 04:57:20 |
|         465 |        1 | FLOYD       | GANDY        | FLOYD.GANDY@sakilacustomer.org           |        470 |      1 | 2006-02-14 22:04:37 | 2006-02-15 04:57:20 |
|         466 |        1 | LEO         | EBERT        | LEO.EBERT@sakilacustomer.org             |        471 |      1 | 2006-02-14 22:04:37 | 2006-02-15 04:57:20 |
|         467 |        2 | ALVIN       | DELOACH      | ALVIN.DELOACH@sakilacustomer.org         |        472 |      1 | 2006-02-14 22:04:37 | 2006-02-15 04:57:20 |
|         468 |        1 | TIM         | CARY         | TIM.CARY@sakilacustomer.org              |        473 |      1 | 2006-02-14 22:04:37 | 2006-02-15 04:57:20 |
|         469 |        2 | WESLEY      | BULL         | WESLEY.BULL@sakilacustomer.org           |        474 |      1 | 2006-02-14 22:04:37 | 2006-02-15 04:57:20 |
|         470 |        1 | GORDON      | ALLARD       | GORDON.ALLARD@sakilacustomer.org         |        475 |      1 | 2006-02-14 22:04:37 | 2006-02-15 04:57:20 |
|         471 |        1 | DEAN        | SAUER        | DEAN.SAUER@sakilacustomer.org            |        476 |      1 | 2006-02-14 22:04:37 | 2006-02-15 04:57:20 |
|         472 |        1 | GREG        | ROBINS       | GREG.ROBINS@sakilacustomer.org           |        477 |      1 | 2006-02-14 22:04:37 | 2006-02-15 04:57:20 |
|         473 |        2 | JORGE       | OLIVARES     | JORGE.OLIVARES@sakilacustomer.org        |        478 |      1 | 2006-02-14 22:04:37 | 2006-02-15 04:57:20 |
|         474 |        2 | DUSTIN      | GILLETTE     | DUSTIN.GILLETTE@sakilacustomer.org       |        479 |      1 | 2006-02-14 22:04:37 | 2006-02-15 04:57:20 |
|         475 |        2 | PEDRO       | CHESTNUT     | PEDRO.CHESTNUT@sakilacustomer.org        |        480 |      1 | 2006-02-14 22:04:37 | 2006-02-15 04:57:20 |
|         476 |        1 | DERRICK     | BOURQUE      | DERRICK.BOURQUE@sakilacustomer.org       |        481 |      1 | 2006-02-14 22:04:37 | 2006-02-15 04:57:20 |
|         477 |        1 | DAN         | PAINE        | DAN.PAINE@sakilacustomer.org             |        482 |      1 | 2006-02-14 22:04:37 | 2006-02-15 04:57:20 |
|         478 |        1 | LEWIS       | LYMAN        | LEWIS.LYMAN@sakilacustomer.org           |        483 |      1 | 2006-02-14 22:04:37 | 2006-02-15 04:57:20 |
|         479 |        1 | ZACHARY     | HITE         | ZACHARY.HITE@sakilacustomer.org          |        484 |      1 | 2006-02-14 22:04:37 | 2006-02-15 04:57:20 |
|         480 |        1 | COREY       | HAUSER       | COREY.HAUSER@sakilacustomer.org          |        485 |      1 | 2006-02-14 22:04:37 | 2006-02-15 04:57:20 |
|         481 |        1 | HERMAN      | DEVORE       | HERMAN.DEVORE@sakilacustomer.org         |        486 |      1 | 2006-02-14 22:04:37 | 2006-02-15 04:57:20 |
|         482 |        1 | MAURICE     | CRAWLEY      | MAURICE.CRAWLEY@sakilacustomer.org       |        487 |      0 | 2006-02-14 22:04:37 | 2006-02-15 04:57:20 |
|         483 |        2 | VERNON      | CHAPA        | VERNON.CHAPA@sakilacustomer.org          |        488 |      1 | 2006-02-14 22:04:37 | 2006-02-15 04:57:20 |
|         484 |        1 | ROBERTO     | VU           | ROBERTO.VU@sakilacustomer.org            |        489 |      1 | 2006-02-14 22:04:37 | 2006-02-15 04:57:20 |
|         485 |        1 | CLYDE       | TOBIAS       | CLYDE.TOBIAS@sakilacustomer.org          |        490 |      1 | 2006-02-14 22:04:37 | 2006-02-15 04:57:20 |
|         486 |        1 | GLEN        | TALBERT      | GLEN.TALBERT@sakilacustomer.org          |        491 |      1 | 2006-02-14 22:04:37 | 2006-02-15 04:57:20 |
|         487 |        2 | HECTOR      | POINDEXTER   | HECTOR.POINDEXTER@sakilacustomer.org     |        492 |      1 | 2006-02-14 22:04:37 | 2006-02-15 04:57:20 |
|         488 |        2 | SHANE       | MILLARD      | SHANE.MILLARD@sakilacustomer.org         |        493 |      1 | 2006-02-14 22:04:37 | 2006-02-15 04:57:20 |
|         489 |        1 | RICARDO     | MEADOR       | RICARDO.MEADOR@sakilacustomer.org        |        494 |      1 | 2006-02-14 22:04:37 | 2006-02-15 04:57:20 |
|         490 |        1 | SAM         | MCDUFFIE     | SAM.MCDUFFIE@sakilacustomer.org          |        495 |      1 | 2006-02-14 22:04:37 | 2006-02-15 04:57:20 |
|         491 |        2 | RICK        | MATTOX       | RICK.MATTOX@sakilacustomer.org           |        496 |      1 | 2006-02-14 22:04:37 | 2006-02-15 04:57:20 |
|         492 |        2 | LESTER      | KRAUS        | LESTER.KRAUS@sakilacustomer.org          |        497 |      1 | 2006-02-14 22:04:37 | 2006-02-15 04:57:20 |
|         493 |        1 | BRENT       | HARKINS      | BRENT.HARKINS@sakilacustomer.org         |        498 |      1 | 2006-02-14 22:04:37 | 2006-02-15 04:57:20 |
|         494 |        2 | RAMON       | CHOATE       | RAMON.CHOATE@sakilacustomer.org          |        499 |      1 | 2006-02-14 22:04:37 | 2006-02-15 04:57:20 |
|         495 |        2 | CHARLIE     | BESS         | CHARLIE.BESS@sakilacustomer.org          |        500 |      1 | 2006-02-14 22:04:37 | 2006-02-15 04:57:20 |
|         496 |        2 | TYLER       | WREN         | TYLER.WREN@sakilacustomer.org            |        501 |      1 | 2006-02-14 22:04:37 | 2006-02-15 04:57:20 |
|         497 |        2 | GILBERT     | SLEDGE       | GILBERT.SLEDGE@sakilacustomer.org        |        502 |      1 | 2006-02-14 22:04:37 | 2006-02-15 04:57:20 |
|         498 |        1 | GENE        | SANBORN      | GENE.SANBORN@sakilacustomer.org          |        503 |      1 | 2006-02-14 22:04:37 | 2006-02-15 04:57:20 |
|         499 |        2 | MARC        | OUTLAW       | MARC.OUTLAW@sakilacustomer.org           |        504 |      1 | 2006-02-14 22:04:37 | 2006-02-15 04:57:20 |
|         500 |        1 | REGINALD    | KINDER       | REGINALD.KINDER@sakilacustomer.org       |        505 |      1 | 2006-02-14 22:04:37 | 2006-02-15 04:57:20 |
|         501 |        1 | RUBEN       | GEARY        | RUBEN.GEARY@sakilacustomer.org           |        506 |      1 | 2006-02-14 22:04:37 | 2006-02-15 04:57:20 |
|         502 |        1 | BRETT       | CORNWELL     | BRETT.CORNWELL@sakilacustomer.org        |        507 |      1 | 2006-02-14 22:04:37 | 2006-02-15 04:57:20 |
|         503 |        1 | ANGEL       | BARCLAY      | ANGEL.BARCLAY@sakilacustomer.org         |        508 |      1 | 2006-02-14 22:04:37 | 2006-02-15 04:57:20 |
|         504 |        1 | NATHANIEL   | ADAM         | NATHANIEL.ADAM@sakilacustomer.org        |        509 |      1 | 2006-02-14 22:04:37 | 2006-02-15 04:57:20 |
|         505 |        1 | RAFAEL      | ABNEY        | RAFAEL.ABNEY@sakilacustomer.org          |        510 |      1 | 2006-02-14 22:04:37 | 2006-02-15 04:57:20 |
|         506 |        2 | LESLIE      | SEWARD       | LESLIE.SEWARD@sakilacustomer.org         |        511 |      1 | 2006-02-14 22:04:37 | 2006-02-15 04:57:20 |
|         507 |        2 | EDGAR       | RHOADS       | EDGAR.RHOADS@sakilacustomer.org          |        512 |      1 | 2006-02-14 22:04:37 | 2006-02-15 04:57:20 |
|         508 |        2 | MILTON      | HOWLAND      | MILTON.HOWLAND@sakilacustomer.org        |        513 |      1 | 2006-02-14 22:04:37 | 2006-02-15 04:57:20 |
|         509 |        1 | RAUL        | FORTIER      | RAUL.FORTIER@sakilacustomer.org          |        514 |      1 | 2006-02-14 22:04:37 | 2006-02-15 04:57:20 |
|         510 |        2 | BEN         | EASTER       | BEN.EASTER@sakilacustomer.org            |        515 |      0 | 2006-02-14 22:04:37 | 2006-02-15 04:57:20 |
|         511 |        1 | CHESTER     | BENNER       | CHESTER.BENNER@sakilacustomer.org        |        516 |      1 | 2006-02-14 22:04:37 | 2006-02-15 04:57:20 |
|         512 |        1 | CECIL       | VINES        | CECIL.VINES@sakilacustomer.org           |        517 |      1 | 2006-02-14 22:04:37 | 2006-02-15 04:57:20 |
|         513 |        2 | DUANE       | TUBBS        | DUANE.TUBBS@sakilacustomer.org           |        519 |      1 | 2006-02-14 22:04:37 | 2006-02-15 04:57:20 |
|         514 |        2 | FRANKLIN    | TROUTMAN     | FRANKLIN.TROUTMAN@sakilacustomer.org     |        520 |      1 | 2006-02-14 22:04:37 | 2006-02-15 04:57:20 |
|         515 |        1 | ANDRE       | RAPP         | ANDRE.RAPP@sakilacustomer.org            |        521 |      1 | 2006-02-14 22:04:37 | 2006-02-15 04:57:20 |
|         516 |        2 | ELMER       | NOE          | ELMER.NOE@sakilacustomer.org             |        522 |      1 | 2006-02-14 22:04:37 | 2006-02-15 04:57:20 |
|         517 |        2 | BRAD        | MCCURDY      | BRAD.MCCURDY@sakilacustomer.org          |        523 |      1 | 2006-02-14 22:04:37 | 2006-02-15 04:57:20 |
|         518 |        1 | GABRIEL     | HARDER       | GABRIEL.HARDER@sakilacustomer.org        |        524 |      1 | 2006-02-14 22:04:37 | 2006-02-15 04:57:20 |
|         519 |        2 | RON         | DELUCA       | RON.DELUCA@sakilacustomer.org            |        525 |      1 | 2006-02-14 22:04:37 | 2006-02-15 04:57:20 |
|         520 |        2 | MITCHELL    | WESTMORELAND | MITCHELL.WESTMORELAND@sakilacustomer.org |        526 |      1 | 2006-02-14 22:04:37 | 2006-02-15 04:57:20 |
|         521 |        2 | ROLAND      | SOUTH        | ROLAND.SOUTH@sakilacustomer.org          |        527 |      1 | 2006-02-14 22:04:37 | 2006-02-15 04:57:20 |
|         522 |        2 | ARNOLD      | HAVENS       | ARNOLD.HAVENS@sakilacustomer.org         |        528 |      1 | 2006-02-14 22:04:37 | 2006-02-15 04:57:20 |
|         523 |        1 | HARVEY      | GUAJARDO     | HARVEY.GUAJARDO@sakilacustomer.org       |        529 |      1 | 2006-02-14 22:04:37 | 2006-02-15 04:57:20 |
|         524 |        1 | JARED       | ELY          | JARED.ELY@sakilacustomer.org             |        530 |      1 | 2006-02-14 22:04:37 | 2006-02-15 04:57:20 |
|         525 |        2 | ADRIAN      | CLARY        | ADRIAN.CLARY@sakilacustomer.org          |        531 |      1 | 2006-02-14 22:04:37 | 2006-02-15 04:57:20 |
|         526 |        2 | KARL        | SEAL         | KARL.SEAL@sakilacustomer.org             |        532 |      1 | 2006-02-14 22:04:37 | 2006-02-15 04:57:20 |
|         527 |        1 | CORY        | MEEHAN       | CORY.MEEHAN@sakilacustomer.org           |        533 |      1 | 2006-02-14 22:04:37 | 2006-02-15 04:57:20 |
|         528 |        1 | CLAUDE      | HERZOG       | CLAUDE.HERZOG@sakilacustomer.org         |        534 |      1 | 2006-02-14 22:04:37 | 2006-02-15 04:57:20 |
|         529 |        2 | ERIK        | GUILLEN      | ERIK.GUILLEN@sakilacustomer.org          |        535 |      1 | 2006-02-14 22:04:37 | 2006-02-15 04:57:20 |
|         530 |        2 | DARRYL      | ASHCRAFT     | DARRYL.ASHCRAFT@sakilacustomer.org       |        536 |      1 | 2006-02-14 22:04:37 | 2006-02-15 04:57:20 |
|         531 |        2 | JAMIE       | WAUGH        | JAMIE.WAUGH@sakilacustomer.org           |        537 |      1 | 2006-02-14 22:04:37 | 2006-02-15 04:57:20 |
|         532 |        2 | NEIL        | RENNER       | NEIL.RENNER@sakilacustomer.org           |        538 |      1 | 2006-02-14 22:04:37 | 2006-02-15 04:57:20 |
|         533 |        1 | JESSIE      | MILAM        | JESSIE.MILAM@sakilacustomer.org          |        539 |      1 | 2006-02-14 22:04:37 | 2006-02-15 04:57:20 |
|         534 |        1 | CHRISTIAN   | JUNG         | CHRISTIAN.JUNG@sakilacustomer.org        |        540 |      0 | 2006-02-14 22:04:37 | 2006-02-15 04:57:20 |
|         535 |        1 | JAVIER      | ELROD        | JAVIER.ELROD@sakilacustomer.org          |        541 |      1 | 2006-02-14 22:04:37 | 2006-02-15 04:57:20 |
|         536 |        2 | FERNANDO    | CHURCHILL    | FERNANDO.CHURCHILL@sakilacustomer.org    |        542 |      1 | 2006-02-14 22:04:37 | 2006-02-15 04:57:20 |
|         537 |        2 | CLINTON     | BUFORD       | CLINTON.BUFORD@sakilacustomer.org        |        543 |      1 | 2006-02-14 22:04:37 | 2006-02-15 04:57:20 |
|         538 |        2 | TED         | BREAUX       | TED.BREAUX@sakilacustomer.org            |        544 |      1 | 2006-02-14 22:04:37 | 2006-02-15 04:57:20 |
|         539 |        1 | MATHEW      | BOLIN        | MATHEW.BOLIN@sakilacustomer.org          |        545 |      1 | 2006-02-14 22:04:37 | 2006-02-15 04:57:20 |
|         540 |        1 | TYRONE      | ASHER        | TYRONE.ASHER@sakilacustomer.org          |        546 |      1 | 2006-02-14 22:04:37 | 2006-02-15 04:57:20 |
|         541 |        2 | DARREN      | WINDHAM      | DARREN.WINDHAM@sakilacustomer.org        |        547 |      1 | 2006-02-14 22:04:37 | 2006-02-15 04:57:20 |
|         542 |        2 | LONNIE      | TIRADO       | LONNIE.TIRADO@sakilacustomer.org         |        548 |      1 | 2006-02-14 22:04:37 | 2006-02-15 04:57:20 |
|         543 |        1 | LANCE       | PEMBERTON    | LANCE.PEMBERTON@sakilacustomer.org       |        549 |      1 | 2006-02-14 22:04:37 | 2006-02-15 04:57:20 |
|         544 |        2 | CODY        | NOLEN        | CODY.NOLEN@sakilacustomer.org            |        550 |      1 | 2006-02-14 22:04:37 | 2006-02-15 04:57:20 |
|         545 |        2 | JULIO       | NOLAND       | JULIO.NOLAND@sakilacustomer.org          |        551 |      1 | 2006-02-14 22:04:37 | 2006-02-15 04:57:20 |
|         546 |        1 | KELLY       | KNOTT        | KELLY.KNOTT@sakilacustomer.org           |        552 |      1 | 2006-02-14 22:04:37 | 2006-02-15 04:57:20 |
|         547 |        1 | KURT        | EMMONS       | KURT.EMMONS@sakilacustomer.org           |        553 |      1 | 2006-02-14 22:04:37 | 2006-02-15 04:57:20 |
|         548 |        1 | ALLAN       | CORNISH      | ALLAN.CORNISH@sakilacustomer.org         |        554 |      1 | 2006-02-14 22:04:37 | 2006-02-15 04:57:20 |
|         549 |        1 | NELSON      | CHRISTENSON  | NELSON.CHRISTENSON@sakilacustomer.org    |        555 |      1 | 2006-02-14 22:04:37 | 2006-02-15 04:57:20 |
|         550 |        2 | GUY         | BROWNLEE     | GUY.BROWNLEE@sakilacustomer.org          |        556 |      1 | 2006-02-14 22:04:37 | 2006-02-15 04:57:20 |
|         551 |        2 | CLAYTON     | BARBEE       | CLAYTON.BARBEE@sakilacustomer.org        |        557 |      1 | 2006-02-14 22:04:37 | 2006-02-15 04:57:20 |
|         552 |        2 | HUGH        | WALDROP      | HUGH.WALDROP@sakilacustomer.org          |        558 |      1 | 2006-02-14 22:04:37 | 2006-02-15 04:57:20 |
|         553 |        1 | MAX         | PITT         | MAX.PITT@sakilacustomer.org              |        559 |      1 | 2006-02-14 22:04:37 | 2006-02-15 04:57:20 |
|         554 |        1 | DWAYNE      | OLVERA       | DWAYNE.OLVERA@sakilacustomer.org         |        560 |      1 | 2006-02-14 22:04:37 | 2006-02-15 04:57:20 |
|         555 |        1 | DWIGHT      | LOMBARDI     | DWIGHT.LOMBARDI@sakilacustomer.org       |        561 |      1 | 2006-02-14 22:04:37 | 2006-02-15 04:57:20 |
|         556 |        2 | ARMANDO     | GRUBER       | ARMANDO.GRUBER@sakilacustomer.org        |        562 |      1 | 2006-02-14 22:04:37 | 2006-02-15 04:57:20 |
|         557 |        1 | FELIX       | GAFFNEY      | FELIX.GAFFNEY@sakilacustomer.org         |        563 |      1 | 2006-02-14 22:04:37 | 2006-02-15 04:57:20 |
|         558 |        1 | JIMMIE      | EGGLESTON    | JIMMIE.EGGLESTON@sakilacustomer.org      |        564 |      0 | 2006-02-14 22:04:37 | 2006-02-15 04:57:20 |
|         559 |        2 | EVERETT     | BANDA        | EVERETT.BANDA@sakilacustomer.org         |        565 |      1 | 2006-02-14 22:04:37 | 2006-02-15 04:57:20 |
|         560 |        1 | JORDAN      | ARCHULETA    | JORDAN.ARCHULETA@sakilacustomer.org      |        566 |      1 | 2006-02-14 22:04:37 | 2006-02-15 04:57:20 |
|         561 |        2 | IAN         | STILL        | IAN.STILL@sakilacustomer.org             |        567 |      1 | 2006-02-14 22:04:37 | 2006-02-15 04:57:20 |
|         562 |        1 | WALLACE     | SLONE        | WALLACE.SLONE@sakilacustomer.org         |        568 |      1 | 2006-02-14 22:04:37 | 2006-02-15 04:57:20 |
|         563 |        2 | KEN         | PREWITT      | KEN.PREWITT@sakilacustomer.org           |        569 |      1 | 2006-02-14 22:04:37 | 2006-02-15 04:57:20 |
|         564 |        2 | BOB         | PFEIFFER     | BOB.PFEIFFER@sakilacustomer.org          |        570 |      1 | 2006-02-14 22:04:37 | 2006-02-15 04:57:20 |
|         565 |        2 | JAIME       | NETTLES      | JAIME.NETTLES@sakilacustomer.org         |        571 |      1 | 2006-02-14 22:04:37 | 2006-02-15 04:57:20 |
|         566 |        1 | CASEY       | MENA         | CASEY.MENA@sakilacustomer.org            |        572 |      1 | 2006-02-14 22:04:37 | 2006-02-15 04:57:20 |
|         567 |        2 | ALFREDO     | MCADAMS      | ALFREDO.MCADAMS@sakilacustomer.org       |        573 |      1 | 2006-02-14 22:04:37 | 2006-02-15 04:57:20 |
|         568 |        2 | ALBERTO     | HENNING      | ALBERTO.HENNING@sakilacustomer.org       |        574 |      1 | 2006-02-14 22:04:37 | 2006-02-15 04:57:20 |
|         569 |        2 | DAVE        | GARDINER     | DAVE.GARDINER@sakilacustomer.org         |        575 |      1 | 2006-02-14 22:04:37 | 2006-02-15 04:57:20 |
|         570 |        2 | IVAN        | CROMWELL     | IVAN.CROMWELL@sakilacustomer.org         |        576 |      1 | 2006-02-14 22:04:37 | 2006-02-15 04:57:20 |
|         571 |        2 | JOHNNIE     | CHISHOLM     | JOHNNIE.CHISHOLM@sakilacustomer.org      |        577 |      1 | 2006-02-14 22:04:37 | 2006-02-15 04:57:20 |
|         572 |        1 | SIDNEY      | BURLESON     | SIDNEY.BURLESON@sakilacustomer.org       |        578 |      1 | 2006-02-14 22:04:37 | 2006-02-15 04:57:20 |
|         573 |        1 | BYRON       | BOX          | BYRON.BOX@sakilacustomer.org             |        579 |      1 | 2006-02-14 22:04:37 | 2006-02-15 04:57:20 |
|         574 |        2 | JULIAN      | VEST         | JULIAN.VEST@sakilacustomer.org           |        580 |      1 | 2006-02-14 22:04:37 | 2006-02-15 04:57:20 |
|         575 |        2 | ISAAC       | OGLESBY      | ISAAC.OGLESBY@sakilacustomer.org         |        581 |      1 | 2006-02-14 22:04:37 | 2006-02-15 04:57:20 |
|         576 |        2 | MORRIS      | MCCARTER     | MORRIS.MCCARTER@sakilacustomer.org       |        582 |      1 | 2006-02-14 22:04:37 | 2006-02-15 04:57:20 |
|         577 |        2 | CLIFTON     | MALCOLM      | CLIFTON.MALCOLM@sakilacustomer.org       |        583 |      1 | 2006-02-14 22:04:37 | 2006-02-15 04:57:20 |
|         578 |        2 | WILLARD     | LUMPKIN      | WILLARD.LUMPKIN@sakilacustomer.org       |        584 |      1 | 2006-02-14 22:04:37 | 2006-02-15 04:57:20 |
|         579 |        2 | DARYL       | LARUE        | DARYL.LARUE@sakilacustomer.org           |        585 |      1 | 2006-02-14 22:04:37 | 2006-02-15 04:57:20 |
|         580 |        1 | ROSS        | GREY         | ROSS.GREY@sakilacustomer.org             |        586 |      1 | 2006-02-14 22:04:37 | 2006-02-15 04:57:20 |
|         581 |        1 | VIRGIL      | WOFFORD      | VIRGIL.WOFFORD@sakilacustomer.org        |        587 |      1 | 2006-02-14 22:04:37 | 2006-02-15 04:57:20 |
|         582 |        2 | ANDY        | VANHORN      | ANDY.VANHORN@sakilacustomer.org          |        588 |      1 | 2006-02-14 22:04:37 | 2006-02-15 04:57:20 |
|         583 |        1 | MARSHALL    | THORN        | MARSHALL.THORN@sakilacustomer.org        |        589 |      1 | 2006-02-14 22:04:37 | 2006-02-15 04:57:20 |
|         584 |        2 | SALVADOR    | TEEL         | SALVADOR.TEEL@sakilacustomer.org         |        590 |      1 | 2006-02-14 22:04:37 | 2006-02-15 04:57:20 |
|         585 |        1 | PERRY       | SWAFFORD     | PERRY.SWAFFORD@sakilacustomer.org        |        591 |      1 | 2006-02-14 22:04:37 | 2006-02-15 04:57:20 |
|         586 |        1 | KIRK        | STCLAIR      | KIRK.STCLAIR@sakilacustomer.org          |        592 |      1 | 2006-02-14 22:04:37 | 2006-02-15 04:57:20 |
|         587 |        1 | SERGIO      | STANFIELD    | SERGIO.STANFIELD@sakilacustomer.org      |        593 |      1 | 2006-02-14 22:04:37 | 2006-02-15 04:57:20 |
|         588 |        1 | MARION      | OCAMPO       | MARION.OCAMPO@sakilacustomer.org         |        594 |      1 | 2006-02-14 22:04:37 | 2006-02-15 04:57:20 |
|         589 |        1 | TRACY       | HERRMANN     | TRACY.HERRMANN@sakilacustomer.org        |        595 |      1 | 2006-02-14 22:04:37 | 2006-02-15 04:57:20 |
|         590 |        2 | SETH        | HANNON       | SETH.HANNON@sakilacustomer.org           |        596 |      1 | 2006-02-14 22:04:37 | 2006-02-15 04:57:20 |
|         591 |        1 | KENT        | ARSENAULT    | KENT.ARSENAULT@sakilacustomer.org        |        597 |      1 | 2006-02-14 22:04:37 | 2006-02-15 04:57:20 |
|         592 |        1 | TERRANCE    | ROUSH        | TERRANCE.ROUSH@sakilacustomer.org        |        598 |      0 | 2006-02-14 22:04:37 | 2006-02-15 04:57:20 |
|         593 |        2 | RENE        | MCALISTER    | RENE.MCALISTER@sakilacustomer.org        |        599 |      1 | 2006-02-14 22:04:37 | 2006-02-15 04:57:20 |
|         594 |        1 | EDUARDO     | HIATT        | EDUARDO.HIATT@sakilacustomer.org         |        600 |      1 | 2006-02-14 22:04:37 | 2006-02-15 04:57:20 |
|         595 |        1 | TERRENCE    | GUNDERSON    | TERRENCE.GUNDERSON@sakilacustomer.org    |        601 |      1 | 2006-02-14 22:04:37 | 2006-02-15 04:57:20 |
|         596 |        1 | ENRIQUE     | FORSYTHE     | ENRIQUE.FORSYTHE@sakilacustomer.org      |        602 |      1 | 2006-02-14 22:04:37 | 2006-02-15 04:57:20 |
|         597 |        1 | FREDDIE     | DUGGAN       | FREDDIE.DUGGAN@sakilacustomer.org        |        603 |      1 | 2006-02-14 22:04:37 | 2006-02-15 04:57:20 |
|         598 |        1 | WADE        | DELVALLE     | WADE.DELVALLE@sakilacustomer.org         |        604 |      1 | 2006-02-14 22:04:37 | 2006-02-15 04:57:20 |
|         599 |        2 | AUSTIN      | CINTRON      | AUSTIN.CINTRON@sakilacustomer.org        |        605 |      1 | 2006-02-14 22:04:37 | 2006-02-15 04:57:20 |
+-------------+----------+-------------+--------------+------------------------------------------+------------+--------+---------------------+---------------------+
599 rows in set (0.0093 sec)
 MySQL  localhost:3306 ssl  sakila  SQL > desc clients;
ERROR: 1146 (42S02): Table 'sakila.clients' doesn't exist
 MySQL  localhost:3306 ssl  sakila  SQL > desc client;
ERROR: 1146 (42S02): Table 'sakila.client' doesn't exist
 MySQL  localhost:3306 ssl  sakila  SQL > desc customer;
+-------------+-------------------+------+-----+-------------------+-----------------------------------------------+
| Field       | Type              | Null | Key | Default           | Extra                                         |
+-------------+-------------------+------+-----+-------------------+-----------------------------------------------+
| customer_id | smallint unsigned | NO   | PRI | NULL              | auto_increment                                |
| store_id    | tinyint unsigned  | NO   | MUL | NULL              |                                               |
| first_name  | varchar(45)       | NO   |     | NULL              |                                               |
| last_name   | varchar(45)       | NO   | MUL | NULL              |                                               |
| email       | varchar(50)       | YES  |     | NULL              |                                               |
| address_id  | smallint unsigned | NO   | MUL | NULL              |                                               |
| active      | tinyint(1)        | NO   |     | 1                 |                                               |
| create_date | datetime          | NO   |     | NULL              |                                               |
| last_update | timestamp         | YES  |     | CURRENT_TIMESTAMP | DEFAULT_GENERATED on update CURRENT_TIMESTAMP |
+-------------+-------------------+------+-----+-------------------+-----------------------------------------------+
9 rows in set (0.0105 sec)
 MySQL  localhost:3306 ssl  sakila  SQL > desc payment;
+--------------+-------------------+------+-----+-------------------+-----------------------------------------------+
| Field        | Type              | Null | Key | Default           | Extra                                         |
+--------------+-------------------+------+-----+-------------------+-----------------------------------------------+
| payment_id   | smallint unsigned | NO   | PRI | NULL              | auto_increment                                |
| customer_id  | smallint unsigned | NO   | MUL | NULL              |                                               |
| staff_id     | tinyint unsigned  | NO   | MUL | NULL              |                                               |
| rental_id    | int               | YES  | MUL | NULL              |                                               |
| amount       | decimal(5,2)      | NO   |     | NULL              |                                               |
| payment_date | datetime          | NO   |     | NULL              |                                               |
| last_update  | timestamp         | YES  |     | CURRENT_TIMESTAMP | DEFAULT_GENERATED on update CURRENT_TIMESTAMP |
+--------------+-------------------+------+-----+-------------------+-----------------------------------------------+
7 rows in set (0.0038 sec)
 MySQL  localhost:3306 ssl  sakila  SQL > select a.last_name, a.first_name, sum(b.amount)
                                       -> from customer a
                                       -> left join payment b
                                       -> on a.customer_id = b.customer_id
                                       -> where b.amount is null;
ERROR: 1140 (42000): In aggregated query without GROUP BY, expression #1 of SELECT list contains nonaggregated column 'sakila.a.last_name'; this is incompatible with sql_mode=only_full_group_by
 MySQL  localhost:3306 ssl  sakila  SQL > select a.last_name, a.first_name, b.amount from customer a left join payment b on a.customer_id = b.customer_id where b.amount is null;
Empty set (0.0477 sec)
 MySQL  localhost:3306 ssl  sakila  SQL > 

