EVA2_4_UPDATE_SELECT

MySQL Shell 8.0.41

Copyright (c) 2016, 2025, Oracle and/or its affiliates.
Oracle is a registered trademark of Oracle Corporation and/or its affiliates.
Other names may be trademarks of their respective owners.

Type '\help' or '\?' for help; '\quit' to exit.
 MySQL  JS > \sql
Switching to SQL mode... Commands end with ;
 MySQL  SQL > \c --mc root@localhost
Creating a Classic session to 'root@localhost'
Fetching global names for auto-completion... Press ^C to stop.
Your MySQL connection id is 12
Server version: 8.0.41 MySQL Community Server - GPL
No default schema selected; type \use <schema> to set one.
 MySQL  localhost:3306 ssl  SQL > use tbd_eva2
Default schema set to `tbd_eva2`.
Fetching global names, object names from `tbd_eva2` for auto-completion... Press ^C to stop.
 MySQL  localhost:3306 ssl  tbd_eva2  SQL > use tbd_eva2;
Default schema set to `tbd_eva2`.
Fetching global names, object names from `tbd_eva2` for auto-completion... Press ^C to stop.
 MySQL  localhost:3306 ssl  tbd_eva2  SQL > show tables;
+--------------------+
| Tables_in_tbd_eva2 |
+--------------------+
| banco              |
| cliente            |
| direccioncliente   |
| producto           |
| tarjeta            |
| tarjetacliente     |
| venta              |
| venta_detalle      |
+--------------------+
8 rows in set (0.0057 sec)
 MySQL  localhost:3306 ssl  tbd_eva2  SQL > desc venta;
+-------------+------+------+-----+---------+----------------+
| Field       | Type | Null | Key | Default | Extra          |
+-------------+------+------+-----+---------+----------------+
| ventaid     | int  | NO   | PRI | NULL    | auto_increment |
| fecha_venta | date | YES  |     | NULL    |                |
| clienteid   | int  | NO   | MUL | NULL    |                |
+-------------+------+------+-----+---------+----------------+
3 rows in set (0.0053 sec)
 MySQL  localhost:3306 ssl  tbd_eva2  SQL > show create table venta;
+-------+-------------------------------------------------------------------------------------------------------------------------------------------------------------------------------------------------------------------------------------------------------------------------------------------------------------------------------------------------------------------------------------------------------------+
| Table | Create Table

                                                                                                    |
+-------+-------------------------------------------------------------------------------------------------------------------------------------------------------------------------------------------------------------------------------------------------------------------------------------------------------------------------------------------------------------------------------------------------------------+
| venta | CREATE TABLE `venta` (
  `ventaid` int NOT NULL AUTO_INCREMENT,
  `fecha_venta` date DEFAULT NULL,
  `clienteid` int NOT NULL,
  PRIMARY KEY (`ventaid`),
  KEY `clienteid` (`clienteid`),
  CONSTRAINT `venta_ibfk_1` FOREIGN KEY (`clienteid`) REFERENCES `cliente` (`ClienteID`) ON DELETE CASCADE ON UPDATE CASCADE
) ENGINE=InnoDB AUTO_INCREMENT=7 DEFAULT CHARSET=utf8mb4 COLLATE=utf8mb4_0900_ai_ci |
+-------+-------------------------------------------------------------------------------------------------------------------------------------------------------------------------------------------------------------------------------------------------------------------------------------------------------------------------------------------------------------------------------------------------------------+
1 row in set (0.0105 sec)
 MySQL  localhost:3306 ssl  tbd_eva2  SQL > show create table venta_detalle;
+---------------+--------------------------------------------------------------------------------------------------------------------------------------------------------------------------------------------------------------------------------------------------------------------------------------------------------------------------------------------------------------------------------------------------------------------------------------------------------------------------------------------------------------------------------------------------------------------------------------------------------------------------------+
| Table         | Create Table





             |
+---------------+--------------------------------------------------------------------------------------------------------------------------------------------------------------------------------------------------------------------------------------------------------------------------------------------------------------------------------------------------------------------------------------------------------------------------------------------------------------------------------------------------------------------------------------------------------------------------------------------------------------------------------+
| venta_detalle | CREATE TABLE `venta_detalle` (
  `ventadetalleid` int NOT NULL AUTO_INCREMENT,
  `ventaid` int NOT NULL,
  `productoid` int NOT NULL,
  `cantidad` int NOT NULL,
  PRIMARY KEY (`ventadetalleid`),
  KEY `ventaid` (`ventaid`),
  KEY `productoid` (`productoid`),
  CONSTRAINT `venta_detalle_ibfk_1` FOREIGN KEY (`ventaid`) REFERENCES `venta` (`ventaid`) ON DELETE CASCADE ON UPDATE CASCADE,
  CONSTRAINT `venta_detalle_ibfk_2` FOREIGN KEY (`productoid`) REFERENCES `producto` (`productoid`) ON DELETE CASCADE ON UPDATE CASCADE
) ENGINE=InnoDB AUTO_INCREMENT=9 DEFAULT CHARSET=utf8mb4 COLLATE=utf8mb4_0900_ai_ci |
+---------------+--------------------------------------------------------------------------------------------------------------------------------------------------------------------------------------------------------------------------------------------------------------------------------------------------------------------------------------------------------------------------------------------------------------------------------------------------------------------------------------------------------------------------------------------------------------------------------------------------------------------------------+
1 row in set (0.0021 sec)
 MySQL  localhost:3306 ssl  tbd_eva2  SQL > select * from venta;
+---------+-------------+-----------+
| ventaid | fecha_venta | clienteid |
+---------+-------------+-----------+
|       1 | 2025-03-06  |         1 |
|       2 | 2025-11-04  |         2 |
|       3 | 2024-10-12  |         1 |
|       4 | 2025-05-12  |         3 |
|       5 | 2025-06-22  |         1 |
+---------+-------------+-----------+
5 rows in set (0.0025 sec)
 MySQL  localhost:3306 ssl  tbd_eva2  SQL > select * from venta_detalle;
+----------------+---------+------------+----------+
| ventadetalleid | ventaid | productoid | cantidad |
+----------------+---------+------------+----------+
|              1 |       1 |          1 |       10 |
|              2 |       1 |          2 |        3 |
|              3 |       1 |          3 |        5 |
|              4 |       2 |          1 |        8 |
|              5 |       2 |          2 |        7 |
|              6 |       3 |          3 |        1 |
|              7 |       4 |          2 |        5 |
|              8 |       1 |          2 |        2 |
+----------------+---------+------------+----------+
8 rows in set (0.0020 sec)
 MySQL  localhost:3306 ssl  tbd_eva2  SQL > select * from cliente;
+-----------+--------+-----------+
| ClienteID | Nombre | Apellidos |
+-----------+--------+-----------+
|         1 | Juan   | Perez     |
|         2 | Pedro  | Paramo    |
|         3 | Arturo | Rubio     |
|         4 | Otro   | Cliente   |
+-----------+--------+-----------+
4 rows in set (0.0020 sec)
 MySQL  localhost:3306 ssl  tbd_eva2  SQL > select * from producto;
+------------+------------+----------+--------+
| productoid | nombre     | precio   | unidad |
+------------+------------+----------+--------+
|          1 | Laptop     | 32000.50 | Pieza  |
|          2 | Tablet     |  5000.45 | Pieza  |
|          3 | Escritorio | 40000.99 | Pieza  |
+------------+------------+----------+--------+
3 rows in set (0.0014 sec)
 MySQL  localhost:3306 ssl  tbd_eva2  SQL > select * from cliente
                                         -> where clienteid = 1;
+-----------+--------+-----------+
| ClienteID | Nombre | Apellidos |
+-----------+--------+-----------+
|         1 | Juan   | Perez     |
+-----------+--------+-----------+
1 row in set (0.0015 sec)
 MySQL  localhost:3306 ssl  tbd_eva2  SQL > select * from venta where clienteid = 1;
+---------+-------------+-----------+
| ventaid | fecha_venta | clienteid |
+---------+-------------+-----------+
|       1 | 2025-03-06  |         1 |
|       3 | 2024-10-12  |         1 |
|       5 | 2025-06-22  |         1 |
+---------+-------------+-----------+
3 rows in set (0.0019 sec)
 MySQL  localhost:3306 ssl  tbd_eva2  SQL > update cliente
                                         -> set clienteid = 6
                                         -> where clienteid = 1;
ERROR: 1451 (23000): Cannot delete or update a parent row: a foreign key constraint fails (`tbd_eva2`.`direccioncliente`, CONSTRAINT `direccioncliente_ibfk_1` FOREIGN KEY (`clienteid`) REFERENCES `cliente` (`ClienteID`))
 MySQL  localhost:3306 ssl  tbd_eva2  SQL > alter table direccioncliente
                                         -> drop constraint 'direccioncliente_ibfk_1';
ERROR: 1064 (42000): You have an error in your SQL syntax; check the manual that corresponds to your MySQL server version for the right syntax to use near ''direccioncliente_ibfk_1'' at line 2
 MySQL  localhost:3306 ssl  tbd_eva2  SQL > alter table direccioncliente drop constraint direccioncliente_ibfk_1;
Query OK, 0 rows affected (0.0595 sec)

Records: 0  Duplicates: 0  Warnings: 0
 MySQL  localhost:3306 ssl  tbd_eva2  SQL > show create table direccioncliente;
+------------------+------------------------------------------------------------------------------------------------------------------------------------------------------------------------------------------------------------------------------------------------------------------------------------------------------------------------------------------------------------------------------------------------------------------------------------------------------------------------------------+
| Table            | Create Table

                                                                                                                                                  |
+------------------+------------------------------------------------------------------------------------------------------------------------------------------------------------------------------------------------------------------------------------------------------------------------------------------------------------------------------------------------------------------------------------------------------------------------------------------------------------------------------------+
| direccioncliente | CREATE TABLE `direccioncliente` (
  `direccionclid` int NOT NULL AUTO_INCREMENT,
  `calle` varchar(60) NOT NULL,
  `numero` int NOT NULL,
  `colonia` varchar(70) NOT NULL,
  `cp` int NOT NULL,
  `ciudad` varchar(50) NOT NULL,
  `estado` varchar(50) NOT NULL,
  `pais` varchar(50) NOT NULL,
  `clienteid` int NOT NULL,
  PRIMARY KEY (`direccionclid`),
  KEY `clienteid` (`clienteid`)
) ENGINE=InnoDB AUTO_INCREMENT=6 DEFAULT CHARSET=utf8mb4 COLLATE=utf8mb4_0900_ai_ci |
+------------------+------------------------------------------------------------------------------------------------------------------------------------------------------------------------------------------------------------------------------------------------------------------------------------------------------------------------------------------------------------------------------------------------------------------------------------------------------------------------------------+
1 row in set (0.0019 sec)
 MySQL  localhost:3306 ssl  tbd_eva2  SQL > select * from venta where clienteid = 1;
+---------+-------------+-----------+
| ventaid | fecha_venta | clienteid |
+---------+-------------+-----------+
|       1 | 2025-03-06  |         1 |
|       3 | 2024-10-12  |         1 |
|       5 | 2025-06-22  |         1 |
+---------+-------------+-----------+
3 rows in set (0.0017 sec)
 MySQL  localhost:3306 ssl  tbd_eva2  SQL > select * from cliente where clienteid = 1;
+-----------+--------+-----------+
| ClienteID | Nombre | Apellidos |
+-----------+--------+-----------+
|         1 | Juan   | Perez     |
+-----------+--------+-----------+
1 row in set (0.0026 sec)
 MySQL  localhost:3306 ssl  tbd_eva2  SQL > update cliente set clienteid = 6 where clienteid = 1;
ERROR: 1451 (23000): Cannot delete or update a parent row: a foreign key constraint fails (`tbd_eva2`.`tarjetacliente`, CONSTRAINT `tarjetacliente_ibfk_1` FOREIGN KEY (`ClienteID`) REFERENCES `cliente` (`ClienteID`))
 MySQL  localhost:3306 ssl  tbd_eva2  SQL > alter table tarjetacliente drop constraint tarjetacliente_ibfk_1;
Query OK, 0 rows affected (0.0151 sec)

Records: 0  Duplicates: 0  Warnings: 0
 MySQL  localhost:3306 ssl  tbd_eva2  SQL > update cliente set clienteid = 6 where clienteid = 1;
Query OK, 1 row affected (0.0059 sec)

Rows matched: 1  Changed: 1  Warnings: 0
 MySQL  localhost:3306 ssl  tbd_eva2  SQL > select * from cliente;
+-----------+--------+-----------+
| ClienteID | Nombre | Apellidos |
+-----------+--------+-----------+
|         2 | Pedro  | Paramo    |
|         3 | Arturo | Rubio     |
|         4 | Otro   | Cliente   |
|         6 | Juan   | Perez     |
+-----------+--------+-----------+
4 rows in set (0.0017 sec)
 MySQL  localhost:3306 ssl  tbd_eva2  SQL > select * from venta;
+---------+-------------+-----------+
| ventaid | fecha_venta | clienteid |
+---------+-------------+-----------+
|       1 | 2025-03-06  |         6 |
|       2 | 2025-11-04  |         2 |
|       3 | 2024-10-12  |         6 |
|       4 | 2025-05-12  |         3 |
|       5 | 2025-06-22  |         6 |
+---------+-------------+-----------+
5 rows in set (0.0016 sec)
 MySQL  localhost:3306 ssl  tbd_eva2  SQL > select * from venta_detalle
                                         -> ^C
 MySQL  localhost:3306 ssl  tbd_eva2  SQL > select * from venta_detalle where ventaid = 3;
+----------------+---------+------------+----------+
| ventadetalleid | ventaid | productoid | cantidad |
+----------------+---------+------------+----------+
|              6 |       3 |          3 |        1 |
+----------------+---------+------------+----------+
1 row in set (0.0022 sec)
 MySQL  localhost:3306 ssl  tbd_eva2  SQL > delete from cliente
                                         -> where clienteid = 5;
Query OK, 0 rows affected (0.0017 sec)
 MySQL  localhost:3306 ssl  tbd_eva2  SQL > select * from cliente;
+-----------+--------+-----------+
| ClienteID | Nombre | Apellidos |
+-----------+--------+-----------+
|         2 | Pedro  | Paramo    |
|         3 | Arturo | Rubio     |
|         4 | Otro   | Cliente   |
|         6 | Juan   | Perez     |
+-----------+--------+-----------+
4 rows in set (0.0018 sec)
 MySQL  localhost:3306 ssl  tbd_eva2  SQL > delete from cliente where clienteid = 6;
Query OK, 1 row affected (0.0059 sec)
 MySQL  localhost:3306 ssl  tbd_eva2  SQL > select * from cliente;
+-----------+--------+-----------+
| ClienteID | Nombre | Apellidos |
+-----------+--------+-----------+
|         2 | Pedro  | Paramo    |
|         3 | Arturo | Rubio     |
|         4 | Otro   | Cliente   |
+-----------+--------+-----------+
3 rows in set (0.0010 sec)
 MySQL  localhost:3306 ssl  tbd_eva2  SQL > select * from venta;
+---------+-------------+-----------+
| ventaid | fecha_venta | clienteid |
+---------+-------------+-----------+
|       2 | 2025-11-04  |         2 |
|       4 | 2025-05-12  |         3 |
+---------+-------------+-----------+
2 rows in set (0.0009 sec)
 MySQL  localhost:3306 ssl  tbd_eva2  SQL > select * from venta_detalle;
+----------------+---------+------------+----------+
| ventadetalleid | ventaid | productoid | cantidad |
+----------------+---------+------------+----------+
|              4 |       2 |          1 |        8 |
|              5 |       2 |          2 |        7 |
|              7 |       4 |          2 |        5 |
+----------------+---------+------------+----------+
3 rows in set (0.0015 sec)
 MySQL  localhost:3306 ssl  tbd_eva2  SQL > show create table venta;
+-------+-------------------------------------------------------------------------------------------------------------------------------------------------------------------------------------------------------------------------------------------------------------------------------------------------------------------------------------------------------------------------------------------------------------+
| Table | Create Table

                                                                |
+-------+-------------------------------------------------------------------------------------------------------------------------------------------------------------------------------------------------------------------------------------------------------------------------------------------------------------------------------------------------------------------------------------------------------------+
| venta | CREATE TABLE `venta` (
  `ventaid` int NOT NULL AUTO_INCREMENT,
  `fecha_venta` date DEFAULT NULL,
  `clienteid` int NOT NULL,
  PRIMARY KEY (`ventaid`),
  KEY `clienteid` (`clienteid`),
  CONSTRAINT `venta_ibfk_1` FOREIGN KEY (`clienteid`) REFERENCES `cliente` (`ClienteID`) ON DELETE CASCADE ON UPDATE CASCADE
) ENGINE=InnoDB AUTO_INCREMENT=7 DEFAULT CHARSET=utf8mb4 COLLATE=utf8mb4_0900_ai_ci |
+-------+-------------------------------------------------------------------------------------------------------------------------------------------------------------------------------------------------------------------------------------------------------------------------------------------------------------------------------------------------------------------------------------------------------------+
1 row in set (0.0025 sec)
 MySQL  localhost:3306 ssl  tbd_eva2  SQL > alter table venta
                                         -> drop constraint venta_ibfk_1;
Query OK, 0 rows affected (0.0202 sec)

Records: 0  Duplicates: 0  Warnings: 0
 MySQL  localhost:3306 ssl  tbd_eva2  SQL > alter table venta
                                         -> add foreign key(clienteid)
                                         -> references cliente(clienteid)
                                         -> on delete restrict
                                         -> on update cascade;
Query OK, 2 rows affected (0.0700 sec)

Records: 2  Duplicates: 0  Warnings: 0
 MySQL  localhost:3306 ssl  tbd_eva2  SQL > show create table venta;
+-------+--------------------------------------------------------------------------------------------------------------------------------------------------------------------------------------------------------------------------------------------------------------------------------------------------------------------------------------------------------------------------------------------------------------+
| Table | Create Table

                                                                 |
+-------+--------------------------------------------------------------------------------------------------------------------------------------------------------------------------------------------------------------------------------------------------------------------------------------------------------------------------------------------------------------------------------------------------------------+
| venta | CREATE TABLE `venta` (
  `ventaid` int NOT NULL AUTO_INCREMENT,
  `fecha_venta` date DEFAULT NULL,
  `clienteid` int NOT NULL,
  PRIMARY KEY (`ventaid`),
  KEY `clienteid` (`clienteid`),
  CONSTRAINT `venta_ibfk_1` FOREIGN KEY (`clienteid`) REFERENCES `cliente` (`ClienteID`) ON DELETE RESTRICT ON UPDATE CASCADE
) ENGINE=InnoDB AUTO_INCREMENT=7 DEFAULT CHARSET=utf8mb4 COLLATE=utf8mb4_0900_ai_ci |
+-------+--------------------------------------------------------------------------------------------------------------------------------------------------------------------------------------------------------------------------------------------------------------------------------------------------------------------------------------------------------------------------------------------------------------+
1 row in set (0.0023 sec)
 MySQL  localhost:3306 ssl  tbd_eva2  SQL > select * from venta;
+---------+-------------+-----------+
| ventaid | fecha_venta | clienteid |
+---------+-------------+-----------+
|       2 | 2025-11-04  |         2 |
|       4 | 2025-05-12  |         3 |
+---------+-------------+-----------+
2 rows in set (0.0020 sec)
 MySQL  localhost:3306 ssl  tbd_eva2  SQL > select * from cliente
                                         -> where cliente id = 2;
ERROR: 1064 (42000): You have an error in your SQL syntax; check the manual that corresponds to your MySQL server version for the right syntax to use near 'id = 2' at line 2
 MySQL  localhost:3306 ssl  tbd_eva2  SQL > select * from cliente where clienteid = 2;
+-----------+--------+-----------+
| ClienteID | Nombre | Apellidos |
+-----------+--------+-----------+
|         2 | Pedro  | Paramo    |
+-----------+--------+-----------+
1 row in set (0.0035 sec)
 MySQL  localhost:3306 ssl  tbd_eva2  SQL > delete from cliente where clienteid = 2;
ERROR: 1451 (23000): Cannot delete or update a parent row: a foreign key constraint fails (`tbd_eva2`.`venta`, CONSTRAINT `venta_ibfk_1` FOREIGN KEY (`clienteid`) REFERENCES `cliente` (`ClienteID`) ON DELETE RESTRICT ON UPDATE CASCADE)
 MySQL  localhost:3306 ssl  tbd_eva2  SQL > update clinete
                                         -> set clienteid = 5
                                         -> where clienteid =2;
ERROR: 1146 (42S02): Table 'tbd_eva2.clinete' doesn't exist
 MySQL  localhost:3306 ssl  tbd_eva2  SQL > update cliente  set clienteid = 5 where clienteid =2;
Query OK, 1 row affected (0.0086 sec)

Rows matched: 1  Changed: 1  Warnings: 0
 MySQL  localhost:3306 ssl  tbd_eva2  SQL > select * from venta;
+---------+-------------+-----------+
| ventaid | fecha_venta | clienteid |
+---------+-------------+-----------+
|       2 | 2025-11-04  |         5 |
|       4 | 2025-05-12  |         3 |
+---------+-------------+-----------+
2 rows in set (0.0019 sec)
 MySQL  localhost:3306 ssl  tbd_eva2  SQL > select * from venta_detalle;
+----------------+---------+------------+----------+
| ventadetalleid | ventaid | productoid | cantidad |
+----------------+---------+------------+----------+
|              4 |       2 |          1 |        8 |
|              5 |       2 |          2 |        7 |
|              7 |       4 |          2 |        5 |
+----------------+---------+------------+----------+
3 rows in set (0.0010 sec)
 MySQL  localhost:3306 ssl  tbd_eva2  SQL > show create table venta_detalle;
+---------------+--------------------------------------------------------------------------------------------------------------------------------------------------------------------------------------------------------------------------------------------------------------------------------------------------------------------------------------------------------------------------------------------------------------------------------------------------------------------------------------------------------------------------------------------------------------------------------------------------------------------------------+
| Table         | Create Table


                                                                                                                |
+---------------+--------------------------------------------------------------------------------------------------------------------------------------------------------------------------------------------------------------------------------------------------------------------------------------------------------------------------------------------------------------------------------------------------------------------------------------------------------------------------------------------------------------------------------------------------------------------------------------------------------------------------------+
| venta_detalle | CREATE TABLE `venta_detalle` (
  `ventadetalleid` int NOT NULL AUTO_INCREMENT,
  `ventaid` int NOT NULL,
  `productoid` int NOT NULL,
  `cantidad` int NOT NULL,
  PRIMARY KEY (`ventadetalleid`),
  KEY `ventaid` (`ventaid`),
  KEY `productoid` (`productoid`),
  CONSTRAINT `venta_detalle_ibfk_1` FOREIGN KEY (`ventaid`) REFERENCES `venta` (`ventaid`) ON DELETE CASCADE ON UPDATE CASCADE,
  CONSTRAINT `venta_detalle_ibfk_2` FOREIGN KEY (`productoid`) REFERENCES `producto` (`productoid`) ON DELETE CASCADE ON UPDATE CASCADE
) ENGINE=InnoDB AUTO_INCREMENT=9 DEFAULT CHARSET=utf8mb4 COLLATE=utf8mb4_0900_ai_ci |
+---------------+--------------------------------------------------------------------------------------------------------------------------------------------------------------------------------------------------------------------------------------------------------------------------------------------------------------------------------------------------------------------------------------------------------------------------------------------------------------------------------------------------------------------------------------------------------------------------------------------------------------------------------+
1 row in set (0.0011 sec)
 MySQL  localhost:3306 ssl  tbd_eva2  SQL > select * from venta_detalle;
+----------------+---------+------------+----------+
| ventadetalleid | ventaid | productoid | cantidad |
+----------------+---------+------------+----------+
|              4 |       2 |          1 |        8 |
|              5 |       2 |          2 |        7 |
|              7 |       4 |          2 |        5 |
+----------------+---------+------------+----------+
3 rows in set (0.0009 sec)
 MySQL  localhost:3306 ssl  tbd_eva2  SQL > select * from producto;
+------------+------------+----------+--------+
| productoid | nombre     | precio   | unidad |
+------------+------------+----------+--------+
|          1 | Laptop     | 32000.50 | Pieza  |
|          2 | Tablet     |  5000.45 | Pieza  |
|          3 | Escritorio | 40000.99 | Pieza  |
+------------+------------+----------+--------+
3 rows in set (0.0007 sec)
 MySQL  localhost:3306 ssl  tbd_eva2  SQL > delete producto
                                         -> where productoid = 1;
ERROR: 1064 (42000): You have an error in your SQL syntax; check the manual that corresponds to your MySQL server version for the right syntax to use near 'where productoid = 1' at line 2
 MySQL  localhost:3306 ssl  tbd_eva2  SQL > delete from producto where productoid = 1;
Query OK, 1 row affected (0.0039 sec)
 MySQL  localhost:3306 ssl  tbd_eva2  SQL > select * from producto;
+------------+------------+----------+--------+
| productoid | nombre     | precio   | unidad |
+------------+------------+----------+--------+
|          2 | Tablet     |  5000.45 | Pieza  |
|          3 | Escritorio | 40000.99 | Pieza  |
+------------+------------+----------+--------+
2 rows in set (0.0008 sec)
 MySQL  localhost:3306 ssl  tbd_eva2  SQL > select * from venta_detalle;
+----------------+---------+------------+----------+
| ventadetalleid | ventaid | productoid | cantidad |
+----------------+---------+------------+----------+
|              5 |       2 |          2 |        7 |
|              7 |       4 |          2 |        5 |
+----------------+---------+------------+----------+
2 rows in set (0.0011 sec)
 MySQL  localhost:3306 ssl  tbd_eva2  SQL > use sakila;
Default schema set to `sakila`.
Fetching global names, object names from `sakila` for auto-completion... Press ^C to stop.
 MySQL  localhost:3306 ssl  sakila  SQL > show tables;
+----------------------------+
| Tables_in_sakila           |
+----------------------------+
| actor                      |
| actor_info                 |
| address                    |
| category                   |
| city                       |
| country                    |
| customer                   |
| customer_list              |
| film                       |
| film_actor                 |
| film_category              |
| film_list                  |
| film_text                  |
| inventory                  |
| language                   |
| nicer_but_slower_film_list |
| payment                    |
| rental                     |
| sales_by_film_category     |
| sales_by_store             |
| staff                      |
| staff_list                 |
| store                      |
+----------------------------+
23 rows in set (0.0011 sec)
 MySQL  localhost:3306 ssl  sakila  SQL > desc film;
+----------------------+---------------------------------------------------------------------+------+-----+-------------------+-----------------------------------------------+
| Field                | Type                                                                | Null | Key | Default           | Extra
   |
+----------------------+---------------------------------------------------------------------+------+-----+-------------------+-----------------------------------------------+
| film_id              | smallint unsigned                                                   | NO   | PRI | NULL              | auto_increment
   |
| title                | varchar(128)                                                        | NO   | MUL | NULL              |
   |
| description          | text                                                                | YES  |     | NULL              |
   |
| release_year         | year                                                                | YES  |     | NULL              |
   |
| language_id          | tinyint unsigned                                                    | NO   | MUL | NULL              |
   |
| original_language_id | tinyint unsigned                                                    | YES  | MUL | NULL              |
   |
| rental_duration      | tinyint unsigned                                                    | NO   |     | 3                 |
   |
| rental_rate          | decimal(4,2)                                                        | NO   |     | 4.99              |
   |
| length               | smallint unsigned                                                   | YES  |     | NULL              |
   |
| replacement_cost     | decimal(5,2)                                                        | NO   |     | 19.99             |
   |
| rating               | enum('G','PG','PG-13','R','NC-17')                                  | YES  |     | G                 |
   |
| special_features     | set('Trailers','Commentaries','Deleted Scenes','Behind the Scenes') | YES  |     | NULL              |
   |
| last_update          | timestamp                                                           | NO   |     | CURRENT_TIMESTAMP | DEFAULT_GENERATED on update CURRENT_TIMESTAMP |
+----------------------+---------------------------------------------------------------------+------+-----+-------------------+-----------------------------------------------+
13 rows in set (0.0020 sec)
 MySQL  localhost:3306 ssl  sakila  SQL > desc actor;
+-------------+-------------------+------+-----+-------------------+-----------------------------------------------+
| Field       | Type              | Null | Key | Default           | Extra                                         |
+-------------+-------------------+------+-----+-------------------+-----------------------------------------------+
| actor_id    | smallint unsigned | NO   | PRI | NULL              | auto_increment                                |
| first_name  | varchar(45)       | NO   |     | NULL              |                                               |
| last_name   | varchar(45)       | NO   | MUL | NULL              |                                               |
| last_update | timestamp         | NO   |     | CURRENT_TIMESTAMP | DEFAULT_GENERATED on update CURRENT_TIMESTAMP |
+-------------+-------------------+------+-----+-------------------+-----------------------------------------------+
4 rows in set (0.0024 sec)
 MySQL  localhost:3306 ssl  sakila  SQL > desc language;
+-------------+------------------+------+-----+-------------------+-----------------------------------------------+
| Field       | Type             | Null | Key | Default           | Extra                                         |
+-------------+------------------+------+-----+-------------------+-----------------------------------------------+
| language_id | tinyint unsigned | NO   | PRI | NULL              | auto_increment                                |
| name        | char(20)         | NO   |     | NULL              |                                               |
| last_update | timestamp        | NO   |     | CURRENT_TIMESTAMP | DEFAULT_GENERATED on update CURRENT_TIMESTAMP |
+-------------+------------------+------+-----+-------------------+-----------------------------------------------+
3 rows in set (0.0014 sec)
 MySQL  localhost:3306 ssl  sakila  SQL > desc country;
+-------------+-------------------+------+-----+-------------------+-----------------------------------------------+
| Field       | Type              | Null | Key | Default           | Extra                                         |
+-------------+-------------------+------+-----+-------------------+-----------------------------------------------+
| country_id  | smallint unsigned | NO   | PRI | NULL              | auto_increment                                |
| country     | varchar(50)       | NO   |     | NULL              |                                               |
| last_update | timestamp         | NO   |     | CURRENT_TIMESTAMP | DEFAULT_GENERATED on update CURRENT_TIMESTAMP |
+-------------+-------------------+------+-----+-------------------+-----------------------------------------------+
3 rows in set (0.0017 sec)
 MySQL  localhost:3306 ssl  sakila  SQL > desc city;
+-------------+-------------------+------+-----+-------------------+-----------------------------------------------+
| Field       | Type              | Null | Key | Default           | Extra                                         |
+-------------+-------------------+------+-----+-------------------+-----------------------------------------------+
| city_id     | smallint unsigned | NO   | PRI | NULL              | auto_increment                                |
| city        | varchar(50)       | NO   |     | NULL              |                                               |
| country_id  | smallint unsigned | NO   | MUL | NULL              |                                               |
| last_update | timestamp         | NO   |     | CURRENT_TIMESTAMP | DEFAULT_GENERATED on update CURRENT_TIMESTAMP |
+-------------+-------------------+------+-----+-------------------+-----------------------------------------------+
4 rows in set (0.0015 sec)
 MySQL  localhost:3306 ssl  sakila  SQL > select count(*) from country;
+----------+
| count(*) |
+----------+
|      109 |
+----------+
1 row in set (0.0157 sec)
 MySQL  localhost:3306 ssl  sakila  SQL > select count(*) from city;
+----------+
| count(*) |
+----------+
|      600 |
+----------+
1 row in set (0.0052 sec)
 MySQL  localhost:3306 ssl  sakila  SQL > mysqldump -u usuario -p sakila country city > sakila_tables.sql
                                       -> ;
ERROR: 1064 (42000): You have an error in your SQL syntax; check the manual that corresponds to your MySQL server version for the right syntax to use near 'mysqldump -u usuario -p sakila country city > sakila_tables.sql' at line 1
 MySQL  localhost:3306 ssl  sakila  SQL > create table tbd_eva2.country as
                                       -> select * from sakila.country;
Query OK, 109 rows affected (0.0482 sec)

Records: 109  Duplicates: 0  Warnings: 0
 MySQL  localhost:3306 ssl  sakila  SQL > show tables;
+----------------------------+
| Tables_in_sakila           |
+----------------------------+
| actor                      |
| actor_info                 |
| address                    |
| category                   |
| city                       |
| country                    |
| customer                   |
| customer_list              |
| film                       |
| film_actor                 |
| film_category              |
| film_list                  |
| film_text                  |
| inventory                  |
| language                   |
| nicer_but_slower_film_list |
| payment                    |
| rental                     |
| sales_by_film_category     |
| sales_by_store             |
| staff                      |
| staff_list                 |
| store                      |
+----------------------------+
23 rows in set (0.0036 sec)
 MySQL  localhost:3306 ssl  sakila  SQL > tbd_eva2;
ERROR: 1064 (42000): You have an error in your SQL syntax; check the manual that corresponds to your MySQL server version for the right syntax to use near 'tbd_eva2' at line 1
 MySQL  localhost:3306 ssl  sakila  SQL > use tbd_eva2;
Default schema set to `tbd_eva2`.
Fetching global names, object names from `tbd_eva2` for auto-completion... Press ^C to stop.
 MySQL  localhost:3306 ssl  tbd_eva2  SQL > show tables;
+--------------------+
| Tables_in_tbd_eva2 |
+--------------------+
| banco              |
| cliente            |
| country            |
| direccioncliente   |
| producto           |
| tarjeta            |
| tarjetacliente     |
| venta              |
| venta_detalle      |
+--------------------+
9 rows in set (0.0027 sec)
 MySQL  localhost:3306 ssl  tbd_eva2  SQL > create table tbd_eva2.city as select * from sakila.city;
Query OK, 600 rows affected (0.0393 sec)

Records: 600  Duplicates: 0  Warnings: 0
 MySQL  localhost:3306 ssl  tbd_eva2  SQL > show tables;
+--------------------+
| Tables_in_tbd_eva2 |
+--------------------+
| banco              |
| city               |
| cliente            |
| country            |
| direccioncliente   |
| producto           |
| tarjeta            |
| tarjetacliente     |
| venta              |
| venta_detalle      |
+--------------------+
10 rows in set (0.0022 sec)
 MySQL  localhost:3306 ssl  tbd_eva2  SQL > select * from city;
+---------+----------------------------+------------+---------------------+
| city_id | city                       | country_id | last_update         |
+---------+----------------------------+------------+---------------------+
|       1 | A Coruña (La Coruña)       |         87 | 2006-02-15 04:45:25 |
|       2 | Abha                       |         82 | 2006-02-15 04:45:25 |
|       3 | Abu Dhabi                  |        101 | 2006-02-15 04:45:25 |
|       4 | Acuña                      |         60 | 2006-02-15 04:45:25 |
|       5 | Adana                      |         97 | 2006-02-15 04:45:25 |
|       6 | Addis Abeba                |         31 | 2006-02-15 04:45:25 |
|       7 | Aden                       |        107 | 2006-02-15 04:45:25 |
|       8 | Adoni                      |         44 | 2006-02-15 04:45:25 |
|       9 | Ahmadnagar                 |         44 | 2006-02-15 04:45:25 |
|      10 | Akishima                   |         50 | 2006-02-15 04:45:25 |
|      11 | Akron                      |        103 | 2006-02-15 04:45:25 |
|      12 | al-Ayn                     |        101 | 2006-02-15 04:45:25 |
|      13 | al-Hawiya                  |         82 | 2006-02-15 04:45:25 |
|      14 | al-Manama                  |         11 | 2006-02-15 04:45:25 |
|      15 | al-Qadarif                 |         89 | 2006-02-15 04:45:25 |
|      16 | al-Qatif                   |         82 | 2006-02-15 04:45:25 |
|      17 | Alessandria                |         49 | 2006-02-15 04:45:25 |
|      18 | Allappuzha (Alleppey)      |         44 | 2006-02-15 04:45:25 |
|      19 | Allende                    |         60 | 2006-02-15 04:45:25 |
|      20 | Almirante Brown            |          6 | 2006-02-15 04:45:25 |
|      21 | Alvorada                   |         15 | 2006-02-15 04:45:25 |
|      22 | Ambattur                   |         44 | 2006-02-15 04:45:25 |
|      23 | Amersfoort                 |         67 | 2006-02-15 04:45:25 |
|      24 | Amroha                     |         44 | 2006-02-15 04:45:25 |
|      25 | Angra dos Reis             |         15 | 2006-02-15 04:45:25 |
|      26 | Anápolis                   |         15 | 2006-02-15 04:45:25 |
|      27 | Antofagasta                |         22 | 2006-02-15 04:45:25 |
|      28 | Aparecida de Goiânia       |         15 | 2006-02-15 04:45:25 |
|      29 | Apeldoorn                  |         67 | 2006-02-15 04:45:25 |
|      30 | Araçatuba                  |         15 | 2006-02-15 04:45:25 |
|      31 | Arak                       |         46 | 2006-02-15 04:45:25 |
|      32 | Arecibo                    |         77 | 2006-02-15 04:45:25 |
|      33 | Arlington                  |        103 | 2006-02-15 04:45:25 |
|      34 | Ashdod                     |         48 | 2006-02-15 04:45:25 |
|      35 | Ashgabat                   |         98 | 2006-02-15 04:45:25 |
|      36 | Ashqelon                   |         48 | 2006-02-15 04:45:25 |
|      37 | Asunción                   |         73 | 2006-02-15 04:45:25 |
|      38 | Athenai                    |         39 | 2006-02-15 04:45:25 |
|      39 | Atšinsk                    |         80 | 2006-02-15 04:45:25 |
|      40 | Atlixco                    |         60 | 2006-02-15 04:45:25 |
|      41 | Augusta-Richmond County    |        103 | 2006-02-15 04:45:25 |
|      42 | Aurora                     |        103 | 2006-02-15 04:45:25 |
|      43 | Avellaneda                 |          6 | 2006-02-15 04:45:25 |
|      44 | Bagé                       |         15 | 2006-02-15 04:45:25 |
|      45 | Bahía Blanca               |          6 | 2006-02-15 04:45:25 |
|      46 | Baicheng                   |         23 | 2006-02-15 04:45:25 |
|      47 | Baiyin                     |         23 | 2006-02-15 04:45:25 |
|      48 | Baku                       |         10 | 2006-02-15 04:45:25 |
|      49 | Balašiha                   |         80 | 2006-02-15 04:45:25 |
|      50 | Balikesir                  |         97 | 2006-02-15 04:45:25 |
|      51 | Balurghat                  |         44 | 2006-02-15 04:45:25 |
|      52 | Bamenda                    |         19 | 2006-02-15 04:45:25 |
|      53 | Bandar Seri Begawan        |         16 | 2006-02-15 04:45:25 |
|      54 | Banjul                     |         37 | 2006-02-15 04:45:25 |
|      55 | Barcelona                  |        104 | 2006-02-15 04:45:25 |
|      56 | Basel                      |         91 | 2006-02-15 04:45:25 |
|      57 | Bat Yam                    |         48 | 2006-02-15 04:45:25 |
|      58 | Batman                     |         97 | 2006-02-15 04:45:25 |
|      59 | Batna                      |          2 | 2006-02-15 04:45:25 |
|      60 | Battambang                 |         18 | 2006-02-15 04:45:25 |
|      61 | Baybay                     |         75 | 2006-02-15 04:45:25 |
|      62 | Bayugan                    |         75 | 2006-02-15 04:45:25 |
|      63 | Béchar                     |          2 | 2006-02-15 04:45:25 |
|      64 | Beira                      |         63 | 2006-02-15 04:45:25 |
|      65 | Bellevue                   |        103 | 2006-02-15 04:45:25 |
|      66 | Belém                      |         15 | 2006-02-15 04:45:25 |
|      67 | Benguela                   |          4 | 2006-02-15 04:45:25 |
|      68 | Beni-Mellal                |         62 | 2006-02-15 04:45:25 |
|      69 | Benin City                 |         69 | 2006-02-15 04:45:25 |
|      70 | Bergamo                    |         49 | 2006-02-15 04:45:25 |
|      71 | Berhampore (Baharampur)    |         44 | 2006-02-15 04:45:25 |
|      72 | Bern                       |         91 | 2006-02-15 04:45:25 |
|      73 | Bhavnagar                  |         44 | 2006-02-15 04:45:25 |
|      74 | Bhilwara                   |         44 | 2006-02-15 04:45:25 |
|      75 | Bhimavaram                 |         44 | 2006-02-15 04:45:25 |
|      76 | Bhopal                     |         44 | 2006-02-15 04:45:25 |
|      77 | Bhusawal                   |         44 | 2006-02-15 04:45:25 |
|      78 | Bijapur                    |         44 | 2006-02-15 04:45:25 |
|      79 | Bilbays                    |         29 | 2006-02-15 04:45:25 |
|      80 | Binzhou                    |         23 | 2006-02-15 04:45:25 |
|      81 | Birgunj                    |         66 | 2006-02-15 04:45:25 |
|      82 | Bislig                     |         75 | 2006-02-15 04:45:25 |
|      83 | Blumenau                   |         15 | 2006-02-15 04:45:25 |
|      84 | Boa Vista                  |         15 | 2006-02-15 04:45:25 |
|      85 | Boksburg                   |         85 | 2006-02-15 04:45:25 |
|      86 | Botosani                   |         78 | 2006-02-15 04:45:25 |
|      87 | Botshabelo                 |         85 | 2006-02-15 04:45:25 |
|      88 | Bradford                   |        102 | 2006-02-15 04:45:25 |
|      89 | Brasília                   |         15 | 2006-02-15 04:45:25 |
|      90 | Bratislava                 |         84 | 2006-02-15 04:45:25 |
|      91 | Brescia                    |         49 | 2006-02-15 04:45:25 |
|      92 | Brest                      |         34 | 2006-02-15 04:45:25 |
|      93 | Brindisi                   |         49 | 2006-02-15 04:45:25 |
|      94 | Brockton                   |        103 | 2006-02-15 04:45:25 |
|      95 | Bucuresti                  |         78 | 2006-02-15 04:45:25 |
|      96 | Buenaventura               |         24 | 2006-02-15 04:45:25 |
|      97 | Bydgoszcz                  |         76 | 2006-02-15 04:45:25 |
|      98 | Cabuyao                    |         75 | 2006-02-15 04:45:25 |
|      99 | Callao                     |         74 | 2006-02-15 04:45:25 |
|     100 | Cam Ranh                   |        105 | 2006-02-15 04:45:25 |
|     101 | Cape Coral                 |        103 | 2006-02-15 04:45:25 |
|     102 | Caracas                    |        104 | 2006-02-15 04:45:25 |
|     103 | Carmen                     |         60 | 2006-02-15 04:45:25 |
|     104 | Cavite                     |         75 | 2006-02-15 04:45:25 |
|     105 | Cayenne                    |         35 | 2006-02-15 04:45:25 |
|     106 | Celaya                     |         60 | 2006-02-15 04:45:25 |
|     107 | Chandrapur                 |         44 | 2006-02-15 04:45:25 |
|     108 | Changhwa                   |         92 | 2006-02-15 04:45:25 |
|     109 | Changzhou                  |         23 | 2006-02-15 04:45:25 |
|     110 | Chapra                     |         44 | 2006-02-15 04:45:25 |
|     111 | Charlotte Amalie           |        106 | 2006-02-15 04:45:25 |
|     112 | Chatsworth                 |         85 | 2006-02-15 04:45:25 |
|     113 | Cheju                      |         86 | 2006-02-15 04:45:25 |
|     114 | Chiayi                     |         92 | 2006-02-15 04:45:25 |
|     115 | Chisinau                   |         61 | 2006-02-15 04:45:25 |
|     116 | Chungho                    |         92 | 2006-02-15 04:45:25 |
|     117 | Cianjur                    |         45 | 2006-02-15 04:45:25 |
|     118 | Ciomas                     |         45 | 2006-02-15 04:45:25 |
|     119 | Ciparay                    |         45 | 2006-02-15 04:45:25 |
|     120 | Citrus Heights             |        103 | 2006-02-15 04:45:25 |
|     121 | Città del Vaticano         |         41 | 2006-02-15 04:45:25 |
|     122 | Ciudad del Este            |         73 | 2006-02-15 04:45:25 |
|     123 | Clarksville                |        103 | 2006-02-15 04:45:25 |
|     124 | Coacalco de Berriozábal    |         60 | 2006-02-15 04:45:25 |
|     125 | Coatzacoalcos              |         60 | 2006-02-15 04:45:25 |
|     126 | Compton                    |        103 | 2006-02-15 04:45:25 |
|     127 | Coquimbo                   |         22 | 2006-02-15 04:45:25 |
|     128 | Córdoba                    |          6 | 2006-02-15 04:45:25 |
|     129 | Cuauhtémoc                 |         60 | 2006-02-15 04:45:25 |
|     130 | Cuautla                    |         60 | 2006-02-15 04:45:25 |
|     131 | Cuernavaca                 |         60 | 2006-02-15 04:45:25 |
|     132 | Cumaná                     |        104 | 2006-02-15 04:45:25 |
|     133 | Czestochowa                |         76 | 2006-02-15 04:45:25 |
|     134 | Dadu                       |         72 | 2006-02-15 04:45:25 |
|     135 | Dallas                     |        103 | 2006-02-15 04:45:25 |
|     136 | Datong                     |         23 | 2006-02-15 04:45:25 |
|     137 | Daugavpils                 |         54 | 2006-02-15 04:45:25 |
|     138 | Davao                      |         75 | 2006-02-15 04:45:25 |
|     139 | Daxian                     |         23 | 2006-02-15 04:45:25 |
|     140 | Dayton                     |        103 | 2006-02-15 04:45:25 |
|     141 | Deba Habe                  |         69 | 2006-02-15 04:45:25 |
|     142 | Denizli                    |         97 | 2006-02-15 04:45:25 |
|     143 | Dhaka                      |         12 | 2006-02-15 04:45:25 |
|     144 | Dhule (Dhulia)             |         44 | 2006-02-15 04:45:25 |
|     145 | Dongying                   |         23 | 2006-02-15 04:45:25 |
|     146 | Donostia-San Sebastián     |         87 | 2006-02-15 04:45:25 |
|     147 | Dos Quebradas              |         24 | 2006-02-15 04:45:25 |
|     148 | Duisburg                   |         38 | 2006-02-15 04:45:25 |
|     149 | Dundee                     |        102 | 2006-02-15 04:45:25 |
|     150 | Dzerzinsk                  |         80 | 2006-02-15 04:45:25 |
|     151 | Ede                        |         67 | 2006-02-15 04:45:25 |
|     152 | Effon-Alaiye               |         69 | 2006-02-15 04:45:25 |
|     153 | El Alto                    |         14 | 2006-02-15 04:45:25 |
|     154 | El Fuerte                  |         60 | 2006-02-15 04:45:25 |
|     155 | El Monte                   |        103 | 2006-02-15 04:45:25 |
|     156 | Elista                     |         80 | 2006-02-15 04:45:25 |
|     157 | Emeishan                   |         23 | 2006-02-15 04:45:25 |
|     158 | Emmen                      |         67 | 2006-02-15 04:45:25 |
|     159 | Enshi                      |         23 | 2006-02-15 04:45:25 |
|     160 | Erlangen                   |         38 | 2006-02-15 04:45:25 |
|     161 | Escobar                    |          6 | 2006-02-15 04:45:25 |
|     162 | Esfahan                    |         46 | 2006-02-15 04:45:25 |
|     163 | Eskisehir                  |         97 | 2006-02-15 04:45:25 |
|     164 | Etawah                     |         44 | 2006-02-15 04:45:25 |
|     165 | Ezeiza                     |          6 | 2006-02-15 04:45:25 |
|     166 | Ezhou                      |         23 | 2006-02-15 04:45:25 |
|     167 | Faaa                       |         36 | 2006-02-15 04:45:25 |
|     168 | Fengshan                   |         92 | 2006-02-15 04:45:25 |
|     169 | Firozabad                  |         44 | 2006-02-15 04:45:25 |
|     170 | Florencia                  |         24 | 2006-02-15 04:45:25 |
|     171 | Fontana                    |        103 | 2006-02-15 04:45:25 |
|     172 | Fukuyama                   |         50 | 2006-02-15 04:45:25 |
|     173 | Funafuti                   |         99 | 2006-02-15 04:45:25 |
|     174 | Fuyu                       |         23 | 2006-02-15 04:45:25 |
|     175 | Fuzhou                     |         23 | 2006-02-15 04:45:25 |
|     176 | Gandhinagar                |         44 | 2006-02-15 04:45:25 |
|     177 | Garden Grove               |        103 | 2006-02-15 04:45:25 |
|     178 | Garland                    |        103 | 2006-02-15 04:45:25 |
|     179 | Gatineau                   |         20 | 2006-02-15 04:45:25 |
|     180 | Gaziantep                  |         97 | 2006-02-15 04:45:25 |
|     181 | Gijón                      |         87 | 2006-02-15 04:45:25 |
|     182 | Gingoog                    |         75 | 2006-02-15 04:45:25 |
|     183 | Goiânia                    |         15 | 2006-02-15 04:45:25 |
|     184 | Gorontalo                  |         45 | 2006-02-15 04:45:25 |
|     185 | Grand Prairie              |        103 | 2006-02-15 04:45:25 |
|     186 | Graz                       |          9 | 2006-02-15 04:45:25 |
|     187 | Greensboro                 |        103 | 2006-02-15 04:45:25 |
|     188 | Guadalajara                |         60 | 2006-02-15 04:45:25 |
|     189 | Guarujá                    |         15 | 2006-02-15 04:45:25 |
|     190 | Águas Lindas de Goiás      |         15 | 2006-02-15 04:45:25 |
|     191 | Gulbarga                   |         44 | 2006-02-15 04:45:25 |
|     192 | Hagonoy                    |         75 | 2006-02-15 04:45:25 |
|     193 | Haining                    |         23 | 2006-02-15 04:45:25 |
|     194 | Haiphong                   |        105 | 2006-02-15 04:45:25 |
|     195 | Haldia                     |         44 | 2006-02-15 04:45:25 |
|     196 | Halifax                    |         20 | 2006-02-15 04:45:25 |
|     197 | Halisahar                  |         44 | 2006-02-15 04:45:25 |
|     198 | Halle/Saale                |         38 | 2006-02-15 04:45:25 |
|     199 | Hami                       |         23 | 2006-02-15 04:45:25 |
|     200 | Hamilton                   |         68 | 2006-02-15 04:45:25 |
|     201 | Hanoi                      |        105 | 2006-02-15 04:45:25 |
|     202 | Hidalgo                    |         60 | 2006-02-15 04:45:25 |
|     203 | Higashiosaka               |         50 | 2006-02-15 04:45:25 |
|     204 | Hino                       |         50 | 2006-02-15 04:45:25 |
|     205 | Hiroshima                  |         50 | 2006-02-15 04:45:25 |
|     206 | Hodeida                    |        107 | 2006-02-15 04:45:25 |
|     207 | Hohhot                     |         23 | 2006-02-15 04:45:25 |
|     208 | Hoshiarpur                 |         44 | 2006-02-15 04:45:25 |
|     209 | Hsichuh                    |         92 | 2006-02-15 04:45:25 |
|     210 | Huai´an                    |         23 | 2006-02-15 04:45:25 |
|     211 | Hubli-Dharwad              |         44 | 2006-02-15 04:45:25 |
|     212 | Huejutla de Reyes          |         60 | 2006-02-15 04:45:25 |
|     213 | Huixquilucan               |         60 | 2006-02-15 04:45:25 |
|     214 | Huánuco                    |         74 | 2006-02-15 04:45:25 |
|     215 | Ibirité                    |         15 | 2006-02-15 04:45:25 |
|     216 | Idfu                       |         29 | 2006-02-15 04:45:25 |
|     217 | Ife                        |         69 | 2006-02-15 04:45:25 |
|     218 | Ikerre                     |         69 | 2006-02-15 04:45:25 |
|     219 | Iligan                     |         75 | 2006-02-15 04:45:25 |
|     220 | Ilorin                     |         69 | 2006-02-15 04:45:25 |
|     221 | Imus                       |         75 | 2006-02-15 04:45:25 |
|     222 | Inegöl                     |         97 | 2006-02-15 04:45:25 |
|     223 | Ipoh                       |         59 | 2006-02-15 04:45:25 |
|     224 | Isesaki                    |         50 | 2006-02-15 04:45:25 |
|     225 | Ivanovo                    |         80 | 2006-02-15 04:45:25 |
|     226 | Iwaki                      |         50 | 2006-02-15 04:45:25 |
|     227 | Iwakuni                    |         50 | 2006-02-15 04:45:25 |
|     228 | Iwatsuki                   |         50 | 2006-02-15 04:45:25 |
|     229 | Izumisano                  |         50 | 2006-02-15 04:45:25 |
|     230 | Jaffna                     |         88 | 2006-02-15 04:45:25 |
|     231 | Jaipur                     |         44 | 2006-02-15 04:45:25 |
|     232 | Jakarta                    |         45 | 2006-02-15 04:45:25 |
|     233 | Jalib al-Shuyukh           |         53 | 2006-02-15 04:45:25 |
|     234 | Jamalpur                   |         12 | 2006-02-15 04:45:25 |
|     235 | Jaroslavl                  |         80 | 2006-02-15 04:45:25 |
|     236 | Jastrzebie-Zdrój           |         76 | 2006-02-15 04:45:25 |
|     237 | Jedda                      |         82 | 2006-02-15 04:45:25 |
|     238 | Jelets                     |         80 | 2006-02-15 04:45:25 |
|     239 | Jhansi                     |         44 | 2006-02-15 04:45:25 |
|     240 | Jinchang                   |         23 | 2006-02-15 04:45:25 |
|     241 | Jining                     |         23 | 2006-02-15 04:45:25 |
|     242 | Jinzhou                    |         23 | 2006-02-15 04:45:25 |
|     243 | Jodhpur                    |         44 | 2006-02-15 04:45:25 |
|     244 | Johannesburg               |         85 | 2006-02-15 04:45:25 |
|     245 | Joliet                     |        103 | 2006-02-15 04:45:25 |
|     246 | José Azueta                |         60 | 2006-02-15 04:45:25 |
|     247 | Juazeiro do Norte          |         15 | 2006-02-15 04:45:25 |
|     248 | Juiz de Fora               |         15 | 2006-02-15 04:45:25 |
|     249 | Junan                      |         23 | 2006-02-15 04:45:25 |
|     250 | Juárez                     |         60 | 2006-02-15 04:45:25 |
|     251 | Kabul                      |          1 | 2006-02-15 04:45:25 |
|     252 | Kaduna                     |         69 | 2006-02-15 04:45:25 |
|     253 | Kakamigahara               |         50 | 2006-02-15 04:45:25 |
|     254 | Kaliningrad                |         80 | 2006-02-15 04:45:25 |
|     255 | Kalisz                     |         76 | 2006-02-15 04:45:25 |
|     256 | Kamakura                   |         50 | 2006-02-15 04:45:25 |
|     257 | Kamarhati                  |         44 | 2006-02-15 04:45:25 |
|     258 | Kamjanets-Podilskyi        |        100 | 2006-02-15 04:45:25 |
|     259 | Kamyšin                    |         80 | 2006-02-15 04:45:25 |
|     260 | Kanazawa                   |         50 | 2006-02-15 04:45:25 |
|     261 | Kanchrapara                |         44 | 2006-02-15 04:45:25 |
|     262 | Kansas City                |        103 | 2006-02-15 04:45:25 |
|     263 | Karnal                     |         44 | 2006-02-15 04:45:25 |
|     264 | Katihar                    |         44 | 2006-02-15 04:45:25 |
|     265 | Kermanshah                 |         46 | 2006-02-15 04:45:25 |
|     266 | Kilis                      |         97 | 2006-02-15 04:45:25 |
|     267 | Kimberley                  |         85 | 2006-02-15 04:45:25 |
|     268 | Kimchon                    |         86 | 2006-02-15 04:45:25 |
|     269 | Kingstown                  |         81 | 2006-02-15 04:45:25 |
|     270 | Kirovo-Tšepetsk            |         80 | 2006-02-15 04:45:25 |
|     271 | Kisumu                     |         52 | 2006-02-15 04:45:25 |
|     272 | Kitwe                      |        109 | 2006-02-15 04:45:25 |
|     273 | Klerksdorp                 |         85 | 2006-02-15 04:45:25 |
|     274 | Kolpino                    |         80 | 2006-02-15 04:45:25 |
|     275 | Konotop                    |        100 | 2006-02-15 04:45:25 |
|     276 | Koriyama                   |         50 | 2006-02-15 04:45:25 |
|     277 | Korla                      |         23 | 2006-02-15 04:45:25 |
|     278 | Korolev                    |         80 | 2006-02-15 04:45:25 |
|     279 | Kowloon and New Kowloon    |         42 | 2006-02-15 04:45:25 |
|     280 | Kragujevac                 |        108 | 2006-02-15 04:45:25 |
|     281 | Kütahya                    |         97 | 2006-02-15 04:45:25 |
|     282 | Kuching                    |         59 | 2006-02-15 04:45:25 |
|     283 | Kumbakonam                 |         44 | 2006-02-15 04:45:25 |
|     284 | Kurashiki                  |         50 | 2006-02-15 04:45:25 |
|     285 | Kurgan                     |         80 | 2006-02-15 04:45:25 |
|     286 | Kursk                      |         80 | 2006-02-15 04:45:25 |
|     287 | Kuwana                     |         50 | 2006-02-15 04:45:25 |
|     288 | La Paz                     |         60 | 2006-02-15 04:45:25 |
|     289 | La Plata                   |          6 | 2006-02-15 04:45:25 |
|     290 | La Romana                  |         27 | 2006-02-15 04:45:25 |
|     291 | Laiwu                      |         23 | 2006-02-15 04:45:25 |
|     292 | Lancaster                  |        103 | 2006-02-15 04:45:25 |
|     293 | Laohekou                   |         23 | 2006-02-15 04:45:25 |
|     294 | Lapu-Lapu                  |         75 | 2006-02-15 04:45:25 |
|     295 | Laredo                     |        103 | 2006-02-15 04:45:25 |
|     296 | Lausanne                   |         91 | 2006-02-15 04:45:25 |
|     297 | Le Mans                    |         34 | 2006-02-15 04:45:25 |
|     298 | Lengshuijiang              |         23 | 2006-02-15 04:45:25 |
|     299 | Leshan                     |         23 | 2006-02-15 04:45:25 |
|     300 | Lethbridge                 |         20 | 2006-02-15 04:45:25 |
|     301 | Lhokseumawe                |         45 | 2006-02-15 04:45:25 |
|     302 | Liaocheng                  |         23 | 2006-02-15 04:45:25 |
|     303 | Liepaja                    |         54 | 2006-02-15 04:45:25 |
|     304 | Lilongwe                   |         58 | 2006-02-15 04:45:25 |
|     305 | Lima                       |         74 | 2006-02-15 04:45:25 |
|     306 | Lincoln                    |        103 | 2006-02-15 04:45:25 |
|     307 | Linz                       |          9 | 2006-02-15 04:45:25 |
|     308 | Lipetsk                    |         80 | 2006-02-15 04:45:25 |
|     309 | Livorno                    |         49 | 2006-02-15 04:45:25 |
|     310 | Ljubertsy                  |         80 | 2006-02-15 04:45:25 |
|     311 | Loja                       |         28 | 2006-02-15 04:45:25 |
|     312 | London                     |        102 | 2006-02-15 04:45:25 |
|     313 | London                     |         20 | 2006-02-15 04:45:25 |
|     314 | Lublin                     |         76 | 2006-02-15 04:45:25 |
|     315 | Lubumbashi                 |         25 | 2006-02-15 04:45:25 |
|     316 | Lungtan                    |         92 | 2006-02-15 04:45:25 |
|     317 | Luziânia                   |         15 | 2006-02-15 04:45:25 |
|     318 | Madiun                     |         45 | 2006-02-15 04:45:25 |
|     319 | Mahajanga                  |         57 | 2006-02-15 04:45:25 |
|     320 | Maikop                     |         80 | 2006-02-15 04:45:25 |
|     321 | Malmö                      |         90 | 2006-02-15 04:45:25 |
|     322 | Manchester                 |        103 | 2006-02-15 04:45:25 |
|     323 | Mandaluyong                |         75 | 2006-02-15 04:45:25 |
|     324 | Mandi Bahauddin            |         72 | 2006-02-15 04:45:25 |
|     325 | Mannheim                   |         38 | 2006-02-15 04:45:25 |
|     326 | Maracaíbo                  |        104 | 2006-02-15 04:45:25 |
|     327 | Mardan                     |         72 | 2006-02-15 04:45:25 |
|     328 | Maringá                    |         15 | 2006-02-15 04:45:25 |
|     329 | Masqat                     |         71 | 2006-02-15 04:45:25 |
|     330 | Matamoros                  |         60 | 2006-02-15 04:45:25 |
|     331 | Matsue                     |         50 | 2006-02-15 04:45:25 |
|     332 | Meixian                    |         23 | 2006-02-15 04:45:25 |
|     333 | Memphis                    |        103 | 2006-02-15 04:45:25 |
|     334 | Merlo                      |          6 | 2006-02-15 04:45:25 |
|     335 | Mexicali                   |         60 | 2006-02-15 04:45:25 |
|     336 | Miraj                      |         44 | 2006-02-15 04:45:25 |
|     337 | Mit Ghamr                  |         29 | 2006-02-15 04:45:25 |
|     338 | Miyakonojo                 |         50 | 2006-02-15 04:45:25 |
|     339 | Mogiljov                   |         13 | 2006-02-15 04:45:25 |
|     340 | Molodetšno                 |         13 | 2006-02-15 04:45:25 |
|     341 | Monclova                   |         60 | 2006-02-15 04:45:25 |
|     342 | Monywa                     |         64 | 2006-02-15 04:45:25 |
|     343 | Moscow                     |         80 | 2006-02-15 04:45:25 |
|     344 | Mosul                      |         47 | 2006-02-15 04:45:25 |
|     345 | Mukatševe                  |        100 | 2006-02-15 04:45:25 |
|     346 | Munger (Monghyr)           |         44 | 2006-02-15 04:45:25 |
|     347 | Mwanza                     |         93 | 2006-02-15 04:45:25 |
|     348 | Mwene-Ditu                 |         25 | 2006-02-15 04:45:25 |
|     349 | Myingyan                   |         64 | 2006-02-15 04:45:25 |
|     350 | Mysore                     |         44 | 2006-02-15 04:45:25 |
|     351 | Naçala-Porto               |         63 | 2006-02-15 04:45:25 |
|     352 | Nabereznyje Tšelny         |         80 | 2006-02-15 04:45:25 |
|     353 | Nador                      |         62 | 2006-02-15 04:45:25 |
|     354 | Nagaon                     |         44 | 2006-02-15 04:45:25 |
|     355 | Nagareyama                 |         50 | 2006-02-15 04:45:25 |
|     356 | Najafabad                  |         46 | 2006-02-15 04:45:25 |
|     357 | Naju                       |         86 | 2006-02-15 04:45:25 |
|     358 | Nakhon Sawan               |         94 | 2006-02-15 04:45:25 |
|     359 | Nam Dinh                   |        105 | 2006-02-15 04:45:25 |
|     360 | Namibe                     |          4 | 2006-02-15 04:45:25 |
|     361 | Nantou                     |         92 | 2006-02-15 04:45:25 |
|     362 | Nanyang                    |         23 | 2006-02-15 04:45:25 |
|     363 | NDjamna                    |         21 | 2006-02-15 04:45:25 |
|     364 | Newcastle                  |         85 | 2006-02-15 04:45:25 |
|     365 | Nezahualcóyotl             |         60 | 2006-02-15 04:45:25 |
|     366 | Nha Trang                  |        105 | 2006-02-15 04:45:25 |
|     367 | Niznekamsk                 |         80 | 2006-02-15 04:45:25 |
|     368 | Novi Sad                   |        108 | 2006-02-15 04:45:25 |
|     369 | Novotšerkassk              |         80 | 2006-02-15 04:45:25 |
|     370 | Nuku´alofa                 |         95 | 2006-02-15 04:45:25 |
|     371 | Nuuk                       |         40 | 2006-02-15 04:45:25 |
|     372 | Nyeri                      |         52 | 2006-02-15 04:45:25 |
|     373 | Ocumare del Tuy            |        104 | 2006-02-15 04:45:25 |
|     374 | Ogbomosho                  |         69 | 2006-02-15 04:45:25 |
|     375 | Okara                      |         72 | 2006-02-15 04:45:25 |
|     376 | Okayama                    |         50 | 2006-02-15 04:45:25 |
|     377 | Okinawa                    |         50 | 2006-02-15 04:45:25 |
|     378 | Olomouc                    |         26 | 2006-02-15 04:45:25 |
|     379 | Omdurman                   |         89 | 2006-02-15 04:45:25 |
|     380 | Omiya                      |         50 | 2006-02-15 04:45:25 |
|     381 | Ondo                       |         69 | 2006-02-15 04:45:25 |
|     382 | Onomichi                   |         50 | 2006-02-15 04:45:25 |
|     383 | Oshawa                     |         20 | 2006-02-15 04:45:25 |
|     384 | Osmaniye                   |         97 | 2006-02-15 04:45:25 |
|     385 | Šostka                     |        100 | 2006-02-15 04:45:25 |
|     386 | Otsu                       |         50 | 2006-02-15 04:45:25 |
|     387 | Oulu                       |         33 | 2006-02-15 04:45:25 |
|     388 | Ourense (Orense)           |         87 | 2006-02-15 04:45:25 |
|     389 | Owo                        |         69 | 2006-02-15 04:45:25 |
|     390 | Oyo                        |         69 | 2006-02-15 04:45:25 |
|     391 | Ozamis                     |         75 | 2006-02-15 04:45:25 |
|     392 | Paarl                      |         85 | 2006-02-15 04:45:25 |
|     393 | Pachuca de Soto            |         60 | 2006-02-15 04:45:25 |
|     394 | Pak Kret                   |         94 | 2006-02-15 04:45:25 |
|     395 | Palghat (Palakkad)         |         44 | 2006-02-15 04:45:25 |
|     396 | Pangkal Pinang             |         45 | 2006-02-15 04:45:25 |
|     397 | Papeete                    |         36 | 2006-02-15 04:45:25 |
|     398 | Parbhani                   |         44 | 2006-02-15 04:45:25 |
|     399 | Pathankot                  |         44 | 2006-02-15 04:45:25 |
|     400 | Patiala                    |         44 | 2006-02-15 04:45:25 |
|     401 | Patras                     |         39 | 2006-02-15 04:45:25 |
|     402 | Pavlodar                   |         51 | 2006-02-15 04:45:25 |
|     403 | Pemalang                   |         45 | 2006-02-15 04:45:25 |
|     404 | Peoria                     |        103 | 2006-02-15 04:45:25 |
|     405 | Pereira                    |         24 | 2006-02-15 04:45:25 |
|     406 | Phnom Penh                 |         18 | 2006-02-15 04:45:25 |
|     407 | Pingxiang                  |         23 | 2006-02-15 04:45:25 |
|     408 | Pjatigorsk                 |         80 | 2006-02-15 04:45:25 |
|     409 | Plock                      |         76 | 2006-02-15 04:45:25 |
|     410 | Poá                        |         15 | 2006-02-15 04:45:25 |
|     411 | Ponce                      |         77 | 2006-02-15 04:45:25 |
|     412 | Pontianak                  |         45 | 2006-02-15 04:45:25 |
|     413 | Poços de Caldas            |         15 | 2006-02-15 04:45:25 |
|     414 | Portoviejo                 |         28 | 2006-02-15 04:45:25 |
|     415 | Probolinggo                |         45 | 2006-02-15 04:45:25 |
|     416 | Pudukkottai                |         44 | 2006-02-15 04:45:25 |
|     417 | Pune                       |         44 | 2006-02-15 04:45:25 |
|     418 | Purnea (Purnia)            |         44 | 2006-02-15 04:45:25 |
|     419 | Purwakarta                 |         45 | 2006-02-15 04:45:25 |
|     420 | Pyongyang                  |         70 | 2006-02-15 04:45:25 |
|     421 | Qalyub                     |         29 | 2006-02-15 04:45:25 |
|     422 | Qinhuangdao                |         23 | 2006-02-15 04:45:25 |
|     423 | Qomsheh                    |         46 | 2006-02-15 04:45:25 |
|     424 | Quilmes                    |          6 | 2006-02-15 04:45:25 |
|     425 | Rae Bareli                 |         44 | 2006-02-15 04:45:25 |
|     426 | Rajkot                     |         44 | 2006-02-15 04:45:25 |
|     427 | Rampur                     |         44 | 2006-02-15 04:45:25 |
|     428 | Rancagua                   |         22 | 2006-02-15 04:45:25 |
|     429 | Ranchi                     |         44 | 2006-02-15 04:45:25 |
|     430 | Richmond Hill              |         20 | 2006-02-15 04:45:25 |
|     431 | Rio Claro                  |         15 | 2006-02-15 04:45:25 |
|     432 | Rizhao                     |         23 | 2006-02-15 04:45:25 |
|     433 | Roanoke                    |        103 | 2006-02-15 04:45:25 |
|     434 | Ríobamba                   |         28 | 2006-02-15 04:45:25 |
|     435 | Rockford                   |        103 | 2006-02-15 04:45:25 |
|     436 | Ruse                       |         17 | 2006-02-15 04:45:25 |
|     437 | Rustenburg                 |         85 | 2006-02-15 04:45:25 |
|     438 | ´s-Hertogenbosch           |         67 | 2006-02-15 04:45:25 |
|     439 | Saarbrücken                |         38 | 2006-02-15 04:45:25 |
|     440 | Sagamihara                 |         50 | 2006-02-15 04:45:25 |
|     441 | Saint Louis                |        103 | 2006-02-15 04:45:25 |
|     442 | Saint-Denis                |         79 | 2006-02-15 04:45:25 |
|     443 | Salé                       |         62 | 2006-02-15 04:45:25 |
|     444 | Salala                     |         71 | 2006-02-15 04:45:25 |
|     445 | Salamanca                  |         60 | 2006-02-15 04:45:25 |
|     446 | Salinas                    |        103 | 2006-02-15 04:45:25 |
|     447 | Salzburg                   |          9 | 2006-02-15 04:45:25 |
|     448 | Sambhal                    |         44 | 2006-02-15 04:45:25 |
|     449 | San Bernardino             |        103 | 2006-02-15 04:45:25 |
|     450 | San Felipe de Puerto Plata |         27 | 2006-02-15 04:45:25 |
|     451 | San Felipe del Progreso    |         60 | 2006-02-15 04:45:25 |
|     452 | San Juan Bautista Tuxtepec |         60 | 2006-02-15 04:45:25 |
|     453 | San Lorenzo                |         73 | 2006-02-15 04:45:25 |
|     454 | San Miguel de Tucumán      |          6 | 2006-02-15 04:45:25 |
|     455 | Sanaa                      |        107 | 2006-02-15 04:45:25 |
|     456 | Santa Brbara dOeste        |         15 | 2006-02-15 04:45:25 |
|     457 | Santa Fé                   |          6 | 2006-02-15 04:45:25 |
|     458 | Santa Rosa                 |         75 | 2006-02-15 04:45:25 |
|     459 | Santiago de Compostela     |         87 | 2006-02-15 04:45:25 |
|     460 | Santiago de los Caballeros |         27 | 2006-02-15 04:45:25 |
|     461 | Santo André                |         15 | 2006-02-15 04:45:25 |
|     462 | Sanya                      |         23 | 2006-02-15 04:45:25 |
|     463 | Sasebo                     |         50 | 2006-02-15 04:45:25 |
|     464 | Satna                      |         44 | 2006-02-15 04:45:25 |
|     465 | Sawhaj                     |         29 | 2006-02-15 04:45:25 |
|     466 | Serpuhov                   |         80 | 2006-02-15 04:45:25 |
|     467 | Shahr-e Kord               |         46 | 2006-02-15 04:45:25 |
|     468 | Shanwei                    |         23 | 2006-02-15 04:45:25 |
|     469 | Shaoguan                   |         23 | 2006-02-15 04:45:25 |
|     470 | Sharja                     |        101 | 2006-02-15 04:45:25 |
|     471 | Shenzhen                   |         23 | 2006-02-15 04:45:25 |
|     472 | Shikarpur                  |         72 | 2006-02-15 04:45:25 |
|     473 | Shimoga                    |         44 | 2006-02-15 04:45:25 |
|     474 | Shimonoseki                |         50 | 2006-02-15 04:45:25 |
|     475 | Shivapuri                  |         44 | 2006-02-15 04:45:25 |
|     476 | Shubra al-Khayma           |         29 | 2006-02-15 04:45:25 |
|     477 | Siegen                     |         38 | 2006-02-15 04:45:25 |
|     478 | Siliguri (Shiliguri)       |         44 | 2006-02-15 04:45:25 |
|     479 | Simferopol                 |        100 | 2006-02-15 04:45:25 |
|     480 | Sincelejo                  |         24 | 2006-02-15 04:45:25 |
|     481 | Sirjan                     |         46 | 2006-02-15 04:45:25 |
|     482 | Sivas                      |         97 | 2006-02-15 04:45:25 |
|     483 | Skikda                     |          2 | 2006-02-15 04:45:25 |
|     484 | Smolensk                   |         80 | 2006-02-15 04:45:25 |
|     485 | São Bernardo do Campo      |         15 | 2006-02-15 04:45:25 |
|     486 | São Leopoldo               |         15 | 2006-02-15 04:45:25 |
|     487 | Sogamoso                   |         24 | 2006-02-15 04:45:25 |
|     488 | Sokoto                     |         69 | 2006-02-15 04:45:25 |
|     489 | Songkhla                   |         94 | 2006-02-15 04:45:25 |
|     490 | Sorocaba                   |         15 | 2006-02-15 04:45:25 |
|     491 | Soshanguve                 |         85 | 2006-02-15 04:45:25 |
|     492 | Sousse                     |         96 | 2006-02-15 04:45:25 |
|     493 | South Hill                 |          5 | 2006-02-15 04:45:25 |
|     494 | Southampton                |        102 | 2006-02-15 04:45:25 |
|     495 | Southend-on-Sea            |        102 | 2006-02-15 04:45:25 |
|     496 | Southport                  |        102 | 2006-02-15 04:45:25 |
|     497 | Springs                    |         85 | 2006-02-15 04:45:25 |
|     498 | Stara Zagora               |         17 | 2006-02-15 04:45:25 |
|     499 | Sterling Heights           |        103 | 2006-02-15 04:45:25 |
|     500 | Stockport                  |        102 | 2006-02-15 04:45:25 |
|     501 | Sucre                      |         14 | 2006-02-15 04:45:25 |
|     502 | Suihua                     |         23 | 2006-02-15 04:45:25 |
|     503 | Sullana                    |         74 | 2006-02-15 04:45:25 |
|     504 | Sultanbeyli                |         97 | 2006-02-15 04:45:25 |
|     505 | Sumqayit                   |         10 | 2006-02-15 04:45:25 |
|     506 | Sumy                       |        100 | 2006-02-15 04:45:25 |
|     507 | Sungai Petani              |         59 | 2006-02-15 04:45:25 |
|     508 | Sunnyvale                  |        103 | 2006-02-15 04:45:25 |
|     509 | Surakarta                  |         45 | 2006-02-15 04:45:25 |
|     510 | Syktyvkar                  |         80 | 2006-02-15 04:45:25 |
|     511 | Syrakusa                   |         49 | 2006-02-15 04:45:25 |
|     512 | Székesfehérvár             |         43 | 2006-02-15 04:45:25 |
|     513 | Tabora                     |         93 | 2006-02-15 04:45:25 |
|     514 | Tabriz                     |         46 | 2006-02-15 04:45:25 |
|     515 | Tabuk                      |         82 | 2006-02-15 04:45:25 |
|     516 | Tafuna                     |          3 | 2006-02-15 04:45:25 |
|     517 | Taguig                     |         75 | 2006-02-15 04:45:25 |
|     518 | Taizz                      |        107 | 2006-02-15 04:45:25 |
|     519 | Talavera                   |         75 | 2006-02-15 04:45:25 |
|     520 | Tallahassee                |        103 | 2006-02-15 04:45:25 |
|     521 | Tama                       |         50 | 2006-02-15 04:45:25 |
|     522 | Tambaram                   |         44 | 2006-02-15 04:45:25 |
|     523 | Tanauan                    |         75 | 2006-02-15 04:45:25 |
|     524 | Tandil                     |          6 | 2006-02-15 04:45:25 |
|     525 | Tangail                    |         12 | 2006-02-15 04:45:25 |
|     526 | Tanshui                    |         92 | 2006-02-15 04:45:25 |
|     527 | Tanza                      |         75 | 2006-02-15 04:45:25 |
|     528 | Tarlac                     |         75 | 2006-02-15 04:45:25 |
|     529 | Tarsus                     |         97 | 2006-02-15 04:45:25 |
|     530 | Tartu                      |         30 | 2006-02-15 04:45:25 |
|     531 | Tšeboksary                 |         80 | 2006-02-15 04:45:25 |
|     532 | Tegal                      |         45 | 2006-02-15 04:45:25 |
|     533 | Tel Aviv-Jaffa             |         48 | 2006-02-15 04:45:25 |
|     534 | Tete                       |         63 | 2006-02-15 04:45:25 |
|     535 | Tianjin                    |         23 | 2006-02-15 04:45:25 |
|     536 | Tiefa                      |         23 | 2006-02-15 04:45:25 |
|     537 | Tieli                      |         23 | 2006-02-15 04:45:25 |
|     538 | Tokat                      |         97 | 2006-02-15 04:45:25 |
|     539 | Tonghae                    |         86 | 2006-02-15 04:45:25 |
|     540 | Tongliao                   |         23 | 2006-02-15 04:45:25 |
|     541 | Torreón                    |         60 | 2006-02-15 04:45:25 |
|     542 | Touliu                     |         92 | 2006-02-15 04:45:25 |
|     543 | Toulon                     |         34 | 2006-02-15 04:45:25 |
|     544 | Toulouse                   |         34 | 2006-02-15 04:45:25 |
|     545 | Tórshavn                   |         32 | 2006-02-15 04:45:25 |
|     546 | Tsaotun                    |         92 | 2006-02-15 04:45:25 |
|     547 | Tsuyama                    |         50 | 2006-02-15 04:45:25 |
|     548 | Tuguegarao                 |         75 | 2006-02-15 04:45:25 |
|     549 | Tychy                      |         76 | 2006-02-15 04:45:25 |
|     550 | Udaipur                    |         44 | 2006-02-15 04:45:25 |
|     551 | Udine                      |         49 | 2006-02-15 04:45:25 |
|     552 | Ueda                       |         50 | 2006-02-15 04:45:25 |
|     553 | Uijongbu                   |         86 | 2006-02-15 04:45:25 |
|     554 | Uluberia                   |         44 | 2006-02-15 04:45:25 |
|     555 | Urawa                      |         50 | 2006-02-15 04:45:25 |
|     556 | Uruapan                    |         60 | 2006-02-15 04:45:25 |
|     557 | Usak                       |         97 | 2006-02-15 04:45:25 |
|     558 | Usolje-Sibirskoje          |         80 | 2006-02-15 04:45:25 |
|     559 | Uttarpara-Kotrung          |         44 | 2006-02-15 04:45:25 |
|     560 | Vaduz                      |         55 | 2006-02-15 04:45:25 |
|     561 | Valencia                   |        104 | 2006-02-15 04:45:25 |
|     562 | Valle de la Pascua         |        104 | 2006-02-15 04:45:25 |
|     563 | Valle de Santiago          |         60 | 2006-02-15 04:45:25 |
|     564 | Valparai                   |         44 | 2006-02-15 04:45:25 |
|     565 | Vancouver                  |         20 | 2006-02-15 04:45:25 |
|     566 | Varanasi (Benares)         |         44 | 2006-02-15 04:45:25 |
|     567 | Vicente López              |          6 | 2006-02-15 04:45:25 |
|     568 | Vijayawada                 |         44 | 2006-02-15 04:45:25 |
|     569 | Vila Velha                 |         15 | 2006-02-15 04:45:25 |
|     570 | Vilnius                    |         56 | 2006-02-15 04:45:25 |
|     571 | Vinh                       |        105 | 2006-02-15 04:45:25 |
|     572 | Vitória de Santo Antão     |         15 | 2006-02-15 04:45:25 |
|     573 | Warren                     |        103 | 2006-02-15 04:45:25 |
|     574 | Weifang                    |         23 | 2006-02-15 04:45:25 |
|     575 | Witten                     |         38 | 2006-02-15 04:45:25 |
|     576 | Woodridge                  |          8 | 2006-02-15 04:45:25 |
|     577 | Wroclaw                    |         76 | 2006-02-15 04:45:25 |
|     578 | Xi´angfan                  |         23 | 2006-02-15 04:45:25 |
|     579 | Xi´angtan                  |         23 | 2006-02-15 04:45:25 |
|     580 | Xintai                     |         23 | 2006-02-15 04:45:25 |
|     581 | Xinxiang                   |         23 | 2006-02-15 04:45:25 |
|     582 | Yamuna Nagar               |         44 | 2006-02-15 04:45:25 |
|     583 | Yangor                     |         65 | 2006-02-15 04:45:25 |
|     584 | Yantai                     |         23 | 2006-02-15 04:45:25 |
|     585 | Yaoundé                    |         19 | 2006-02-15 04:45:25 |
|     586 | Yerevan                    |          7 | 2006-02-15 04:45:25 |
|     587 | Yinchuan                   |         23 | 2006-02-15 04:45:25 |
|     588 | Yingkou                    |         23 | 2006-02-15 04:45:25 |
|     589 | York                       |        102 | 2006-02-15 04:45:25 |
|     590 | Yuncheng                   |         23 | 2006-02-15 04:45:25 |
|     591 | Yuzhou                     |         23 | 2006-02-15 04:45:25 |
|     592 | Zalantun                   |         23 | 2006-02-15 04:45:25 |
|     593 | Zanzibar                   |         93 | 2006-02-15 04:45:25 |
|     594 | Zaoyang                    |         23 | 2006-02-15 04:45:25 |
|     595 | Zapopan                    |         60 | 2006-02-15 04:45:25 |
|     596 | Zaria                      |         69 | 2006-02-15 04:45:25 |
|     597 | Zeleznogorsk               |         80 | 2006-02-15 04:45:25 |
|     598 | Zhezqazghan                |         51 | 2006-02-15 04:45:25 |
|     599 | Zhoushan                   |         23 | 2006-02-15 04:45:25 |
|     600 | Ziguinchor                 |         83 | 2006-02-15 04:45:25 |
+---------+----------------------------+------------+---------------------+
600 rows in set (0.0022 sec)
 MySQL  localhost:3306 ssl  tbd_eva2  SQL > select count(*) from country;
+----------+
| count(*) |
+----------+
|      109 |
+----------+
1 row in set (0.0041 sec)
 MySQL  localhost:3306 ssl  tbd_eva2  SQL > desc country;
+-------------+-------------------+------+-----+-------------------+-----------------------------------------------+
| Field       | Type              | Null | Key | Default           | Extra                                         |
+-------------+-------------------+------+-----+-------------------+-----------------------------------------------+
| country_id  | smallint unsigned | NO   |     | 0                 |                                               |
| country     | varchar(50)       | NO   |     | NULL              |                                               |
| last_update | timestamp         | NO   |     | CURRENT_TIMESTAMP | DEFAULT_GENERATED on update CURRENT_TIMESTAMP |
+-------------+-------------------+------+-----+-------------------+-----------------------------------------------+
3 rows in set (0.0035 sec)
 MySQL  localhost:3306 ssl  tbd_eva2  SQL > desc city;
+-------------+-------------------+------+-----+-------------------+-----------------------------------------------+
| Field       | Type              | Null | Key | Default           | Extra                                         |
+-------------+-------------------+------+-----+-------------------+-----------------------------------------------+
| city_id     | smallint unsigned | NO   |     | 0                 |                                               |
| city        | varchar(50)       | NO   |     | NULL              |                                               |
| country_id  | smallint unsigned | NO   |     | NULL              |                                               |
| last_update | timestamp         | NO   |     | CURRENT_TIMESTAMP | DEFAULT_GENERATED on update CURRENT_TIMESTAMP |
+-------------+-------------------+------+-----+-------------------+-----------------------------------------------+
4 rows in set (0.0031 sec)
 MySQL  localhost:3306 ssl  tbd_eva2  SQL > alter table tbd_eva2.country
                                         -> add constraint ^C
 MySQL  localhost:3306 ssl  tbd_eva2  SQL > show create table country;
+---------+-------------------------------------------------------------------------------------------------------------------------------------------------------------------------------------------------------------------------------------------------------------------------------+
| Table   | Create Table
                                                                                                                             |
+---------+-------------------------------------------------------------------------------------------------------------------------------------------------------------------------------------------------------------------------------------------------------------------------------+
| country | CREATE TABLE `country` (
  `country_id` smallint unsigned NOT NULL DEFAULT '0',
  `country` varchar(50) NOT NULL,
  `last_update` timestamp NOT NULL DEFAULT CURRENT_TIMESTAMP ON UPDATE CURRENT_TIMESTAMP
) ENGINE=InnoDB DEFAULT CHARSET=utf8mb4 COLLATE=utf8mb4_0900_ai_ci |
+---------+-------------------------------------------------------------------------------------------------------------------------------------------------------------------------------------------------------------------------------------------------------------------------------+
1 row in set (0.0017 sec)
 MySQL  localhost:3306 ssl  tbd_eva2  SQL > show create table city;
+-------+-----------------------------------------------------------------------------------------------------------------------------------------------------------------------------------------------------------------------------------------------------------------------------------------------------------------+
| Table | Create Table

|
+-------+-----------------------------------------------------------------------------------------------------------------------------------------------------------------------------------------------------------------------------------------------------------------------------------------------------------------+
| city  | CREATE TABLE `city` (
  `city_id` smallint unsigned NOT NULL DEFAULT '0',
  `city` varchar(50) NOT NULL,
  `country_id` smallint unsigned NOT NULL,
  `last_update` timestamp NOT NULL DEFAULT CURRENT_TIMESTAMP ON UPDATE CURRENT_TIMESTAMP
) ENGINE=InnoDB DEFAULT CHARSET=utf8mb4 COLLATE=utf8mb4_0900_ai_ci |
+-------+-----------------------------------------------------------------------------------------------------------------------------------------------------------------------------------------------------------------------------------------------------------------------------------------------------------------+
1 row in set (0.0017 sec)
 MySQL  localhost:3306 ssl  tbd_eva2  SQL > alter table tbd_eva2.country
                                         -> add constraints fk_city_country
                                         -> foreign key (country_id)
                                         -> references tbd_eva2.country(country_id);
ERROR: 1064 (42000): You have an error in your SQL syntax; check the manual that corresponds to your MySQL server version for the right syntax to use near 'fk_city_country
foreign key (country_id)
references tbd_eva2.country(country_id)' at line 2
 MySQL  localhost:3306 ssl  tbd_eva2  SQL > alter table tbd_eva2.city add constraints fk_city_country foreign key (country_id) references tbd_eva2.country(country_id);
ERROR: 1064 (42000): You have an error in your SQL syntax; check the manual that corresponds to your MySQL server version for the right syntax to use near 'fk_city_country foreign key (country_id) references tbd_eva2.country(country_id)' at line 1
 MySQL  localhost:3306 ssl  tbd_eva2  SQL > alter table tbd_eva2.city add constraint fk_city_country foreign key (country_id) references tbd_eva2.country(country_id);
ERROR: 1822 (HY000): Failed to add the foreign key constraint. Missing index for constraint 'fk_city_country' in the referenced table 'country'
 MySQL  localhost:3306 ssl  tbd_eva2  SQL > alter table country
                                         -> add primary key (country_id);
Query OK, 0 rows affected (0.0635 sec)

Records: 0  Duplicates: 0  Warnings: 0
 MySQL  localhost:3306 ssl  tbd_eva2  SQL > alter table tbd_eva2.city add constraint fk_city_country foreign key (country_id) references tbd_eva2.country(country_id);
Query OK, 600 rows affected (0.0910 sec)

Records: 600  Duplicates: 0  Warnings: 0
 MySQL  localhost:3306 ssl  tbd_eva2  SQL > alter table city add primary key (country_id);
ERROR: 1062 (23000): Duplicate entry '34' for key 'city.PRIMARY'
 MySQL  localhost:3306 ssl  tbd_eva2  SQL > show create table country;
+---------+-------------------------------------------------------------------------------------------------------------------------------------------------------------------------------------------------------------------------------------------------------------------------------------------------------------+
| Table   | Create Table
                                                                                                                                                           |
+---------+-------------------------------------------------------------------------------------------------------------------------------------------------------------------------------------------------------------------------------------------------------------------------------------------------------------+
| country | CREATE TABLE `country` (
  `country_id` smallint unsigned NOT NULL DEFAULT '0',
  `country` varchar(50) NOT NULL,
  `last_update` timestamp NOT NULL DEFAULT CURRENT_TIMESTAMP ON UPDATE CURRENT_TIMESTAMP,
  PRIMARY KEY (`country_id`)
) ENGINE=InnoDB DEFAULT CHARSET=utf8mb4 COLLATE=utf8mb4_0900_ai_ci |
+---------+-------------------------------------------------------------------------------------------------------------------------------------------------------------------------------------------------------------------------------------------------------------------------------------------------------------+
1 row in set (0.0018 sec)
 MySQL  localhost:3306 ssl  tbd_eva2  SQL > show create table city;
+-------+--------------------------------------------------------------------------------------------------------------------------------------------------------------------------------------------------------------------------------------------------------------------------------------------------------------------------------------------------------------------------------------------------------------------------------------------------------+
| Table | Create Table

                                                                                                                                       |
+-------+--------------------------------------------------------------------------------------------------------------------------------------------------------------------------------------------------------------------------------------------------------------------------------------------------------------------------------------------------------------------------------------------------------------------------------------------------------+
| city  | CREATE TABLE `city` (
  `city_id` smallint unsigned NOT NULL DEFAULT '0',
  `city` varchar(50) NOT NULL,
  `country_id` smallint unsigned NOT NULL,
  `last_update` timestamp NOT NULL DEFAULT CURRENT_TIMESTAMP ON UPDATE CURRENT_TIMESTAMP,
  KEY `fk_city_country` (`country_id`),
  CONSTRAINT `fk_city_country` FOREIGN KEY (`country_id`) REFERENCES `country` (`country_id`)
) ENGINE=InnoDB DEFAULT CHARSET=utf8mb4 COLLATE=utf8mb4_0900_ai_ci |
+-------+--------------------------------------------------------------------------------------------------------------------------------------------------------------------------------------------------------------------------------------------------------------------------------------------------------------------------------------------------------------------------------------------------------------------------------------------------------+
1 row in set (0.0016 sec)
 MySQL  localhost:3306 ssl  tbd_eva2  SQL > alter table tbd_eva2.city add constraint fk_city_country foreign key (country_id) references tbd_eva2.city(country_id);
ERROR: 1826 (HY000): Duplicate foreign key constraint name 'fk_city_country'
 MySQL  localhost:3306 ssl  tbd_eva2  SQL >